interactions:
- request:
    body: null
    headers:
      Cookie:
      - looker.browser=39326198
    method: GET
    uri: https://spectacles.looker.com:19999/api/3.1/session
  response:
    body:
      string: '{"workspace_id":"production","sudo_user_id":null,"can":{"view":true,"update":true}}'
    headers:
      Connection:
      - keep-alive
      Content-Length:
      - '83'
      Content-Type:
      - application/json
      Date:
      - Tue, 05 Apr 2022 13:58:40 GMT
      Strict-Transport-Security:
      - max-age=15724800; includeSubDomains
      Vary:
      - Accept-Encoding, Origin
      X-B3-ParentSpanId:
      - 8a4e278caae32505
      X-B3-Sampled:
      - '0'
      X-B3-SpanId:
      - 8a4e278caae32505
      X-B3-TraceId:
      - 624c4b10a55d57138a4e278caae32505
      X-Content-Type-Options:
      - nosniff
    status:
      code: 200
      message: OK
- request:
    body: null
    headers:
      Cookie:
      - looker.browser=39326198
    method: GET
    uri: https://spectacles.looker.com:19999/api/3.1/projects/eye_exam/git_branch
  response:
    body:
      string: '{"name":"master","remote":"origin","remote_name":"master","error":null,"message":null,"owner_name":null,"readonly":false,"personal":false,"is_local":true,"is_remote":true,"is_production":true,"ahead_count":0,"behind_count":0,"commit_at":1648823366,"ref":"b0823dad6abb07bf26e468bf91e7c6531c758e32","remote_ref":"b0823dad6abb07bf26e468bf91e7c6531c758e32","can":{}}'
    headers:
      Connection:
      - keep-alive
      Content-Length:
      - '362'
      Content-Type:
      - application/json
      Date:
      - Tue, 05 Apr 2022 13:58:40 GMT
      Strict-Transport-Security:
      - max-age=15724800; includeSubDomains
      Vary:
      - Accept-Encoding
      - Accept-Encoding, Origin
      X-B3-ParentSpanId:
      - 56e90dbebf3e62b9
      X-B3-Sampled:
      - '0'
      X-B3-SpanId:
      - 56e90dbebf3e62b9
      X-B3-TraceId:
      - 624c4b10a26ef12256e90dbebf3e62b9
      X-Content-Type-Options:
      - nosniff
    status:
      code: 200
      message: OK
- request:
    body: '{"workspace_id": "dev"}'
    headers:
      Content-Length:
      - '23'
      Content-Type:
      - application/json
      Cookie:
      - looker.browser=39326198
    method: PATCH
    uri: https://spectacles.looker.com:19999/api/3.1/session
  response:
    body:
      string: '{"workspace_id":"dev","sudo_user_id":null,"can":{"view":true,"update":true}}'
    headers:
      Connection:
      - keep-alive
      Content-Length:
      - '76'
      Content-Type:
      - application/json
      Date:
      - Tue, 05 Apr 2022 13:58:40 GMT
      Strict-Transport-Security:
      - max-age=15724800; includeSubDomains
      Vary:
      - Accept-Encoding, Origin
      X-B3-ParentSpanId:
      - bcda68b49670d4ff
      X-B3-Sampled:
      - '0'
      X-B3-SpanId:
      - bcda68b49670d4ff
      X-B3-TraceId:
      - 624c4b1062938d6dbcda68b49670d4ff
      X-Content-Type-Options:
      - nosniff
    status:
      code: 200
      message: OK
- request:
    body: '{"name": "pytest"}'
    headers:
      Content-Length:
      - '18'
      Content-Type:
      - application/json
      Cookie:
      - looker.browser=39326198
    method: PUT
    uri: https://spectacles.looker.com:19999/api/3.1/projects/eye_exam/git_branch
  response:
    body:
      string: '{"name":"pytest","remote":"origin","remote_name":"pytest","error":null,"message":null,"owner_name":null,"readonly":false,"personal":false,"is_local":true,"is_remote":true,"is_production":false,"ahead_count":0,"behind_count":0,"commit_at":1648832027,"ref":"742b118d314d2478a215aa02016c09e173deec7e","remote_ref":"742b118d314d2478a215aa02016c09e173deec7e","can":{}}'
    headers:
      Connection:
      - keep-alive
      Content-Length:
      - '363'
      Content-Type:
      - application/json
      Date:
      - Tue, 05 Apr 2022 13:58:41 GMT
      Strict-Transport-Security:
      - max-age=15724800; includeSubDomains
      Vary:
      - Accept-Encoding
      - Accept-Encoding, Origin
      X-B3-ParentSpanId:
      - b1674653b26692d8
      X-B3-Sampled:
      - '0'
      X-B3-SpanId:
      - b1674653b26692d8
      X-B3-TraceId:
      - 624c4b10db012a24b1674653b26692d8
      X-Content-Type-Options:
      - nosniff
    status:
      code: 200
      message: OK
- request:
    body: null
    headers:
      Content-Length:
      - '0'
      Cookie:
      - looker.browser=39326198
    method: POST
    uri: https://spectacles.looker.com:19999/api/3.1/projects/eye_exam/reset_to_remote
  response:
    body:
      string: ''
    headers:
      Connection:
      - keep-alive
      Date:
      - Tue, 05 Apr 2022 13:58:42 GMT
      Strict-Transport-Security:
      - max-age=15724800; includeSubDomains
      Vary:
      - Origin
      X-B3-ParentSpanId:
      - 3868470a90f151ba
      X-B3-Sampled:
      - '0'
      X-B3-SpanId:
      - 3868470a90f151ba
      X-B3-TraceId:
      - 624c4b1170a1296c3868470a90f151ba
      X-Content-Type-Options:
      - nosniff
    status:
      code: 204
      message: No Content
- request:
    body: null
    headers:
      Cookie:
      - looker.browser=39326198
    method: GET
    uri: https://spectacles.looker.com:19999/api/3.1/projects/eye_exam/manifest
  response:
    body:
      string: '{"name":"eye_exam","imports":[{"name":"welcome_to_looker","url":null,"ref":null,"is_remote":false,"can":{}}],"localization_settings":null,"can":{}}'
    headers:
      Connection:
      - keep-alive
      Content-Length:
      - '147'
      Content-Type:
      - application/json
      Date:
      - Tue, 05 Apr 2022 13:58:42 GMT
      Strict-Transport-Security:
      - max-age=15724800; includeSubDomains
      Vary:
      - Accept-Encoding, Origin
      X-B3-ParentSpanId:
      - 1d3ace27392b3a07
      X-B3-Sampled:
      - '0'
      X-B3-SpanId:
      - 1d3ace27392b3a07
      X-B3-TraceId:
      - 624c4b1257baf1751d3ace27392b3a07
      X-Content-Type-Options:
      - nosniff
    status:
      code: 200
      message: OK
- request:
    body: null
    headers:
      Cookie:
      - looker.browser=39326198
    method: GET
    uri: https://spectacles.looker.com:19999/api/3.1/session
  response:
    body:
      string: '{"workspace_id":"dev","sudo_user_id":null,"can":{"view":true,"update":true}}'
    headers:
      Connection:
      - keep-alive
      Content-Length:
      - '76'
      Content-Type:
      - application/json
      Date:
      - Tue, 05 Apr 2022 13:58:42 GMT
      Strict-Transport-Security:
      - max-age=15724800; includeSubDomains
      Vary:
      - Accept-Encoding, Origin
      X-B3-ParentSpanId:
      - 8bd3fd4f66c91bc3
      X-B3-Sampled:
      - '0'
      X-B3-SpanId:
      - 8bd3fd4f66c91bc3
      X-B3-TraceId:
      - 624c4b12660a5ea18bd3fd4f66c91bc3
      X-Content-Type-Options:
      - nosniff
    status:
      code: 200
      message: OK
- request:
    body: null
    headers:
      Cookie:
      - looker.browser=39326198
    method: GET
    uri: https://spectacles.looker.com:19999/api/3.1/projects/welcome_to_looker/git_branch
  response:
    body:
      string: '{"name":"tmp_spectacles_5e52c0302c","remote":"origin","remote_name":"tmp_spectacles_5e52c0302c","error":null,"message":null,"owner_name":null,"readonly":false,"personal":false,"is_local":true,"is_remote":false,"is_production":false,"ahead_count":null,"behind_count":null,"commit_at":1589215827,"ref":"71025770cf923f656ba2375436a1bd85ac00affc","remote_ref":null,"can":{}}'
    headers:
      Connection:
      - keep-alive
      Content-Length:
      - '370'
      Content-Type:
      - application/json
      Date:
      - Tue, 05 Apr 2022 13:58:42 GMT
      Strict-Transport-Security:
      - max-age=15724800; includeSubDomains
      Vary:
      - Accept-Encoding
      - Accept-Encoding, Origin
      X-B3-ParentSpanId:
      - d66de296686eed54
      X-B3-Sampled:
      - '0'
      X-B3-SpanId:
      - d66de296686eed54
      X-B3-TraceId:
      - 624c4b1233a633e6d66de296686eed54
      X-Content-Type-Options:
      - nosniff
    status:
      code: 200
      message: OK
- request:
    body: '{"workspace_id": "production"}'
    headers:
      Content-Length:
      - '30'
      Content-Type:
      - application/json
      Cookie:
      - looker.browser=39326198
    method: PATCH
    uri: https://spectacles.looker.com:19999/api/3.1/session
  response:
    body:
      string: '{"workspace_id":"production","sudo_user_id":null,"can":{"view":true,"update":true}}'
    headers:
      Connection:
      - keep-alive
      Content-Length:
      - '83'
      Content-Type:
      - application/json
      Date:
      - Tue, 05 Apr 2022 13:58:42 GMT
      Strict-Transport-Security:
      - max-age=15724800; includeSubDomains
      Vary:
      - Accept-Encoding, Origin
      X-B3-ParentSpanId:
      - e3a24b297338054d
      X-B3-Sampled:
      - '0'
      X-B3-SpanId:
      - e3a24b297338054d
      X-B3-TraceId:
      - 624c4b126450d41ae3a24b297338054d
      X-Content-Type-Options:
      - nosniff
    status:
      code: 200
      message: OK
- request:
    body: null
    headers:
      Cookie:
      - looker.browser=39326198
    method: GET
    uri: https://spectacles.looker.com:19999/api/3.1/session
  response:
    body:
      string: '{"workspace_id":"production","sudo_user_id":null,"can":{"view":true,"update":true}}'
    headers:
      Connection:
      - keep-alive
      Content-Length:
      - '83'
      Content-Type:
      - application/json
      Date:
      - Tue, 05 Apr 2022 13:58:42 GMT
      Strict-Transport-Security:
      - max-age=15724800; includeSubDomains
      Vary:
      - Accept-Encoding, Origin
      X-B3-ParentSpanId:
      - fb4db523a0c13259
      X-B3-Sampled:
      - '0'
      X-B3-SpanId:
      - fb4db523a0c13259
      X-B3-TraceId:
      - 624c4b121d27dbe2fb4db523a0c13259
      X-Content-Type-Options:
      - nosniff
    status:
      code: 200
      message: OK
- request:
    body: null
    headers:
      Cookie:
      - looker.browser=39326198
    method: GET
    uri: https://spectacles.looker.com:19999/api/3.1/projects/welcome_to_looker/git_branch
  response:
    body:
      string: '{"name":"master","remote":"origin","remote_name":"master","error":null,"message":null,"owner_name":null,"readonly":false,"personal":false,"is_local":true,"is_remote":true,"is_production":true,"ahead_count":0,"behind_count":0,"commit_at":1589215827,"ref":"71025770cf923f656ba2375436a1bd85ac00affc","remote_ref":"71025770cf923f656ba2375436a1bd85ac00affc","can":{}}'
    headers:
      Connection:
      - keep-alive
      Content-Length:
      - '362'
      Content-Type:
      - application/json
      Date:
      - Tue, 05 Apr 2022 13:58:42 GMT
      Strict-Transport-Security:
      - max-age=15724800; includeSubDomains
      Vary:
      - Accept-Encoding
      - Accept-Encoding, Origin
      X-B3-ParentSpanId:
      - 5107e1403b79341f
      X-B3-Sampled:
      - '0'
      X-B3-SpanId:
      - 5107e1403b79341f
      X-B3-TraceId:
      - 624c4b1202bd08d35107e1403b79341f
      X-Content-Type-Options:
      - nosniff
    status:
      code: 200
      message: OK
- request:
    body: '{"workspace_id": "dev"}'
    headers:
      Content-Length:
      - '23'
      Content-Type:
      - application/json
      Cookie:
      - looker.browser=39326198
    method: PATCH
    uri: https://spectacles.looker.com:19999/api/3.1/session
  response:
    body:
      string: '{"workspace_id":"dev","sudo_user_id":null,"can":{"view":true,"update":true}}'
    headers:
      Connection:
      - keep-alive
      Content-Length:
      - '76'
      Content-Type:
      - application/json
      Date:
      - Tue, 05 Apr 2022 13:58:42 GMT
      Strict-Transport-Security:
      - max-age=15724800; includeSubDomains
      Vary:
      - Accept-Encoding, Origin
      X-B3-ParentSpanId:
      - 09d246d0e8fdfe2c
      X-B3-Sampled:
      - '0'
      X-B3-SpanId:
      - 09d246d0e8fdfe2c
      X-B3-TraceId:
      - 624c4b1299768d6309d246d0e8fdfe2c
      X-Content-Type-Options:
      - nosniff
    status:
      code: 200
      message: OK
- request:
    body: null
    headers:
      Cookie:
      - looker.browser=39326198
    method: GET
    uri: https://spectacles.looker.com:19999/api/3.1/session
  response:
    body:
      string: '{"workspace_id":"dev","sudo_user_id":null,"can":{"view":true,"update":true}}'
    headers:
      Connection:
      - keep-alive
      Content-Length:
      - '76'
      Content-Type:
      - application/json
      Date:
      - Tue, 05 Apr 2022 13:58:42 GMT
      Strict-Transport-Security:
      - max-age=15724800; includeSubDomains
      Vary:
      - Accept-Encoding, Origin
      X-B3-ParentSpanId:
      - 222b6442f4ac8017
      X-B3-Sampled:
      - '0'
      X-B3-SpanId:
      - 222b6442f4ac8017
      X-B3-TraceId:
      - 624c4b120ef14334222b6442f4ac8017
      X-Content-Type-Options:
      - nosniff
    status:
      code: 200
      message: OK
- request:
    body: null
    headers:
      Cookie:
      - looker.browser=39326198
    method: GET
    uri: https://spectacles.looker.com:19999/api/3.1/projects/welcome_to_looker/git_branch
  response:
    body:
      string: '{"name":"tmp_spectacles_5e52c0302c","remote":"origin","remote_name":"tmp_spectacles_5e52c0302c","error":null,"message":null,"owner_name":null,"readonly":false,"personal":false,"is_local":true,"is_remote":false,"is_production":false,"ahead_count":null,"behind_count":null,"commit_at":1589215827,"ref":"71025770cf923f656ba2375436a1bd85ac00affc","remote_ref":null,"can":{}}'
    headers:
      Connection:
      - keep-alive
      Content-Length:
      - '370'
      Content-Type:
      - application/json
      Date:
      - Tue, 05 Apr 2022 13:58:42 GMT
      Strict-Transport-Security:
      - max-age=15724800; includeSubDomains
      Vary:
      - Accept-Encoding
      - Accept-Encoding, Origin
      X-B3-ParentSpanId:
      - 0543db341d99566c
      X-B3-Sampled:
      - '0'
      X-B3-SpanId:
      - 0543db341d99566c
      X-B3-TraceId:
      - 624c4b12d09bf77c0543db341d99566c
      X-Content-Type-Options:
      - nosniff
    status:
      code: 200
      message: OK
- request:
    body: '{"name": "tmp_spectacles_a"}'
    headers:
      Content-Length:
      - '28'
      Content-Type:
      - application/json
      Cookie:
      - looker.browser=39326198
    method: POST
    uri: https://spectacles.looker.com:19999/api/3.1/projects/welcome_to_looker/git_branch
  response:
    body:
      string: '{"name":"tmp_spectacles_a","remote":"origin","remote_name":"tmp_spectacles_a","error":null,"message":null,"owner_name":null,"readonly":false,"personal":false,"is_local":true,"is_remote":false,"is_production":false,"ahead_count":null,"behind_count":null,"commit_at":1589215827,"ref":"71025770cf923f656ba2375436a1bd85ac00affc","remote_ref":null,"can":{}}'
    headers:
      Connection:
      - keep-alive
      Content-Length:
      - '352'
      Content-Type:
      - application/json
      Date:
      - Tue, 05 Apr 2022 13:58:43 GMT
      Strict-Transport-Security:
      - max-age=15724800; includeSubDomains
      Vary:
      - Accept-Encoding
      - Accept-Encoding, Origin
      X-B3-ParentSpanId:
      - 53945a5e44cb3d96
      X-B3-Sampled:
      - '0'
      X-B3-SpanId:
      - 53945a5e44cb3d96
      X-B3-TraceId:
      - 624c4b12b3590ae553945a5e44cb3d96
      X-Content-Type-Options:
      - nosniff
    status:
      code: 200
      message: OK
- request:
    body: '{"name": "tmp_spectacles_a", "ref": "71025770cf923f656ba2375436a1bd85ac00affc"}'
    headers:
      Content-Length:
      - '79'
      Content-Type:
      - application/json
      Cookie:
      - looker.browser=39326198
    method: PUT
    uri: https://spectacles.looker.com:19999/api/3.1/projects/welcome_to_looker/git_branch
  response:
    body:
      string: '{"name":"tmp_spectacles_a","remote":"origin","remote_name":"tmp_spectacles_a","error":null,"message":null,"owner_name":null,"readonly":false,"personal":false,"is_local":true,"is_remote":false,"is_production":false,"ahead_count":null,"behind_count":null,"commit_at":1589215827,"ref":"71025770cf923f656ba2375436a1bd85ac00affc","remote_ref":null,"can":{}}'
    headers:
      Connection:
      - keep-alive
      Content-Length:
      - '352'
      Content-Type:
      - application/json
      Date:
      - Tue, 05 Apr 2022 13:58:43 GMT
      Strict-Transport-Security:
      - max-age=15724800; includeSubDomains
      Vary:
      - Accept-Encoding
      - Accept-Encoding, Origin
      X-B3-ParentSpanId:
      - a26bec5fe0a6d67d
      X-B3-Sampled:
      - '0'
      X-B3-SpanId:
      - a26bec5fe0a6d67d
      X-B3-TraceId:
      - 624c4b134192dd9aa26bec5fe0a6d67d
      X-Content-Type-Options:
      - nosniff
    status:
      code: 200
      message: OK
- request:
    body: null
    headers:
      Cookie:
      - looker.browser=39326198
    method: GET
    uri: https://spectacles.looker.com:19999/api/3.1/projects/welcome_to_looker/manifest
  response:
    body:
      string: "<!DOCTYPE html>\n<html>\n<head>\n    <title>Looker Not Found (404)</title>\n
        \   <link href='https://fonts.googleapis.com/css?family=Open+Sans:400,600'
        rel='stylesheet' type='text/css'>\n\n    <!-- @@@@@@@@@@@@@ FAVICONS @@@@@@@@@@@@@
        -->\n\n    <link rel=\"apple-touch-icon-precomposed\" sizes=\"57x57\" href=\"https://wwwstatic-b.lookercdn.com/favicon/apple-touch-icon-57x57.png\"
        />\n    <link rel=\"apple-touch-icon-precomposed\" sizes=\"114x114\" href=\"https://wwwstatic-c.lookercdn.com/favicon/apple-touch-icon-114x114.png\"
        />\n    <link rel=\"apple-touch-icon-precomposed\" sizes=\"72x72\" href=\"https://wwwstatic-d.lookercdn.com/favicon/apple-touch-icon-72x72.png\"
        />\n    <link rel=\"apple-touch-icon-precomposed\" sizes=\"144x144\" href=\"https://wwwstatic-a.lookercdn.com/favicon/apple-touch-icon-144x144.png\"
        />\n    <link rel=\"apple-touch-icon-precomposed\" sizes=\"60x60\" href=\"https://wwwstatic-b.lookercdn.com/favicon/apple-touch-icon-60x60.png\"
        />\n    <link rel=\"apple-touch-icon-precomposed\" sizes=\"120x120\" href=\"https://wwwstatic-c.lookercdn.com/favicon/apple-touch-icon-120x120.png\"
        />\n    <link rel=\"apple-touch-icon-precomposed\" sizes=\"76x76\" href=\"https://wwwstatic-d.lookercdn.com/favicon/apple-touch-icon-76x76.png\"
        />\n    <link rel=\"apple-touch-icon-precomposed\" sizes=\"152x152\" href=\"https://wwwstatic-a.lookercdn.com/favicon/apple-touch-icon-152x152.png\"
        />\n    <link rel=\"icon\" type=\"image/png\" href=\"https://wwwstatic-b.lookercdn.com/favicon/favicon-196x196.png\"
        sizes=\"196x196\" />\n    <link rel=\"icon\" type=\"image/png\" href=\"https://wwwstatic-c.lookercdn.com/favicon/favicon-96x96.png\"
        sizes=\"96x96\" />\n    <link rel=\"icon\" type=\"image/png\" href=\"https://wwwstatic-d.lookercdn.com/favicon/favicon-32x32.png\"
        sizes=\"32x32\" />\n    <link rel=\"icon\" type=\"image/png\" href=\"https://wwwstatic-a.lookercdn.com/favicon/favicon-16x16.png\"
        sizes=\"16x16\" />\n    <link rel=\"icon\" type=\"image/png\" href=\"https://wwwstatic-b.lookercdn.com/favicon/favicon-128.png\"
        sizes=\"128x128\" />\n    <meta name=\"application-name\" content=\"Looker\"/>\n
        \   <meta name=\"msapplication-TileColor\" content=\"#FFFFFF\" />\n    <meta
        name=\"msapplication-TileImage\" content=\"https://wwwstatic-c.lookercdn.com/favicon/mstile-144x144.png\"
        />\n    <meta name=\"msapplication-square70x70logo\" content=\"https://wwwstatic-d.lookercdn.com/favicon/mstile-70x70.png\"
        />\n    <meta name=\"msapplication-square150x150logo\" content=\"https://wwwstatic-a.lookercdn.com/favicon/mstile-150x150.png\"
        />\n    <meta name=\"msapplication-wide310x150logo\" content=\"https://wwwstatic-b.lookercdn.com/favicon/mstile-310x150.png\"
        />\n    <meta name=\"msapplication-square310x310logo\" content=\"https://wwwstatic-c.lookercdn.com/favicon/mstile-310x310.png\"
        />\n\n    <style type=\"text/css\">\n        body {\n            background-color:
        #2e343f;\n            color: white;\n            height: auto;\n            font-family:
        Open Sans, Helvetica, Arial, sans-serif;\n        }\n        .message {\n
        \           width: 100%;\n            max-width: 760px;\n            margin:
        0 auto;\n            margin-top: 135px;\n            text-align: center;\n
        \       }\n        h2, h3 {\n            font-weight: normal;\n        }\n
        \       a {\n            color: white;\n        }\n    </style>\n</head>\n<body>\n\n
        \   <div class=\"message\">\n\n        <img width=\"210\" height=\"84\" src=\"https://wwwstatic-a.lookercdn.com/logos/looker_all_white.svg\"
        alt=\"Looker\">\n\n        <h1>Looker is unavailable.</h1>\n\n        <h2>If
        you typed in a URL, double-check the spelling.</h2>\n        <h2>This may
        also be due to a temporary condition such as an outage, <a href=\"https://docs.looker.com/relnotes/hosted-maintenance-hours\">scheduled
        maintenance</a> or upgrade.</h2>\n        <br>\n        <h3>\n            If
        this message persists or you have any concerns, <br> contact us from\n            <a
        href=\"https://help.looker.com\">help.looker.com</a> and we'll respond promptly.\n
        \       </h3>\n\n    </div>\n\n</body>\n</html>\n"
    headers:
      Connection:
      - close
      Content-Type:
      - text/html
      Date:
      - Tue, 05 Apr 2022 13:58:43 GMT
      Vary:
      - Accept-Encoding
    status:
      code: 404
      message: Not Found
- request:
    body: null
    headers:
      Cookie:
      - looker.browser=39326198
    method: GET
    uri: https://spectacles.looker.com:19999/api/3.1/lookml_models?fields=name%2Cproject_name%2Cexplores
  response:
    body:
      string: '[{"name":"thelook","project_name":"welcome_to_looker","explores":[{"description":null,"label":"Cohort
        Data Tool","hidden":true,"group_label":"1) eCommerce with Event Data","name":"cohorts","can":{}},{"description":null,"label":"Web
        Analytics Data Tool","hidden":true,"group_label":"1) eCommerce with Event
        Data","name":"data_tool","can":{}},{"description":null,"label":"(1) Orders,
        Items and Users","hidden":false,"group_label":"1) eCommerce with Event Data","name":"order_items","can":{}},{"description":null,"label":"(2)
        Web Event Data","hidden":false,"group_label":"1) eCommerce with Event Data","name":"events","can":{}},{"description":null,"label":"(3)
        Web Session Data","hidden":false,"group_label":"1) eCommerce with Event Data","name":"sessions","can":{}},{"description":null,"label":"(4)
        Affinity Analysis","hidden":false,"group_label":"1) eCommerce with Event Data","name":"affinity","can":{}},{"description":null,"label":"(5)
        Share of Wallet Analysis","hidden":false,"group_label":"1) eCommerce with
        Event Data","name":"orders_with_share_of_wallet_application","can":{}},{"description":null,"label":"(6)
        Customer Journey Mapping","hidden":false,"group_label":"1) eCommerce with
        Event Data","name":"journey_mapping","can":{}},{"description":null,"label":"(7)
        Stock Analysis","hidden":false,"group_label":"1) eCommerce with Event Data","name":"inventory_items","can":{}},{"description":null,"label":"(8)
        Historical Stock Snapshot Analysis","hidden":false,"group_label":"1) eCommerce
        with Event Data","name":"inventory_snapshot","can":{}},{"description":null,"label":"Order
        Items (Kittens)","hidden":true,"group_label":"1) eCommerce with Event Data","name":"kitten_order_items","can":{}}]},{"name":"jaffle_shop","project_name":"jaffle_shop","explores":[{"description":null,"label":"Orders","hidden":false,"group_label":"Jaffle
        Shop","name":"fct_orders","can":{}}]},{"name":"admin","project_name":"jaffle_shop","explores":[]},{"name":"eye_exam","project_name":"eye_exam","explores":[{"description":null,"label":"Users","hidden":false,"group_label":"Eye
        Exam","name":"users","can":{}},{"description":null,"label":"Users Fail","hidden":false,"group_label":"Eye
        Exam","name":"users__fail","can":{}},{"description":null,"label":"Users Fail
        and Warn","hidden":false,"group_label":"Eye Exam","name":"users__fail_and_warn","can":{}},{"description":null,"label":"Users
        Warn","hidden":false,"group_label":"Eye Exam","name":"users__warn","can":{}}]},{"name":"web_application","project_name":"spectacles","explores":[{"description":null,"label":"Runs","hidden":false,"group_label":"Web
        Application","name":"runs","can":{}},{"description":null,"label":"Organisations","hidden":false,"group_label":"Web
        Application","name":"organisations","can":{}},{"description":null,"label":"Credentials","hidden":false,"group_label":"Web
        Application","name":"credentials","can":{}},{"description":null,"label":"Users","hidden":false,"group_label":"Web
        Application","name":"users","can":{}},{"description":null,"label":"Hightouch
        Reporting","hidden":false,"group_label":"Web Application","name":"hightouch__users","can":{}},{"description":null,"label":"Suites","hidden":false,"group_label":"Web
        Application","name":"suites","can":{}},{"description":null,"label":"Revenue
        Reporting","hidden":false,"group_label":"Web Application","name":"revenue_reporting","can":{}},{"description":null,"label":"Projects","hidden":false,"group_label":"Web
        Application","name":"dim_projects","can":{}},{"description":null,"label":"Invocations","hidden":false,"group_label":"Web
        Application","name":"fct_invocations","can":{}}]},{"name":"web_application_gitlab","project_name":"spectacles-gitlab","explores":[{"description":null,"label":"Runs","hidden":false,"group_label":"Web
        Application Gitlab","name":"runs","can":{}},{"description":null,"label":"Organisations","hidden":false,"group_label":"Web
        Application Gitlab","name":"organisations","can":{}},{"description":null,"label":"Credentials","hidden":false,"group_label":"Web
        Application Gitlab","name":"credentials","can":{}}]},{"name":"open_source_gitlab","project_name":"spectacles-gitlab","explores":[{"description":null,"label":"Invocations
        - this is a change","hidden":false,"group_label":"Open Source","name":"fct_invocations","can":{}}]},{"name":"open_source","project_name":"spectacles","explores":[{"description":null,"label":"Invocations","hidden":false,"group_label":"Open
        Source","name":"fct_invocations","can":{}},{"description":null,"label":"Recent
        Invocations (Last 2 Weeks)","hidden":false,"group_label":"Open Source","name":"recent_invocations","can":{}}]},{"name":"open_source_azure","project_name":"spectacles_azure","explores":[{"description":null,"label":"Invocations","hidden":false,"group_label":"Open
        Source","name":"fct_invocations","can":{}}]},{"name":"web_application_azure","project_name":"spectacles_azure","explores":[{"description":null,"label":"Runs","hidden":false,"group_label":"Web
        Application Azure","name":"runs","can":{}},{"description":null,"label":"Organisations","hidden":false,"group_label":"Web
        Application Azure","name":"organisations","can":{}},{"description":null,"label":"Credentials","hidden":false,"group_label":"Web
        Application Azure","name":"credentials","can":{}}]},{"name":"open_source_main","project_name":"spectacles-main-branch","explores":[{"description":null,"label":"Invocations","hidden":false,"group_label":"Open
        Source (Main Branch Project)","name":"fct_invocations","can":{}}]},{"name":"web_application_main","project_name":"spectacles-main-branch","explores":[{"description":null,"label":"Runs","hidden":false,"group_label":"Web
        Application (Main Branch Project)","name":"runs","can":{}},{"description":null,"label":"Organisations","hidden":false,"group_label":"Web
        Application (Main Branch Project)","name":"organisations","can":{}},{"description":null,"label":"Credentials","hidden":false,"group_label":"Web
        Application (Main Branch Project)","name":"credentials","can":{}}]},{"name":"open_source_advanced_deploy","project_name":"spectacles-advanced-deploy","explores":[{"description":null,"label":"Invocations","hidden":false,"group_label":"Open
        Source (Advanced Deploy)","name":"fct_invocations","can":{}}]},{"name":"web_application_advanced_deploy","project_name":"spectacles-advanced-deploy","explores":[{"description":null,"label":"Runs","hidden":false,"group_label":"Web
        Application (Advanced Deploy)","name":"runs","can":{}},{"description":null,"label":"Organisations","hidden":false,"group_label":"Web
        Application (Advanced Deploy)","name":"organisations","can":{}},{"description":null,"label":"Credentials","hidden":false,"group_label":"Web
        Application (Advanced Deploy)","name":"credentials","can":{}}]},{"name":"models","project_name":"import-advanced-deploy","explores":[{"description":null,"label":"Organisations
        - Import Advanced Deploy","hidden":false,"group_label":"Models","name":"dim_organisations","can":{}}]},{"name":"extension-api-explorer","project_name":"marketplace_extension_api_explorer","explores":[]},{"name":"data-dictionary","project_name":"marketplace_extension_data_dictionary","explores":[]},{"name":"spectacles_strava","project_name":"spectacles_strava","explores":[{"description":null,"label":"Raw
        Activities","hidden":false,"group_label":"Spectacles Strava","name":"raw_activities","can":{}},{"description":null,"label":"Stg
        Activities","hidden":false,"group_label":"Spectacles Strava","name":"stg_activities","can":{}},{"description":null,"label":"Activity
        Types","hidden":false,"group_label":"Spectacles Strava","name":"activity_types","can":{}}]},{"name":"spectacles_maps","project_name":"spectacles_maps","explores":[{"description":null,"label":"Fivetran
        Audit","hidden":false,"group_label":"Spectacles Maps","name":"fivetran_audit","can":{}},{"description":null,"label":"Raw
        Rpi Housing Index","hidden":false,"group_label":"Spectacles Maps","name":"raw_rpi_housing_index","can":{}},{"description":null,"label":"Raw
        Rpi Housing Percent","hidden":false,"group_label":"Spectacles Maps","name":"raw_rpi_housing_percent","can":{}},{"description":null,"label":"Raw
        House Sales","hidden":false,"group_label":"Spectacles Maps","name":"raw_house_sales","can":{}},{"description":null,"label":"Raw
        Uk Postcodes","hidden":false,"group_label":"Spectacles Maps","name":"raw_uk_postcodes","can":{}},{"description":null,"label":"Raw
        Cpih","hidden":false,"group_label":"Spectacles Maps","name":"raw_cpih","can":{}}]},{"name":"rpt_property_irr","project_name":"spectacles_maps","explores":[]},{"name":"thelook_partner","project_name":"looker_partner_demo","explores":[{"description":null,"label":"Cohort
        Data Tool","hidden":true,"group_label":" eCommerce","name":"cohorts","can":{}},{"description":null,"label":"Web
        Analytics Data Tool","hidden":true,"group_label":" eCommerce","name":"data_tool","can":{}},{"description":null,"label":"(1)
        Orders, Items and Users","hidden":false,"group_label":" eCommerce","name":"order_items","can":{}},{"description":null,"label":"(2)
        Web Event Data","hidden":false,"group_label":" eCommerce","name":"events","can":{}},{"description":null,"label":"(3)
        Web Session Data","hidden":false,"group_label":" eCommerce","name":"sessions","can":{}},{"description":null,"label":"(4)
        Affinity Analysis","hidden":false,"group_label":" eCommerce","name":"affinity","can":{}},{"description":null,"label":"(5)
        Share of Wallet Analysis","hidden":false,"group_label":" eCommerce","name":"orders_with_share_of_wallet_application","can":{}},{"description":null,"label":"(6)
        Customer Journey Mapping","hidden":false,"group_label":" eCommerce","name":"journey_mapping","can":{}},{"description":null,"label":"(7)
        Historical Stock Snapshot Analysis","hidden":false,"group_label":" eCommerce","name":"inventory_snapshot","can":{}},{"description":null,"label":"Order
        Items (Kittens)","hidden":true,"group_label":" eCommerce","name":"kitten_order_items","can":{}},{"description":null,"label":"E-Comm
        Cohort Analysis Training","hidden":false,"group_label":" eCommerce","name":"ecomm_training_info","can":{}},{"description":null,"label":"Kmeans
        Model5","hidden":false,"group_label":" eCommerce","name":"kmeans_model5","can":{}},{"description":null,"label":"(8)
        Cohort Analysis","hidden":false,"group_label":" eCommerce","name":"ecomm_predict","can":{}}]},{"name":"square","project_name":"square_demo","explores":[{"description":null,"label":"Payments","hidden":false,"group_label":"Square","name":"payments","can":{}},{"description":null,"label":"Sellers","hidden":false,"group_label":"Square","name":"sellers","can":{}}]}]'
    headers:
      Connection:
      - keep-alive
      Content-Length:
      - '10535'
      Content-Type:
      - application/json
      Date:
      - Tue, 05 Apr 2022 13:58:44 GMT
      Strict-Transport-Security:
      - max-age=15724800; includeSubDomains
      Vary:
      - Accept-Encoding
      - Accept-Encoding, Origin
      X-B3-ParentSpanId:
      - 5fe01bc2a89cd517
      X-B3-Sampled:
      - '0'
      X-B3-SpanId:
      - 5fe01bc2a89cd517
      X-B3-TraceId:
      - 624c4b13799cb41d5fe01bc2a89cd517
      X-Content-Type-Options:
      - nosniff
    status:
      code: 200
      message: OK
- request:
    body: null
    headers:
      Cookie:
      - looker.browser=39326198
    method: GET
    uri: https://spectacles.looker.com:19999/api/3.1/lookml_models/eye_exam/explores/users?fields=fields
  response:
    body:
      string: '{"fields":{"dimensions":[{"align":"right","can_filter":true,"category":"dimension","default_filter_value":null,"description":null,"enumerations":null,"field_group_label":null,"fill_style":null,"fiscal_month_offset":0,"has_allowed_values":false,"hidden":false,"is_filter":false,"is_numeric":true,"label":"Users
        Age","label_from_parameter":null,"label_short":"Age","map_layer":null,"name":"users.age","strict_value_format":false,"requires_refresh_on_sort":false,"sortable":true,"suggestions":null,"tags":[],"type":"number","user_attribute_filter_types":["number","advanced_filter_number"],"value_format":null,"view":"users","view_label":"Users","dynamic":false,"week_start_day":"monday","dimension_group":null,"error":null,"field_group_variant":"Age","measure":false,"parameter":false,"primary_key":false,"project_name":"eye_exam","scope":"users","suggest_dimension":"users.age","suggest_explore":"users","suggestable":false,"is_fiscal":false,"is_timeframe":false,"can_time_filter":false,"time_interval":null,"lookml_link":"/projects/eye_exam/files/views%2Fusers.view.lkml?line=12","permanent":null,"source_file":"views/users.view.lkml","source_file_path":"eye_exam/views/users.view.lkml","sql":"--spectacles:
        ignore\n         ${TABLE}.age ","sql_case":null,"filters":null},{"align":"left","can_filter":true,"category":"dimension","default_filter_value":null,"description":null,"enumerations":null,"field_group_label":null,"fill_style":null,"fiscal_month_offset":0,"has_allowed_values":false,"hidden":false,"is_filter":false,"is_numeric":false,"label":"Users
        City","label_from_parameter":null,"label_short":"City","map_layer":null,"name":"users.city","strict_value_format":false,"requires_refresh_on_sort":false,"sortable":true,"suggestions":null,"tags":[],"type":"string","user_attribute_filter_types":["string","advanced_filter_string"],"value_format":null,"view":"users","view_label":"Users","dynamic":false,"week_start_day":"monday","dimension_group":null,"error":null,"field_group_variant":"City","measure":false,"parameter":false,"primary_key":false,"project_name":"eye_exam","scope":"users","suggest_dimension":"users.city","suggest_explore":"users","suggestable":true,"is_fiscal":false,"is_timeframe":false,"can_time_filter":false,"time_interval":null,"lookml_link":"/projects/eye_exam/files/views%2Fusers.view.lkml?line=23","permanent":null,"source_file":"views/users.view.lkml","source_file_path":"eye_exam/views/users.view.lkml","sql":"${TABLE}.city
        ","sql_case":null,"filters":null},{"align":"left","can_filter":true,"category":"dimension","default_filter_value":null,"description":null,"enumerations":null,"field_group_label":null,"fill_style":null,"fiscal_month_offset":0,"has_allowed_values":false,"hidden":false,"is_filter":false,"is_numeric":false,"label":"Users
        Email","label_from_parameter":null,"label_short":"Email","map_layer":null,"name":"users.email","strict_value_format":false,"requires_refresh_on_sort":false,"sortable":true,"suggestions":null,"tags":[],"type":"string","user_attribute_filter_types":["string","advanced_filter_string"],"value_format":null,"view":"users","view_label":"Users","dynamic":false,"week_start_day":"monday","dimension_group":null,"error":null,"field_group_variant":"Email","measure":false,"parameter":false,"primary_key":false,"project_name":"eye_exam","scope":"users","suggest_dimension":"users.email","suggest_explore":"users","suggestable":true,"is_fiscal":false,"is_timeframe":false,"can_time_filter":false,"time_interval":null,"lookml_link":"/projects/eye_exam/files/views%2Fusers.view.lkml?line=28","permanent":null,"source_file":"views/users.view.lkml","source_file_path":"eye_exam/views/users.view.lkml","sql":"${TABLE}.email
        ","sql_case":null,"filters":null},{"align":"left","can_filter":true,"category":"dimension","default_filter_value":null,"description":null,"enumerations":null,"field_group_label":null,"fill_style":null,"fiscal_month_offset":0,"has_allowed_values":false,"hidden":false,"is_filter":false,"is_numeric":false,"label":"Users
        First Name","label_from_parameter":null,"label_short":"First Name","map_layer":null,"name":"users.first_name","strict_value_format":false,"requires_refresh_on_sort":false,"sortable":true,"suggestions":null,"tags":[],"type":"string","user_attribute_filter_types":["string","advanced_filter_string"],"value_format":null,"view":"users","view_label":"Users","dynamic":false,"week_start_day":"monday","dimension_group":null,"error":null,"field_group_variant":"First
        Name","measure":false,"parameter":false,"primary_key":false,"project_name":"eye_exam","scope":"users","suggest_dimension":"users.first_name","suggest_explore":"users","suggestable":true,"is_fiscal":false,"is_timeframe":false,"can_time_filter":false,"time_interval":null,"lookml_link":"/projects/eye_exam/files/views%2Fusers.view.lkml?line=33","permanent":null,"source_file":"views/users.view.lkml","source_file_path":"eye_exam/views/users.view.lkml","sql":"${TABLE}.first_name
        ","sql_case":null,"filters":null},{"align":"right","can_filter":true,"category":"dimension","default_filter_value":null,"description":null,"enumerations":null,"field_group_label":null,"fill_style":null,"fiscal_month_offset":0,"has_allowed_values":false,"hidden":false,"is_filter":false,"is_numeric":true,"label":"Users
        ID","label_from_parameter":null,"label_short":"ID","map_layer":null,"name":"users.id","strict_value_format":false,"requires_refresh_on_sort":false,"sortable":true,"suggestions":null,"tags":[],"type":"number","user_attribute_filter_types":["number","advanced_filter_number"],"value_format":null,"view":"users","view_label":"Users","dynamic":false,"week_start_day":"monday","dimension_group":null,"error":null,"field_group_variant":"ID","measure":false,"parameter":false,"primary_key":true,"project_name":"eye_exam","scope":"users","suggest_dimension":"users.id","suggest_explore":"users","suggestable":false,"is_fiscal":false,"is_timeframe":false,"can_time_filter":false,"time_interval":null,"lookml_link":"/projects/eye_exam/files/views%2Fusers.view.lkml?line=6","permanent":null,"source_file":"views/users.view.lkml","source_file_path":"eye_exam/views/users.view.lkml","sql":"${TABLE}.id
        ","sql_case":null,"filters":null},{"align":"left","can_filter":true,"category":"dimension","default_filter_value":null,"description":null,"enumerations":null,"field_group_label":null,"fill_style":null,"fiscal_month_offset":0,"has_allowed_values":false,"hidden":false,"is_filter":false,"is_numeric":false,"label":"Users
        Last Name","label_from_parameter":null,"label_short":"Last Name","map_layer":null,"name":"users.last_name","strict_value_format":false,"requires_refresh_on_sort":false,"sortable":true,"suggestions":null,"tags":[],"type":"string","user_attribute_filter_types":["string","advanced_filter_string"],"value_format":null,"view":"users","view_label":"Users","dynamic":false,"week_start_day":"monday","dimension_group":null,"error":null,"field_group_variant":"Last
        Name","measure":false,"parameter":false,"primary_key":false,"project_name":"eye_exam","scope":"users","suggest_dimension":"users.last_name","suggest_explore":"users","suggestable":true,"is_fiscal":false,"is_timeframe":false,"can_time_filter":false,"time_interval":null,"lookml_link":"/projects/eye_exam/files/views%2Fusers.view.lkml?line=38","permanent":null,"source_file":"views/users.view.lkml","source_file_path":"eye_exam/views/users.view.lkml","sql":"${TABLE}.last_name
        ","sql_case":null,"filters":null},{"align":"left","can_filter":true,"category":"dimension","default_filter_value":null,"description":null,"enumerations":null,"field_group_label":null,"fill_style":null,"fiscal_month_offset":0,"has_allowed_values":false,"hidden":false,"is_filter":false,"is_numeric":false,"label":"Users
        State","label_from_parameter":null,"label_short":"State","map_layer":{"url":"/data/us_states.topo-402e425f99.json","name":"us_states","feature_key":"usa","property_key":null,"property_label_key":null,"projection":"albersUsa","format":null,"extents_json_url":null,"max_zoom_level":null,"min_zoom_level":null},"name":"users.state","strict_value_format":false,"requires_refresh_on_sort":false,"sortable":true,"suggestions":null,"tags":[],"type":"string","user_attribute_filter_types":["string","advanced_filter_string"],"value_format":null,"view":"users","view_label":"Users","dynamic":false,"week_start_day":"monday","dimension_group":null,"error":null,"field_group_variant":"State","measure":false,"parameter":false,"primary_key":false,"project_name":"eye_exam","scope":"users","suggest_dimension":"users.state","suggest_explore":"users","suggestable":true,"is_fiscal":false,"is_timeframe":false,"can_time_filter":false,"time_interval":null,"lookml_link":"/projects/eye_exam/files/views%2Fusers.view.lkml?line=18","permanent":null,"source_file":"views/users.view.lkml","source_file_path":"eye_exam/views/users.view.lkml","sql":"${TABLE}.state
        ","sql_case":null,"filters":null}],"measures":[{"align":"right","can_filter":true,"category":"measure","default_filter_value":null,"description":null,"enumerations":null,"field_group_label":null,"fill_style":null,"fiscal_month_offset":0,"has_allowed_values":false,"hidden":false,"is_filter":false,"is_numeric":true,"label":"Users
        Count","label_from_parameter":null,"label_short":"Count","map_layer":null,"name":"users.count","strict_value_format":false,"requires_refresh_on_sort":false,"sortable":true,"suggestions":null,"tags":[],"type":"count","user_attribute_filter_types":["number","advanced_filter_number"],"value_format":null,"view":"users","view_label":"Users","dynamic":false,"week_start_day":"monday","dimension_group":null,"error":null,"field_group_variant":"Count","measure":true,"parameter":false,"primary_key":false,"project_name":"eye_exam","scope":"users","suggest_dimension":"users.count","suggest_explore":"users","suggestable":false,"is_fiscal":false,"is_timeframe":false,"can_time_filter":false,"time_interval":null,"lookml_link":"/projects/eye_exam/files/views%2Fusers.view.lkml?line=43","permanent":null,"source_file":"views/users.view.lkml","source_file_path":"eye_exam/views/users.view.lkml","sql":null,"sql_case":null,"filters":null}],"filters":[],"parameters":[]}}'
    headers:
      Connection:
      - keep-alive
      Content-Length:
      - '10152'
      Content-Type:
      - application/json
      Date:
      - Tue, 05 Apr 2022 13:58:44 GMT
      Strict-Transport-Security:
      - max-age=15724800; includeSubDomains
      Vary:
      - Accept-Encoding
      - Accept-Encoding, Origin
      X-B3-ParentSpanId:
      - 27ca38e3e88f948b
      X-B3-Sampled:
      - '0'
      X-B3-SpanId:
      - 27ca38e3e88f948b
      X-B3-TraceId:
      - 624c4b14fef3e8e727ca38e3e88f948b
      X-Content-Type-Options:
      - nosniff
    status:
      code: 200
      message: OK
- request:
    body: null
    headers:
      Cookie:
      - looker.browser=39326198
    method: GET
    uri: https://spectacles.looker.com:19999/api/3.1/lookml_models/eye_exam/explores/users__fail?fields=fields
  response:
    body:
      string: '{"fields":{"dimensions":[{"align":"right","can_filter":true,"category":"dimension","default_filter_value":null,"description":null,"enumerations":null,"field_group_label":null,"fill_style":null,"fiscal_month_offset":0,"has_allowed_values":false,"hidden":false,"is_filter":false,"is_numeric":true,"label":"Users
        Fail Age","label_from_parameter":null,"label_short":"Age","map_layer":null,"name":"users__fail.age","strict_value_format":false,"requires_refresh_on_sort":false,"sortable":true,"suggestions":null,"tags":[],"type":"number","user_attribute_filter_types":["number","advanced_filter_number"],"value_format":null,"view":"users__fail","view_label":"Users
        Fail","dynamic":false,"week_start_day":"monday","dimension_group":null,"error":null,"field_group_variant":"Age","measure":false,"parameter":false,"primary_key":false,"project_name":"eye_exam","scope":"users__fail","suggest_dimension":"users__fail.age","suggest_explore":"users__fail","suggestable":false,"is_fiscal":false,"is_timeframe":false,"can_time_filter":false,"time_interval":null,"lookml_link":"/projects/eye_exam/files/views%2Fusers__fail.view.lkml?line=14","permanent":null,"source_file":"views/users__fail.view.lkml","source_file_path":"eye_exam/views/users__fail.view.lkml","sql":"--spectacles:
        ignore\n      ${TABLE}.age ","sql_case":null,"filters":null},{"align":"left","can_filter":true,"category":"dimension","default_filter_value":null,"description":null,"enumerations":null,"field_group_label":null,"fill_style":null,"fiscal_month_offset":0,"has_allowed_values":false,"hidden":false,"is_filter":false,"is_numeric":false,"label":"Users
        Fail City","label_from_parameter":null,"label_short":"City","map_layer":null,"name":"users__fail.city","strict_value_format":false,"requires_refresh_on_sort":false,"sortable":true,"suggestions":null,"tags":[],"type":"string","user_attribute_filter_types":["string","advanced_filter_string"],"value_format":null,"view":"users__fail","view_label":"Users
        Fail","dynamic":false,"week_start_day":"monday","dimension_group":null,"error":null,"field_group_variant":"City","measure":false,"parameter":false,"primary_key":false,"project_name":"eye_exam","scope":"users__fail","suggest_dimension":"users__fail.city","suggest_explore":"users__fail","suggestable":true,"is_fiscal":false,"is_timeframe":false,"can_time_filter":false,"time_interval":null,"lookml_link":"/projects/eye_exam/files/views%2Fusers__fail.view.lkml?line=20","permanent":null,"source_file":"views/users__fail.view.lkml","source_file_path":"eye_exam/views/users__fail.view.lkml","sql":"${TABLE}.city
        ","sql_case":null,"filters":null},{"align":"left","can_filter":true,"category":"dimension","default_filter_value":null,"description":null,"enumerations":null,"field_group_label":null,"fill_style":null,"fiscal_month_offset":0,"has_allowed_values":false,"hidden":false,"is_filter":false,"is_numeric":false,"label":"Users
        Fail Email","label_from_parameter":null,"label_short":"Email","map_layer":null,"name":"users__fail.email","strict_value_format":false,"requires_refresh_on_sort":false,"sortable":true,"suggestions":null,"tags":[],"type":"string","user_attribute_filter_types":["string","advanced_filter_string"],"value_format":null,"view":"users__fail","view_label":"Users
        Fail","dynamic":false,"week_start_day":"monday","dimension_group":null,"error":null,"field_group_variant":"Email","measure":false,"parameter":false,"primary_key":false,"project_name":"eye_exam","scope":"users__fail","suggest_dimension":"users__fail.email","suggest_explore":"users__fail","suggestable":true,"is_fiscal":false,"is_timeframe":false,"can_time_filter":false,"time_interval":null,"lookml_link":"/projects/eye_exam/files/views%2Fusers__fail.view.lkml?line=26","permanent":null,"source_file":"views/users__fail.view.lkml","source_file_path":"eye_exam/views/users__fail.view.lkml","sql":"${TABLE}.email_address
        ","sql_case":null,"filters":null},{"align":"left","can_filter":true,"category":"dimension","default_filter_value":null,"description":null,"enumerations":null,"field_group_label":null,"fill_style":null,"fiscal_month_offset":0,"has_allowed_values":false,"hidden":false,"is_filter":false,"is_numeric":false,"label":"Users
        Fail First Name","label_from_parameter":null,"label_short":"First Name","map_layer":null,"name":"users__fail.first_name","strict_value_format":false,"requires_refresh_on_sort":false,"sortable":true,"suggestions":null,"tags":[],"type":"string","user_attribute_filter_types":["string","advanced_filter_string"],"value_format":null,"view":"users__fail","view_label":"Users
        Fail","dynamic":false,"week_start_day":"monday","dimension_group":null,"error":null,"field_group_variant":"First
        Name","measure":false,"parameter":false,"primary_key":false,"project_name":"eye_exam","scope":"users__fail","suggest_dimension":"users__fail.first_name","suggest_explore":"users__fail","suggestable":true,"is_fiscal":false,"is_timeframe":false,"can_time_filter":false,"time_interval":null,"lookml_link":"/projects/eye_exam/files/views%2Fusers__fail.view.lkml?line=32","permanent":null,"source_file":"views/users__fail.view.lkml","source_file_path":"eye_exam/views/users__fail.view.lkml","sql":"${TABLE}.first
        ","sql_case":null,"filters":null},{"align":"right","can_filter":true,"category":"dimension","default_filter_value":null,"description":null,"enumerations":null,"field_group_label":null,"fill_style":null,"fiscal_month_offset":0,"has_allowed_values":false,"hidden":false,"is_filter":false,"is_numeric":true,"label":"Users
        Fail ID","label_from_parameter":null,"label_short":"ID","map_layer":null,"name":"users__fail.id","strict_value_format":false,"requires_refresh_on_sort":false,"sortable":true,"suggestions":null,"tags":[],"type":"number","user_attribute_filter_types":["number","advanced_filter_number"],"value_format":null,"view":"users__fail","view_label":"Users
        Fail","dynamic":false,"week_start_day":"monday","dimension_group":null,"error":null,"field_group_variant":"ID","measure":false,"parameter":false,"primary_key":true,"project_name":"eye_exam","scope":"users__fail","suggest_dimension":"users__fail.id","suggest_explore":"users__fail","suggestable":false,"is_fiscal":false,"is_timeframe":false,"can_time_filter":false,"time_interval":null,"lookml_link":"/projects/eye_exam/files/views%2Fusers__fail.view.lkml?line=8","permanent":null,"source_file":"views/users__fail.view.lkml","source_file_path":"eye_exam/views/users__fail.view.lkml","sql":"${TABLE}.id
        ","sql_case":null,"filters":null},{"align":"left","can_filter":true,"category":"dimension","default_filter_value":null,"description":null,"enumerations":null,"field_group_label":null,"fill_style":null,"fiscal_month_offset":0,"has_allowed_values":false,"hidden":false,"is_filter":false,"is_numeric":false,"label":"Users
        Fail Last Name","label_from_parameter":null,"label_short":"Last Name","map_layer":null,"name":"users__fail.last_name","strict_value_format":false,"requires_refresh_on_sort":false,"sortable":true,"suggestions":null,"tags":[],"type":"string","user_attribute_filter_types":["string","advanced_filter_string"],"value_format":null,"view":"users__fail","view_label":"Users
        Fail","dynamic":false,"week_start_day":"monday","dimension_group":null,"error":null,"field_group_variant":"Last
        Name","measure":false,"parameter":false,"primary_key":false,"project_name":"eye_exam","scope":"users__fail","suggest_dimension":"users__fail.last_name","suggest_explore":"users__fail","suggestable":true,"is_fiscal":false,"is_timeframe":false,"can_time_filter":false,"time_interval":null,"lookml_link":"/projects/eye_exam/files/views%2Fusers__fail.view.lkml?line=38","permanent":null,"source_file":"views/users__fail.view.lkml","source_file_path":"eye_exam/views/users__fail.view.lkml","sql":"${TABLE}.last
        ","sql_case":null,"filters":null}],"measures":[{"align":"right","can_filter":true,"category":"measure","default_filter_value":null,"description":null,"enumerations":null,"field_group_label":null,"fill_style":null,"fiscal_month_offset":0,"has_allowed_values":false,"hidden":false,"is_filter":false,"is_numeric":true,"label":"Users
        Fail Count","label_from_parameter":null,"label_short":"Count","map_layer":null,"name":"users__fail.count","strict_value_format":false,"requires_refresh_on_sort":false,"sortable":true,"suggestions":null,"tags":[],"type":"count","user_attribute_filter_types":["number","advanced_filter_number"],"value_format":null,"view":"users__fail","view_label":"Users
        Fail","dynamic":false,"week_start_day":"monday","dimension_group":null,"error":null,"field_group_variant":"Count","measure":true,"parameter":false,"primary_key":false,"project_name":"eye_exam","scope":"users__fail","suggest_dimension":"users__fail.count","suggest_explore":"users__fail","suggestable":false,"is_fiscal":false,"is_timeframe":false,"can_time_filter":false,"time_interval":null,"lookml_link":"/projects/eye_exam/files/views%2Fusers__fail.view.lkml?line=43","permanent":null,"source_file":"views/users__fail.view.lkml","source_file_path":"eye_exam/views/users__fail.view.lkml","sql":null,"sql_case":null,"filters":null}],"filters":[],"parameters":[]}}'
    headers:
      Connection:
      - keep-alive
      Content-Length:
      - '9092'
      Content-Type:
      - application/json
      Date:
      - Tue, 05 Apr 2022 13:58:44 GMT
      Strict-Transport-Security:
      - max-age=15724800; includeSubDomains
      Vary:
      - Accept-Encoding
      - Accept-Encoding, Origin
      X-B3-ParentSpanId:
      - 79ec80cf0018f7eb
      X-B3-Sampled:
      - '0'
      X-B3-SpanId:
      - 79ec80cf0018f7eb
      X-B3-TraceId:
      - 624c4b14d354db7779ec80cf0018f7eb
      X-Content-Type-Options:
      - nosniff
    status:
      code: 200
      message: OK
- request:
    body: '{"model": "eye_exam", "view": "users", "fields": ["users.city", "users.email",
      "users.first_name", "users.id", "users.last_name", "users.state"], "limit":
      0, "filter_expression": "1=2"}'
    headers:
      Content-Length:
      - '185'
      Content-Type:
      - application/json
      Cookie:
      - looker.browser=39326198
    method: POST
    uri: https://spectacles.looker.com:19999/api/3.1/queries?fields=id%2Cshare_url
  response:
    body:
      string: '{"id":2216,"share_url":"https://spectacles.looker.com/x/XZAL69PohkzXTUbfYcq3V9"}'
    headers:
      Connection:
      - keep-alive
      Content-Length:
      - '80'
      Content-Type:
      - application/json
      Date:
      - Tue, 05 Apr 2022 13:58:44 GMT
      Strict-Transport-Security:
      - max-age=15724800; includeSubDomains
      Vary:
      - Accept-Encoding, Origin
      X-B3-ParentSpanId:
      - cddacfaf5d74e638
      X-B3-Sampled:
      - '0'
      X-B3-SpanId:
      - cddacfaf5d74e638
      X-B3-TraceId:
      - 624c4b1499bfa5abcddacfaf5d74e638
      X-Content-Type-Options:
      - nosniff
    status:
      code: 200
      message: OK
- request:
    body: '{"model": "eye_exam", "view": "users__fail", "fields": ["users__fail.city",
      "users__fail.email", "users__fail.first_name", "users__fail.id", "users__fail.last_name"],
      "limit": 0, "filter_expression": "1=2"}'
    headers:
      Content-Length:
      - '206'
      Content-Type:
      - application/json
      Cookie:
      - looker.browser=39326198
    method: POST
    uri: https://spectacles.looker.com:19999/api/3.1/queries?fields=id%2Cshare_url
  response:
    body:
      string: '{"id":1944,"share_url":"https://spectacles.looker.com/x/qCJsoYAZ2Y22QZLbmD0Gvy"}'
    headers:
      Connection:
      - keep-alive
      Content-Length:
      - '80'
      Content-Type:
      - application/json
      Date:
      - Tue, 05 Apr 2022 13:58:45 GMT
      Strict-Transport-Security:
      - max-age=15724800; includeSubDomains
      Vary:
      - Accept-Encoding, Origin
      X-B3-ParentSpanId:
      - d44465303974da79
      X-B3-Sampled:
      - '0'
      X-B3-SpanId:
      - d44465303974da79
      X-B3-TraceId:
      - 624c4b1576cc5074d44465303974da79
      X-Content-Type-Options:
      - nosniff
    status:
      code: 200
      message: OK
- request:
    body: '{"name": "tmp_spectacles_5e52c0302c"}'
    headers:
      Content-Length:
      - '37'
      Content-Type:
      - application/json
      Cookie:
      - looker.browser=39326198
    method: PUT
    uri: https://spectacles.looker.com:19999/api/3.1/projects/welcome_to_looker/git_branch
  response:
    body:
      string: '{"name":"tmp_spectacles_5e52c0302c","remote":"origin","remote_name":"tmp_spectacles_5e52c0302c","error":null,"message":null,"owner_name":null,"readonly":false,"personal":false,"is_local":true,"is_remote":false,"is_production":false,"ahead_count":null,"behind_count":null,"commit_at":1589215827,"ref":"71025770cf923f656ba2375436a1bd85ac00affc","remote_ref":null,"can":{}}'
    headers:
      Connection:
      - keep-alive
      Content-Length:
      - '370'
      Content-Type:
      - application/json
      Date:
      - Tue, 05 Apr 2022 13:58:45 GMT
      Strict-Transport-Security:
      - max-age=15724800; includeSubDomains
      Vary:
      - Accept-Encoding
      - Accept-Encoding, Origin
      X-B3-ParentSpanId:
      - 51a648356868798d
      X-B3-Sampled:
      - '0'
      X-B3-SpanId:
      - 51a648356868798d
      X-B3-TraceId:
      - 624c4b15c0ca67b151a648356868798d
      X-Content-Type-Options:
      - nosniff
    status:
      code: 200
      message: OK
- request:
    body: null
    headers:
      Content-Length:
      - '0'
      Cookie:
      - looker.browser=39326198
    method: DELETE
    uri: https://spectacles.looker.com:19999/api/3.1/projects/welcome_to_looker/git_branch/tmp_spectacles_a
  response:
    body:
      string: ''
    headers:
      Connection:
      - keep-alive
      Date:
      - Tue, 05 Apr 2022 13:58:45 GMT
      Strict-Transport-Security:
      - max-age=15724800; includeSubDomains
      Vary:
      - Origin
      X-B3-ParentSpanId:
      - a83d383386a85374
      X-B3-Sampled:
      - '0'
      X-B3-SpanId:
      - a83d383386a85374
      X-B3-TraceId:
      - 624c4b15b27be6c6a83d383386a85374
      X-Content-Type-Options:
      - nosniff
    status:
      code: 204
      message: No Content
- request:
    body: '{"name": "tmp_spectacles_5e52c0302c"}'
    headers:
      Content-Length:
      - '37'
      Content-Type:
      - application/json
      Cookie:
      - looker.browser=39326198
    method: PUT
    uri: https://spectacles.looker.com:19999/api/3.1/projects/welcome_to_looker/git_branch
  response:
    body:
      string: '{"name":"tmp_spectacles_5e52c0302c","remote":"origin","remote_name":"tmp_spectacles_5e52c0302c","error":null,"message":null,"owner_name":null,"readonly":false,"personal":false,"is_local":true,"is_remote":false,"is_production":false,"ahead_count":null,"behind_count":null,"commit_at":1589215827,"ref":"71025770cf923f656ba2375436a1bd85ac00affc","remote_ref":null,"can":{}}'
    headers:
      Connection:
      - keep-alive
      Content-Length:
      - '370'
      Content-Type:
      - application/json
      Date:
      - Tue, 05 Apr 2022 13:58:46 GMT
      Strict-Transport-Security:
      - max-age=15724800; includeSubDomains
      Vary:
      - Accept-Encoding
      - Accept-Encoding, Origin
      X-B3-ParentSpanId:
      - a6d392e4192fa6a9
      X-B3-Sampled:
      - '0'
      X-B3-SpanId:
      - a6d392e4192fa6a9
      X-B3-TraceId:
      - 624c4b15c6b22015a6d392e4192fa6a9
      X-Content-Type-Options:
      - nosniff
    status:
      code: 200
      message: OK
- request:
    body: '{"workspace_id": "production"}'
    headers:
      Content-Length:
      - '30'
      Content-Type:
      - application/json
      Cookie:
      - looker.browser=39326198
    method: PATCH
    uri: https://spectacles.looker.com:19999/api/3.1/session
  response:
    body:
      string: '{"workspace_id":"production","sudo_user_id":null,"can":{"view":true,"update":true}}'
    headers:
      Connection:
      - keep-alive
      Content-Length:
      - '83'
      Content-Type:
      - application/json
      Date:
      - Tue, 05 Apr 2022 13:58:46 GMT
      Strict-Transport-Security:
      - max-age=15724800; includeSubDomains
      Vary:
      - Accept-Encoding, Origin
      X-B3-ParentSpanId:
      - 2ae719de14f1a737
      X-B3-Sampled:
      - '0'
      X-B3-SpanId:
      - 2ae719de14f1a737
      X-B3-TraceId:
      - 624c4b16c43209232ae719de14f1a737
      X-Content-Type-Options:
      - nosniff
    status:
      code: 200
      message: OK
- request:
    body: '{"workspace_id": "dev"}'
    headers:
      Content-Length:
      - '23'
      Content-Type:
      - application/json
      Cookie:
      - looker.browser=39326198
    method: PATCH
    uri: https://spectacles.looker.com:19999/api/3.1/session
  response:
    body:
      string: '{"workspace_id":"dev","sudo_user_id":null,"can":{"view":true,"update":true}}'
    headers:
      Connection:
      - keep-alive
      Content-Length:
      - '76'
      Content-Type:
      - application/json
      Date:
      - Tue, 05 Apr 2022 13:58:46 GMT
      Strict-Transport-Security:
      - max-age=15724800; includeSubDomains
      Vary:
      - Accept-Encoding, Origin
      X-B3-ParentSpanId:
      - c1d009eaf8cbc462
      X-B3-Sampled:
      - '0'
      X-B3-SpanId:
      - c1d009eaf8cbc462
      X-B3-TraceId:
      - 624c4b16768701bbc1d009eaf8cbc462
      X-Content-Type-Options:
      - nosniff
    status:
      code: 200
      message: OK
- request:
    body: '{"name": "pytest"}'
    headers:
      Content-Length:
      - '18'
      Content-Type:
      - application/json
      Cookie:
      - looker.browser=39326198
    method: PUT
    uri: https://spectacles.looker.com:19999/api/3.1/projects/eye_exam/git_branch
  response:
    body:
      string: '{"name":"pytest","remote":"origin","remote_name":"pytest","error":null,"message":null,"owner_name":null,"readonly":false,"personal":false,"is_local":true,"is_remote":true,"is_production":false,"ahead_count":0,"behind_count":0,"commit_at":1648832027,"ref":"742b118d314d2478a215aa02016c09e173deec7e","remote_ref":"742b118d314d2478a215aa02016c09e173deec7e","can":{}}'
    headers:
      Connection:
      - keep-alive
      Content-Length:
      - '363'
      Content-Type:
      - application/json
      Date:
      - Tue, 05 Apr 2022 13:58:47 GMT
      Strict-Transport-Security:
      - max-age=15724800; includeSubDomains
      Vary:
      - Accept-Encoding
      - Accept-Encoding, Origin
      X-B3-ParentSpanId:
      - 9ce20d22bde43543
      X-B3-Sampled:
      - '0'
      X-B3-SpanId:
      - 9ce20d22bde43543
      X-B3-TraceId:
      - 624c4b165216d1029ce20d22bde43543
      X-Content-Type-Options:
      - nosniff
    status:
      code: 200
      message: OK
- request:
    body: null
    headers:
      Content-Length:
      - '0'
      Cookie:
      - looker.browser=39326198
    method: POST
    uri: https://spectacles.looker.com:19999/api/3.1/projects/eye_exam/reset_to_remote
  response:
    body:
      string: ''
    headers:
      Connection:
      - keep-alive
      Date:
      - Tue, 05 Apr 2022 13:58:48 GMT
      Strict-Transport-Security:
      - max-age=15724800; includeSubDomains
      Vary:
      - Origin
      X-B3-ParentSpanId:
      - 8cc367dd1342b6bd
      X-B3-Sampled:
      - '0'
      X-B3-SpanId:
      - 8cc367dd1342b6bd
      X-B3-TraceId:
      - 624c4b17e57a80a28cc367dd1342b6bd
      X-Content-Type-Options:
      - nosniff
    status:
      code: 204
      message: No Content
- request:
    body: null
    headers:
      Cookie:
      - looker.browser=39326198
    method: GET
    uri: https://spectacles.looker.com:19999/api/3.1/projects/eye_exam/manifest
  response:
    body:
      string: '{"name":"eye_exam","imports":[{"name":"welcome_to_looker","url":null,"ref":null,"is_remote":false,"can":{}}],"localization_settings":null,"can":{}}'
    headers:
      Connection:
      - keep-alive
      Content-Length:
      - '147'
      Content-Type:
      - application/json
      Date:
      - Tue, 05 Apr 2022 13:58:48 GMT
      Strict-Transport-Security:
      - max-age=15724800; includeSubDomains
      Vary:
      - Accept-Encoding, Origin
      X-B3-ParentSpanId:
      - 3dfc0611b25be5f4
      X-B3-Sampled:
      - '0'
      X-B3-SpanId:
      - 3dfc0611b25be5f4
      X-B3-TraceId:
      - 624c4b18c408babd3dfc0611b25be5f4
      X-Content-Type-Options:
      - nosniff
    status:
      code: 200
      message: OK
- request:
    body: null
    headers:
      Cookie:
      - looker.browser=39326198
    method: GET
    uri: https://spectacles.looker.com:19999/api/3.1/session
  response:
    body:
      string: '{"workspace_id":"dev","sudo_user_id":null,"can":{"view":true,"update":true}}'
    headers:
      Connection:
      - keep-alive
      Content-Length:
      - '76'
      Content-Type:
      - application/json
      Date:
      - Tue, 05 Apr 2022 13:58:48 GMT
      Strict-Transport-Security:
      - max-age=15724800; includeSubDomains
      Vary:
      - Accept-Encoding, Origin
      X-B3-ParentSpanId:
      - 3c693f41ad4da17b
      X-B3-Sampled:
      - '0'
      X-B3-SpanId:
      - 3c693f41ad4da17b
      X-B3-TraceId:
      - 624c4b18be4c8e3b3c693f41ad4da17b
      X-Content-Type-Options:
      - nosniff
    status:
      code: 200
      message: OK
- request:
    body: null
    headers:
      Cookie:
      - looker.browser=39326198
    method: GET
    uri: https://spectacles.looker.com:19999/api/3.1/projects/welcome_to_looker/git_branch
  response:
    body:
      string: '{"name":"tmp_spectacles_5e52c0302c","remote":"origin","remote_name":"tmp_spectacles_5e52c0302c","error":null,"message":null,"owner_name":null,"readonly":false,"personal":false,"is_local":true,"is_remote":false,"is_production":false,"ahead_count":null,"behind_count":null,"commit_at":1589215827,"ref":"71025770cf923f656ba2375436a1bd85ac00affc","remote_ref":null,"can":{}}'
    headers:
      Connection:
      - keep-alive
      Content-Length:
      - '370'
      Content-Type:
      - application/json
      Date:
      - Tue, 05 Apr 2022 13:58:48 GMT
      Strict-Transport-Security:
      - max-age=15724800; includeSubDomains
      Vary:
      - Accept-Encoding
      - Accept-Encoding, Origin
      X-B3-ParentSpanId:
      - '5415801603585258'
      X-B3-Sampled:
      - '0'
      X-B3-SpanId:
      - '5415801603585258'
      X-B3-TraceId:
      - 624c4b18b25c47695415801603585258
      X-Content-Type-Options:
      - nosniff
    status:
      code: 200
      message: OK
- request:
    body: '{"workspace_id": "production"}'
    headers:
      Content-Length:
      - '30'
      Content-Type:
      - application/json
      Cookie:
      - looker.browser=39326198
    method: PATCH
    uri: https://spectacles.looker.com:19999/api/3.1/session
  response:
    body:
      string: '{"workspace_id":"production","sudo_user_id":null,"can":{"view":true,"update":true}}'
    headers:
      Connection:
      - keep-alive
      Content-Length:
      - '83'
      Content-Type:
      - application/json
      Date:
      - Tue, 05 Apr 2022 13:58:48 GMT
      Strict-Transport-Security:
      - max-age=15724800; includeSubDomains
      Vary:
      - Accept-Encoding, Origin
      X-B3-ParentSpanId:
      - 8b850fcd2986881e
      X-B3-Sampled:
      - '0'
      X-B3-SpanId:
      - 8b850fcd2986881e
      X-B3-TraceId:
      - 624c4b182bbdf0be8b850fcd2986881e
      X-Content-Type-Options:
      - nosniff
    status:
      code: 200
      message: OK
- request:
    body: null
    headers:
      Cookie:
      - looker.browser=39326198
    method: GET
    uri: https://spectacles.looker.com:19999/api/3.1/session
  response:
    body:
      string: '{"workspace_id":"production","sudo_user_id":null,"can":{"view":true,"update":true}}'
    headers:
      Connection:
      - keep-alive
      Content-Length:
      - '83'
      Content-Type:
      - application/json
      Date:
      - Tue, 05 Apr 2022 13:58:48 GMT
      Strict-Transport-Security:
      - max-age=15724800; includeSubDomains
      Vary:
      - Accept-Encoding, Origin
      X-B3-ParentSpanId:
      - 5f50efa2736065d2
      X-B3-Sampled:
      - '0'
      X-B3-SpanId:
      - 5f50efa2736065d2
      X-B3-TraceId:
      - 624c4b1809b2e2345f50efa2736065d2
      X-Content-Type-Options:
      - nosniff
    status:
      code: 200
      message: OK
- request:
    body: null
    headers:
      Cookie:
      - looker.browser=39326198
    method: GET
    uri: https://spectacles.looker.com:19999/api/3.1/projects/welcome_to_looker/git_branch
  response:
    body:
      string: '{"name":"master","remote":"origin","remote_name":"master","error":null,"message":null,"owner_name":null,"readonly":false,"personal":false,"is_local":true,"is_remote":true,"is_production":true,"ahead_count":0,"behind_count":0,"commit_at":1589215827,"ref":"71025770cf923f656ba2375436a1bd85ac00affc","remote_ref":"71025770cf923f656ba2375436a1bd85ac00affc","can":{}}'
    headers:
      Connection:
      - keep-alive
      Content-Length:
      - '362'
      Content-Type:
      - application/json
      Date:
      - Tue, 05 Apr 2022 13:58:48 GMT
      Strict-Transport-Security:
      - max-age=15724800; includeSubDomains
      Vary:
      - Accept-Encoding
      - Accept-Encoding, Origin
      X-B3-ParentSpanId:
      - 1f14226c9f5a8588
      X-B3-Sampled:
      - '0'
      X-B3-SpanId:
      - 1f14226c9f5a8588
      X-B3-TraceId:
      - 624c4b180bd17fa21f14226c9f5a8588
      X-Content-Type-Options:
      - nosniff
    status:
      code: 200
      message: OK
- request:
    body: '{"workspace_id": "dev"}'
    headers:
      Content-Length:
      - '23'
      Content-Type:
      - application/json
      Cookie:
      - looker.browser=39326198
    method: PATCH
    uri: https://spectacles.looker.com:19999/api/3.1/session
  response:
    body:
      string: '{"workspace_id":"dev","sudo_user_id":null,"can":{"view":true,"update":true}}'
    headers:
      Connection:
      - keep-alive
      Content-Length:
      - '76'
      Content-Type:
      - application/json
      Date:
      - Tue, 05 Apr 2022 13:58:48 GMT
      Strict-Transport-Security:
      - max-age=15724800; includeSubDomains
      Vary:
      - Accept-Encoding, Origin
      X-B3-ParentSpanId:
      - e9160f51b507de43
      X-B3-Sampled:
      - '0'
      X-B3-SpanId:
      - e9160f51b507de43
      X-B3-TraceId:
      - 624c4b1858507c59e9160f51b507de43
      X-Content-Type-Options:
      - nosniff
    status:
      code: 200
      message: OK
- request:
    body: null
    headers:
      Cookie:
      - looker.browser=39326198
    method: GET
    uri: https://spectacles.looker.com:19999/api/3.1/session
  response:
    body:
      string: '{"workspace_id":"dev","sudo_user_id":null,"can":{"view":true,"update":true}}'
    headers:
      Connection:
      - keep-alive
      Content-Length:
      - '76'
      Content-Type:
      - application/json
      Date:
      - Tue, 05 Apr 2022 13:58:48 GMT
      Strict-Transport-Security:
      - max-age=15724800; includeSubDomains
      Vary:
      - Accept-Encoding, Origin
      X-B3-ParentSpanId:
      - 292d58a2fbf79b0a
      X-B3-Sampled:
      - '0'
      X-B3-SpanId:
      - 292d58a2fbf79b0a
      X-B3-TraceId:
      - 624c4b18fcf3ea24292d58a2fbf79b0a
      X-Content-Type-Options:
      - nosniff
    status:
      code: 200
      message: OK
- request:
    body: null
    headers:
      Cookie:
      - looker.browser=39326198
    method: GET
    uri: https://spectacles.looker.com:19999/api/3.1/projects/welcome_to_looker/git_branch
  response:
    body:
      string: '{"name":"tmp_spectacles_5e52c0302c","remote":"origin","remote_name":"tmp_spectacles_5e52c0302c","error":null,"message":null,"owner_name":null,"readonly":false,"personal":false,"is_local":true,"is_remote":false,"is_production":false,"ahead_count":null,"behind_count":null,"commit_at":1589215827,"ref":"71025770cf923f656ba2375436a1bd85ac00affc","remote_ref":null,"can":{}}'
    headers:
      Connection:
      - keep-alive
      Content-Length:
      - '370'
      Content-Type:
      - application/json
      Date:
      - Tue, 05 Apr 2022 13:58:48 GMT
      Strict-Transport-Security:
      - max-age=15724800; includeSubDomains
      Vary:
      - Accept-Encoding
      - Accept-Encoding, Origin
      X-B3-ParentSpanId:
      - c15fa44cfc0b05f6
      X-B3-Sampled:
      - '0'
      X-B3-SpanId:
      - c15fa44cfc0b05f6
      X-B3-TraceId:
      - 624c4b187aff9b84c15fa44cfc0b05f6
      X-Content-Type-Options:
      - nosniff
    status:
      code: 200
      message: OK
- request:
    body: '{"name": "tmp_spectacles_b"}'
    headers:
      Content-Length:
      - '28'
      Content-Type:
      - application/json
      Cookie:
      - looker.browser=39326198
    method: POST
    uri: https://spectacles.looker.com:19999/api/3.1/projects/welcome_to_looker/git_branch
  response:
    body:
      string: '{"name":"tmp_spectacles_b","remote":"origin","remote_name":"tmp_spectacles_b","error":null,"message":null,"owner_name":null,"readonly":false,"personal":false,"is_local":true,"is_remote":false,"is_production":false,"ahead_count":null,"behind_count":null,"commit_at":1589215827,"ref":"71025770cf923f656ba2375436a1bd85ac00affc","remote_ref":null,"can":{}}'
    headers:
      Connection:
      - keep-alive
      Content-Length:
      - '352'
      Content-Type:
      - application/json
      Date:
      - Tue, 05 Apr 2022 13:58:49 GMT
      Strict-Transport-Security:
      - max-age=15724800; includeSubDomains
      Vary:
      - Accept-Encoding
      - Accept-Encoding, Origin
      X-B3-ParentSpanId:
      - 150a4e9f46db6a0a
      X-B3-Sampled:
      - '0'
      X-B3-SpanId:
      - 150a4e9f46db6a0a
      X-B3-TraceId:
      - 624c4b1835dbc0cb150a4e9f46db6a0a
      X-Content-Type-Options:
      - nosniff
    status:
      code: 200
      message: OK
- request:
    body: '{"name": "tmp_spectacles_b", "ref": "71025770cf923f656ba2375436a1bd85ac00affc"}'
    headers:
      Content-Length:
      - '79'
      Content-Type:
      - application/json
      Cookie:
      - looker.browser=39326198
    method: PUT
    uri: https://spectacles.looker.com:19999/api/3.1/projects/welcome_to_looker/git_branch
  response:
    body:
      string: '{"name":"tmp_spectacles_b","remote":"origin","remote_name":"tmp_spectacles_b","error":null,"message":null,"owner_name":null,"readonly":false,"personal":false,"is_local":true,"is_remote":false,"is_production":false,"ahead_count":null,"behind_count":null,"commit_at":1589215827,"ref":"71025770cf923f656ba2375436a1bd85ac00affc","remote_ref":null,"can":{}}'
    headers:
      Connection:
      - keep-alive
      Content-Length:
      - '352'
      Content-Type:
      - application/json
      Date:
      - Tue, 05 Apr 2022 13:58:49 GMT
      Strict-Transport-Security:
      - max-age=15724800; includeSubDomains
      Vary:
      - Accept-Encoding
      - Accept-Encoding, Origin
      X-B3-ParentSpanId:
      - ada07e568cbda396
      X-B3-Sampled:
      - '0'
      X-B3-SpanId:
      - ada07e568cbda396
      X-B3-TraceId:
      - 624c4b199e5026dfada07e568cbda396
      X-Content-Type-Options:
      - nosniff
    status:
      code: 200
      message: OK
- request:
    body: null
    headers:
      Cookie:
      - looker.browser=39326198
    method: GET
    uri: https://spectacles.looker.com:19999/api/3.1/projects/welcome_to_looker/manifest
  response:
    body:
      string: "<!DOCTYPE html>\n<html>\n<head>\n    <title>Looker Not Found (404)</title>\n
        \   <link href='https://fonts.googleapis.com/css?family=Open+Sans:400,600'
        rel='stylesheet' type='text/css'>\n\n    <!-- @@@@@@@@@@@@@ FAVICONS @@@@@@@@@@@@@
        -->\n\n    <link rel=\"apple-touch-icon-precomposed\" sizes=\"57x57\" href=\"https://wwwstatic-b.lookercdn.com/favicon/apple-touch-icon-57x57.png\"
        />\n    <link rel=\"apple-touch-icon-precomposed\" sizes=\"114x114\" href=\"https://wwwstatic-c.lookercdn.com/favicon/apple-touch-icon-114x114.png\"
        />\n    <link rel=\"apple-touch-icon-precomposed\" sizes=\"72x72\" href=\"https://wwwstatic-d.lookercdn.com/favicon/apple-touch-icon-72x72.png\"
        />\n    <link rel=\"apple-touch-icon-precomposed\" sizes=\"144x144\" href=\"https://wwwstatic-a.lookercdn.com/favicon/apple-touch-icon-144x144.png\"
        />\n    <link rel=\"apple-touch-icon-precomposed\" sizes=\"60x60\" href=\"https://wwwstatic-b.lookercdn.com/favicon/apple-touch-icon-60x60.png\"
        />\n    <link rel=\"apple-touch-icon-precomposed\" sizes=\"120x120\" href=\"https://wwwstatic-c.lookercdn.com/favicon/apple-touch-icon-120x120.png\"
        />\n    <link rel=\"apple-touch-icon-precomposed\" sizes=\"76x76\" href=\"https://wwwstatic-d.lookercdn.com/favicon/apple-touch-icon-76x76.png\"
        />\n    <link rel=\"apple-touch-icon-precomposed\" sizes=\"152x152\" href=\"https://wwwstatic-a.lookercdn.com/favicon/apple-touch-icon-152x152.png\"
        />\n    <link rel=\"icon\" type=\"image/png\" href=\"https://wwwstatic-b.lookercdn.com/favicon/favicon-196x196.png\"
        sizes=\"196x196\" />\n    <link rel=\"icon\" type=\"image/png\" href=\"https://wwwstatic-c.lookercdn.com/favicon/favicon-96x96.png\"
        sizes=\"96x96\" />\n    <link rel=\"icon\" type=\"image/png\" href=\"https://wwwstatic-d.lookercdn.com/favicon/favicon-32x32.png\"
        sizes=\"32x32\" />\n    <link rel=\"icon\" type=\"image/png\" href=\"https://wwwstatic-a.lookercdn.com/favicon/favicon-16x16.png\"
        sizes=\"16x16\" />\n    <link rel=\"icon\" type=\"image/png\" href=\"https://wwwstatic-b.lookercdn.com/favicon/favicon-128.png\"
        sizes=\"128x128\" />\n    <meta name=\"application-name\" content=\"Looker\"/>\n
        \   <meta name=\"msapplication-TileColor\" content=\"#FFFFFF\" />\n    <meta
        name=\"msapplication-TileImage\" content=\"https://wwwstatic-c.lookercdn.com/favicon/mstile-144x144.png\"
        />\n    <meta name=\"msapplication-square70x70logo\" content=\"https://wwwstatic-d.lookercdn.com/favicon/mstile-70x70.png\"
        />\n    <meta name=\"msapplication-square150x150logo\" content=\"https://wwwstatic-a.lookercdn.com/favicon/mstile-150x150.png\"
        />\n    <meta name=\"msapplication-wide310x150logo\" content=\"https://wwwstatic-b.lookercdn.com/favicon/mstile-310x150.png\"
        />\n    <meta name=\"msapplication-square310x310logo\" content=\"https://wwwstatic-c.lookercdn.com/favicon/mstile-310x310.png\"
        />\n\n    <style type=\"text/css\">\n        body {\n            background-color:
        #2e343f;\n            color: white;\n            height: auto;\n            font-family:
        Open Sans, Helvetica, Arial, sans-serif;\n        }\n        .message {\n
        \           width: 100%;\n            max-width: 760px;\n            margin:
        0 auto;\n            margin-top: 135px;\n            text-align: center;\n
        \       }\n        h2, h3 {\n            font-weight: normal;\n        }\n
        \       a {\n            color: white;\n        }\n    </style>\n</head>\n<body>\n\n
        \   <div class=\"message\">\n\n        <img width=\"210\" height=\"84\" src=\"https://wwwstatic-a.lookercdn.com/logos/looker_all_white.svg\"
        alt=\"Looker\">\n\n        <h1>Looker is unavailable.</h1>\n\n        <h2>If
        you typed in a URL, double-check the spelling.</h2>\n        <h2>This may
        also be due to a temporary condition such as an outage, <a href=\"https://docs.looker.com/relnotes/hosted-maintenance-hours\">scheduled
        maintenance</a> or upgrade.</h2>\n        <br>\n        <h3>\n            If
        this message persists or you have any concerns, <br> contact us from\n            <a
        href=\"https://help.looker.com\">help.looker.com</a> and we'll respond promptly.\n
        \       </h3>\n\n    </div>\n\n</body>\n</html>\n"
    headers:
      Connection:
      - close
      Content-Type:
      - text/html
      Date:
      - Tue, 05 Apr 2022 13:58:50 GMT
      Vary:
      - Accept-Encoding
    status:
      code: 404
      message: Not Found
- request:
    body: '{"query_id": 2216, "result_format": "json_detail"}'
    headers:
      Content-Length:
      - '50'
      Content-Type:
      - application/json
      Cookie:
      - looker.browser=39326198
    method: POST
    uri: https://spectacles.looker.com:19999/api/3.1/query_tasks?fields=id&cache=false
  response:
    body:
      string: '{"id":"2cd3996b16eb3f765b904b29fbdaf66a"}'
    headers:
      Connection:
      - keep-alive
      Content-Length:
      - '41'
      Content-Type:
      - application/json
      Date:
      - Tue, 05 Apr 2022 13:58:50 GMT
      Strict-Transport-Security:
      - max-age=15724800; includeSubDomains
      Vary:
      - Accept-Encoding, Origin
      X-B3-ParentSpanId:
      - 85e137f4cae1cbbb
      X-B3-Sampled:
      - '0'
      X-B3-SpanId:
      - 85e137f4cae1cbbb
      X-B3-TraceId:
      - 624c4b1aae71aec185e137f4cae1cbbb
      X-Content-Type-Options:
      - nosniff
    status:
      code: 200
      message: OK
- request:
    body: '{"query_id": 1944, "result_format": "json_detail"}'
    headers:
      Content-Length:
      - '50'
      Content-Type:
      - application/json
      Cookie:
      - looker.browser=39326198
    method: POST
    uri: https://spectacles.looker.com:19999/api/3.1/query_tasks?fields=id&cache=false
  response:
    body:
      string: '{"id":"d4826f6fc53272f6a49ba698921e7c84"}'
    headers:
      Connection:
      - keep-alive
      Content-Length:
      - '41'
      Content-Type:
      - application/json
      Date:
      - Tue, 05 Apr 2022 13:58:50 GMT
      Strict-Transport-Security:
      - max-age=15724800; includeSubDomains
      Vary:
      - Accept-Encoding, Origin
      X-B3-ParentSpanId:
      - 797f99e8fba0cc7d
      X-B3-Sampled:
      - '0'
      X-B3-SpanId:
      - 797f99e8fba0cc7d
      X-B3-TraceId:
      - 624c4b1adfe55585797f99e8fba0cc7d
      X-Content-Type-Options:
      - nosniff
    status:
      code: 200
      message: OK
- request:
    body: null
    headers:
      Cookie:
      - looker.browser=39326198
    method: GET
    uri: https://spectacles.looker.com:19999/api/3.1/query_tasks/multi_results?query_task_ids=2cd3996b16eb3f765b904b29fbdaf66a%2Cd4826f6fc53272f6a49ba698921e7c84
  response:
    body:
      string: '{"2cd3996b16eb3f765b904b29fbdaf66a":{"status":"running"},"d4826f6fc53272f6a49ba698921e7c84":{"status":"added"}}'
    headers:
      Connection:
      - keep-alive
      Content-Length:
      - '111'
      Content-Type:
      - application/json
      Date:
      - Tue, 05 Apr 2022 13:58:50 GMT
      Strict-Transport-Security:
      - max-age=15724800; includeSubDomains
      Vary:
      - Accept-Encoding, Origin
      X-B3-ParentSpanId:
      - 6636224f04ab804e
      X-B3-Sampled:
      - '0'
      X-B3-SpanId:
      - 6636224f04ab804e
      X-B3-TraceId:
      - 624c4b1af580680a6636224f04ab804e
      X-Content-Type-Options:
      - nosniff
    status:
      code: 200
      message: OK
- request:
    body: null
    headers:
      Cookie:
      - looker.browser=39326198
    method: GET
    uri: https://spectacles.looker.com:19999/api/3.1/query_tasks/multi_results?query_task_ids=2cd3996b16eb3f765b904b29fbdaf66a%2Cd4826f6fc53272f6a49ba698921e7c84
  response:
    body:
      string: '{"2cd3996b16eb3f765b904b29fbdaf66a":{"status":"complete","result_source":"query","data":{"from_cache":true,"id":"2cd3996b16eb3f765b904b29fbdaf66a","truncated":true,"supports_pivot_in_db":true,"null_sort_treatment":"low","expired":false,"ran_at":"2022-04-05T13:58:51+00:00","aggregate_table_used_info":null,"runtime":"0.505","added_params":{"query_timezone":"America/New_York","sorts":["users.city"]},"forecast_result":null,"dialect_specific_metadata":{"total_bytes_processed":0,"backend_cache_hit":true,"bi_engine_mode":null,"bi_engine_reasons":null,"bigquery_job_id":"looker-partners:US.job_lksxWxVGjBfYoRJd4zKbQiIm1sJs"},"sql":"SELECT\n    users.city  AS
        users_city,\n    users.email  AS users_email,\n    users.first_name  AS users_first_name,\n    users.id  AS
        users_id,\n    users.last_name  AS users_last_name,\n    users.state  AS users_state\nFROM
        looker-private-demo.ecomm.users\n     AS users\nWHERE (1 = 2)\nORDER BY\n    1\nLIMIT
        0","sql_explain":null,"fields":{"measures":[],"dimensions":[{"align":"left","can_filter":true,"category":"dimension","default_filter_value":null,"description":"","enumerations":null,"field_group_label":null,"fill_style":null,"fiscal_month_offset":0,"has_allowed_values":false,"hidden":false,"is_filter":false,"is_numeric":false,"label":"Users
        City","label_from_parameter":null,"label_short":"City","map_layer":null,"name":"users.city","strict_value_format":false,"requires_refresh_on_sort":false,"sortable":true,"suggestions":null,"tags":[],"type":"string","user_attribute_filter_types":["string","advanced_filter_string"],"value_format":null,"view":"users","view_label":"Users","dynamic":false,"week_start_day":"monday","original_view":"users","dimension_group":null,"error":null,"field_group_variant":"City","measure":false,"parameter":false,"primary_key":false,"project_name":"eye_exam","scope":"users","suggest_dimension":"users.city","suggest_explore":"users","suggestable":true,"is_fiscal":false,"is_timeframe":false,"can_time_filter":false,"time_interval":null,"lookml_link":"/projects/eye_exam/files/views%2Fusers.view.lkml?line=23","permanent":null,"source_file":"views/users.view.lkml","source_file_path":"eye_exam/views/users.view.lkml","sql":"${TABLE}.city
        ","sql_case":null,"filters":null,"times_used":0,"sorted":{"sort_index":0,"desc":false}},{"align":"left","can_filter":true,"category":"dimension","default_filter_value":null,"description":"","enumerations":null,"field_group_label":null,"fill_style":null,"fiscal_month_offset":0,"has_allowed_values":false,"hidden":false,"is_filter":false,"is_numeric":false,"label":"Users
        Email","label_from_parameter":null,"label_short":"Email","map_layer":null,"name":"users.email","strict_value_format":false,"requires_refresh_on_sort":false,"sortable":true,"suggestions":null,"tags":[],"type":"string","user_attribute_filter_types":["string","advanced_filter_string"],"value_format":null,"view":"users","view_label":"Users","dynamic":false,"week_start_day":"monday","original_view":"users","dimension_group":null,"error":null,"field_group_variant":"Email","measure":false,"parameter":false,"primary_key":false,"project_name":"eye_exam","scope":"users","suggest_dimension":"users.email","suggest_explore":"users","suggestable":true,"is_fiscal":false,"is_timeframe":false,"can_time_filter":false,"time_interval":null,"lookml_link":"/projects/eye_exam/files/views%2Fusers.view.lkml?line=28","permanent":null,"source_file":"views/users.view.lkml","source_file_path":"eye_exam/views/users.view.lkml","sql":"${TABLE}.email
        ","sql_case":null,"filters":null,"times_used":0},{"align":"left","can_filter":true,"category":"dimension","default_filter_value":null,"description":"","enumerations":null,"field_group_label":null,"fill_style":null,"fiscal_month_offset":0,"has_allowed_values":false,"hidden":false,"is_filter":false,"is_numeric":false,"label":"Users
        First Name","label_from_parameter":null,"label_short":"First Name","map_layer":null,"name":"users.first_name","strict_value_format":false,"requires_refresh_on_sort":false,"sortable":true,"suggestions":null,"tags":[],"type":"string","user_attribute_filter_types":["string","advanced_filter_string"],"value_format":null,"view":"users","view_label":"Users","dynamic":false,"week_start_day":"monday","original_view":"users","dimension_group":null,"error":null,"field_group_variant":"First
        Name","measure":false,"parameter":false,"primary_key":false,"project_name":"eye_exam","scope":"users","suggest_dimension":"users.first_name","suggest_explore":"users","suggestable":true,"is_fiscal":false,"is_timeframe":false,"can_time_filter":false,"time_interval":null,"lookml_link":"/projects/eye_exam/files/views%2Fusers.view.lkml?line=33","permanent":null,"source_file":"views/users.view.lkml","source_file_path":"eye_exam/views/users.view.lkml","sql":"${TABLE}.first_name
        ","sql_case":null,"filters":null,"times_used":0},{"align":"right","can_filter":true,"category":"dimension","default_filter_value":null,"description":"","enumerations":null,"field_group_label":null,"fill_style":null,"fiscal_month_offset":0,"has_allowed_values":false,"hidden":false,"is_filter":false,"is_numeric":true,"label":"Users
        ID","label_from_parameter":null,"label_short":"ID","map_layer":null,"name":"users.id","strict_value_format":false,"requires_refresh_on_sort":false,"sortable":true,"suggestions":null,"tags":[],"type":"number","user_attribute_filter_types":["number","advanced_filter_number"],"value_format":null,"view":"users","view_label":"Users","dynamic":false,"week_start_day":"monday","original_view":"users","dimension_group":null,"error":null,"field_group_variant":"ID","measure":false,"parameter":false,"primary_key":true,"project_name":"eye_exam","scope":"users","suggest_dimension":"users.id","suggest_explore":"users","suggestable":false,"is_fiscal":false,"is_timeframe":false,"can_time_filter":false,"time_interval":null,"lookml_link":"/projects/eye_exam/files/views%2Fusers.view.lkml?line=6","permanent":null,"source_file":"views/users.view.lkml","source_file_path":"eye_exam/views/users.view.lkml","sql":"${TABLE}.id
        ","sql_case":null,"filters":null,"times_used":0},{"align":"left","can_filter":true,"category":"dimension","default_filter_value":null,"description":"","enumerations":null,"field_group_label":null,"fill_style":null,"fiscal_month_offset":0,"has_allowed_values":false,"hidden":false,"is_filter":false,"is_numeric":false,"label":"Users
        Last Name","label_from_parameter":null,"label_short":"Last Name","map_layer":null,"name":"users.last_name","strict_value_format":false,"requires_refresh_on_sort":false,"sortable":true,"suggestions":null,"tags":[],"type":"string","user_attribute_filter_types":["string","advanced_filter_string"],"value_format":null,"view":"users","view_label":"Users","dynamic":false,"week_start_day":"monday","original_view":"users","dimension_group":null,"error":null,"field_group_variant":"Last
        Name","measure":false,"parameter":false,"primary_key":false,"project_name":"eye_exam","scope":"users","suggest_dimension":"users.last_name","suggest_explore":"users","suggestable":true,"is_fiscal":false,"is_timeframe":false,"can_time_filter":false,"time_interval":null,"lookml_link":"/projects/eye_exam/files/views%2Fusers.view.lkml?line=38","permanent":null,"source_file":"views/users.view.lkml","source_file_path":"eye_exam/views/users.view.lkml","sql":"${TABLE}.last_name
        ","sql_case":null,"filters":null,"times_used":0},{"align":"left","can_filter":true,"category":"dimension","default_filter_value":null,"description":"","enumerations":null,"field_group_label":null,"fill_style":null,"fiscal_month_offset":0,"has_allowed_values":false,"hidden":false,"is_filter":false,"is_numeric":false,"label":"Users
        State","label_from_parameter":null,"label_short":"State","map_layer":{"url":"/data/us_states.topo-402e425f99.json","name":"us_states","feature_key":"usa","property_key":null,"property_label_key":null,"projection":"albersUsa","format":"","extents_json_url":null,"max_zoom_level":null,"min_zoom_level":null},"name":"users.state","strict_value_format":false,"requires_refresh_on_sort":false,"sortable":true,"suggestions":null,"tags":[],"type":"string","user_attribute_filter_types":["string","advanced_filter_string"],"value_format":null,"view":"users","view_label":"Users","dynamic":false,"week_start_day":"monday","original_view":"users","dimension_group":null,"error":null,"field_group_variant":"State","measure":false,"parameter":false,"primary_key":false,"project_name":"eye_exam","scope":"users","suggest_dimension":"users.state","suggest_explore":"users","suggestable":true,"is_fiscal":false,"is_timeframe":false,"can_time_filter":false,"time_interval":null,"lookml_link":"/projects/eye_exam/files/views%2Fusers.view.lkml?line=18","permanent":null,"source_file":"views/users.view.lkml","source_file_path":"eye_exam/views/users.view.lkml","sql":"${TABLE}.state
        ","sql_case":null,"filters":null,"times_used":0}],"table_calculations":[],"pivots":[]},"fill_fields":[],"has_totals":false,"has_row_totals":false,"applied_filters":{},"applied_filter_expression":"1=2","number_format":"1,234.56","explore":{"name":"users","label":"Users","description":null},"timezone":"America/New_York","data":[],"drill_menu_build_time":0.06656100000000001,"has_subtotals":false}},"d4826f6fc53272f6a49ba698921e7c84":{"status":"error","result_source":"query","data":{"from_cache":true,"id":"d4826f6fc53272f6a49ba698921e7c84","supports_pivot_in_db":true,"null_sort_treatment":"low","expired":false,"ran_at":"2022-04-05T13:58:50+00:00","aggregate_table_used_info":null,"runtime":"0.325","added_params":{"query_timezone":"America/New_York","sorts":["users__fail.city"]},"forecast_result":null,"sql":"SELECT\n    users__fail.city  AS
        users__fail_city,\n    users__fail.email_address  AS users__fail_email,\n    users__fail.first  AS
        users__fail_first_name,\n    users__fail.id  AS users__fail_id,\n    users__fail.last  AS
        users__fail_last_name\nFROM looker-private-demo.ecomm.users\n   AS users__fail\nWHERE
        (1 = 2)\nORDER BY\n    1\nLIMIT 0","sql_explain":null,"fields":{"measures":[],"dimensions":[{"align":"left","can_filter":true,"category":"dimension","default_filter_value":null,"description":"","enumerations":null,"field_group_label":null,"fill_style":null,"fiscal_month_offset":0,"has_allowed_values":false,"hidden":false,"is_filter":false,"is_numeric":false,"label":"Users
        Fail City","label_from_parameter":null,"label_short":"City","map_layer":null,"name":"users__fail.city","strict_value_format":false,"requires_refresh_on_sort":false,"sortable":true,"suggestions":null,"tags":[],"type":"string","user_attribute_filter_types":["string","advanced_filter_string"],"value_format":null,"view":"users__fail","view_label":"Users
        Fail","dynamic":false,"week_start_day":"monday","original_view":"users__fail","dimension_group":null,"error":null,"field_group_variant":"City","measure":false,"parameter":false,"primary_key":false,"project_name":"eye_exam","scope":"users__fail","suggest_dimension":"users__fail.city","suggest_explore":"users__fail","suggestable":true,"is_fiscal":false,"is_timeframe":false,"can_time_filter":false,"time_interval":null,"lookml_link":"/projects/eye_exam/files/views%2Fusers__fail.view.lkml?line=20","permanent":null,"source_file":"views/users__fail.view.lkml","source_file_path":"eye_exam/views/users__fail.view.lkml","sql":"${TABLE}.city
        ","sql_case":null,"filters":null,"times_used":0,"sorted":{"sort_index":0,"desc":false}},{"align":"left","can_filter":true,"category":"dimension","default_filter_value":null,"description":"","enumerations":null,"field_group_label":null,"fill_style":null,"fiscal_month_offset":0,"has_allowed_values":false,"hidden":false,"is_filter":false,"is_numeric":false,"label":"Users
        Fail Email","label_from_parameter":null,"label_short":"Email","map_layer":null,"name":"users__fail.email","strict_value_format":false,"requires_refresh_on_sort":false,"sortable":true,"suggestions":null,"tags":[],"type":"string","user_attribute_filter_types":["string","advanced_filter_string"],"value_format":null,"view":"users__fail","view_label":"Users
        Fail","dynamic":false,"week_start_day":"monday","original_view":"users__fail","dimension_group":null,"error":null,"field_group_variant":"Email","measure":false,"parameter":false,"primary_key":false,"project_name":"eye_exam","scope":"users__fail","suggest_dimension":"users__fail.email","suggest_explore":"users__fail","suggestable":true,"is_fiscal":false,"is_timeframe":false,"can_time_filter":false,"time_interval":null,"lookml_link":"/projects/eye_exam/files/views%2Fusers__fail.view.lkml?line=26","permanent":null,"source_file":"views/users__fail.view.lkml","source_file_path":"eye_exam/views/users__fail.view.lkml","sql":"${TABLE}.email_address
        ","sql_case":null,"filters":null,"times_used":0},{"align":"left","can_filter":true,"category":"dimension","default_filter_value":null,"description":"","enumerations":null,"field_group_label":null,"fill_style":null,"fiscal_month_offset":0,"has_allowed_values":false,"hidden":false,"is_filter":false,"is_numeric":false,"label":"Users
        Fail First Name","label_from_parameter":null,"label_short":"First Name","map_layer":null,"name":"users__fail.first_name","strict_value_format":false,"requires_refresh_on_sort":false,"sortable":true,"suggestions":null,"tags":[],"type":"string","user_attribute_filter_types":["string","advanced_filter_string"],"value_format":null,"view":"users__fail","view_label":"Users
        Fail","dynamic":false,"week_start_day":"monday","original_view":"users__fail","dimension_group":null,"error":null,"field_group_variant":"First
        Name","measure":false,"parameter":false,"primary_key":false,"project_name":"eye_exam","scope":"users__fail","suggest_dimension":"users__fail.first_name","suggest_explore":"users__fail","suggestable":true,"is_fiscal":false,"is_timeframe":false,"can_time_filter":false,"time_interval":null,"lookml_link":"/projects/eye_exam/files/views%2Fusers__fail.view.lkml?line=32","permanent":null,"source_file":"views/users__fail.view.lkml","source_file_path":"eye_exam/views/users__fail.view.lkml","sql":"${TABLE}.first
        ","sql_case":null,"filters":null,"times_used":0},{"align":"right","can_filter":true,"category":"dimension","default_filter_value":null,"description":"","enumerations":null,"field_group_label":null,"fill_style":null,"fiscal_month_offset":0,"has_allowed_values":false,"hidden":false,"is_filter":false,"is_numeric":true,"label":"Users
        Fail ID","label_from_parameter":null,"label_short":"ID","map_layer":null,"name":"users__fail.id","strict_value_format":false,"requires_refresh_on_sort":false,"sortable":true,"suggestions":null,"tags":[],"type":"number","user_attribute_filter_types":["number","advanced_filter_number"],"value_format":null,"view":"users__fail","view_label":"Users
        Fail","dynamic":false,"week_start_day":"monday","original_view":"users__fail","dimension_group":null,"error":null,"field_group_variant":"ID","measure":false,"parameter":false,"primary_key":true,"project_name":"eye_exam","scope":"users__fail","suggest_dimension":"users__fail.id","suggest_explore":"users__fail","suggestable":false,"is_fiscal":false,"is_timeframe":false,"can_time_filter":false,"time_interval":null,"lookml_link":"/projects/eye_exam/files/views%2Fusers__fail.view.lkml?line=8","permanent":null,"source_file":"views/users__fail.view.lkml","source_file_path":"eye_exam/views/users__fail.view.lkml","sql":"${TABLE}.id
        ","sql_case":null,"filters":null,"times_used":0},{"align":"left","can_filter":true,"category":"dimension","default_filter_value":null,"description":"","enumerations":null,"field_group_label":null,"fill_style":null,"fiscal_month_offset":0,"has_allowed_values":false,"hidden":false,"is_filter":false,"is_numeric":false,"label":"Users
        Fail Last Name","label_from_parameter":null,"label_short":"Last Name","map_layer":null,"name":"users__fail.last_name","strict_value_format":false,"requires_refresh_on_sort":false,"sortable":true,"suggestions":null,"tags":[],"type":"string","user_attribute_filter_types":["string","advanced_filter_string"],"value_format":null,"view":"users__fail","view_label":"Users
        Fail","dynamic":false,"week_start_day":"monday","original_view":"users__fail","dimension_group":null,"error":null,"field_group_variant":"Last
        Name","measure":false,"parameter":false,"primary_key":false,"project_name":"eye_exam","scope":"users__fail","suggest_dimension":"users__fail.last_name","suggest_explore":"users__fail","suggestable":true,"is_fiscal":false,"is_timeframe":false,"can_time_filter":false,"time_interval":null,"lookml_link":"/projects/eye_exam/files/views%2Fusers__fail.view.lkml?line=38","permanent":null,"source_file":"views/users__fail.view.lkml","source_file_path":"eye_exam/views/users__fail.view.lkml","sql":"${TABLE}.last
        ","sql_case":null,"filters":null,"times_used":0}],"table_calculations":[],"pivots":[]},"fill_fields":[],"has_totals":false,"has_row_totals":false,"applied_filters":{},"applied_filter_expression":"1=2","number_format":"1,234.56","explore":{"name":"users__fail","label":"Users
        Fail","description":null},"timezone":"America/New_York","data":[],"errors":[{"message":"The
        Google BigQuery Standard SQL database encountered an error while running this
        query.","message_details":"Query execution failed:  - Name email_address not
        found inside users__fail at [3:17]","params":"SELECT\n    users__fail.city  AS
        users__fail_city,\n    users__fail.email_address  AS users__fail_email,\n    users__fail.first  AS
        users__fail_first_name,\n    users__fail.id  AS users__fail_id,\n    users__fail.last  AS
        users__fail_last_name\nFROM looker-private-demo.ecomm.users\n   AS users__fail\nWHERE
        (1 = 2)\nORDER BY\n    1\nLIMIT 0","edit_url":null,"error_pos":null,"level":"error","sql_error_loc":{"line":3,"column":17}}],"drill_menu_build_time":0.039158,"has_subtotals":false}}}'
    headers:
      Connection:
      - keep-alive
      Content-Length:
      - '17765'
      Content-Type:
      - application/json
      Date:
      - Tue, 05 Apr 2022 13:58:51 GMT
      Strict-Transport-Security:
      - max-age=15724800; includeSubDomains
      Vary:
      - Accept-Encoding
      - Accept-Encoding, Origin
      X-B3-ParentSpanId:
      - f15940058a1ccd6a
      X-B3-Sampled:
      - '0'
      X-B3-SpanId:
      - f15940058a1ccd6a
      X-B3-TraceId:
      - 624c4b1bc574f50ff15940058a1ccd6a
      X-Content-Type-Options:
      - nosniff
    status:
      code: 200
      message: OK
- request:
    body: '{"name": "tmp_spectacles_5e52c0302c"}'
    headers:
      Content-Length:
      - '37'
      Content-Type:
      - application/json
      Cookie:
      - looker.browser=39326198
    method: PUT
    uri: https://spectacles.looker.com:19999/api/3.1/projects/welcome_to_looker/git_branch
  response:
    body:
      string: '{"name":"tmp_spectacles_5e52c0302c","remote":"origin","remote_name":"tmp_spectacles_5e52c0302c","error":null,"message":null,"owner_name":null,"readonly":false,"personal":false,"is_local":true,"is_remote":false,"is_production":false,"ahead_count":null,"behind_count":null,"commit_at":1589215827,"ref":"71025770cf923f656ba2375436a1bd85ac00affc","remote_ref":null,"can":{}}'
    headers:
      Connection:
      - keep-alive
      Content-Length:
      - '370'
      Content-Type:
      - application/json
      Date:
      - Tue, 05 Apr 2022 13:58:52 GMT
      Strict-Transport-Security:
      - max-age=15724800; includeSubDomains
      Vary:
      - Accept-Encoding
      - Accept-Encoding, Origin
      X-B3-ParentSpanId:
      - daedf0e2b175dfb2
      X-B3-Sampled:
      - '0'
      X-B3-SpanId:
      - daedf0e2b175dfb2
      X-B3-TraceId:
      - 624c4b1b58ee39e8daedf0e2b175dfb2
      X-Content-Type-Options:
      - nosniff
    status:
      code: 200
      message: OK
- request:
    body: null
    headers:
      Content-Length:
      - '0'
      Cookie:
      - looker.browser=39326198
    method: DELETE
    uri: https://spectacles.looker.com:19999/api/3.1/projects/welcome_to_looker/git_branch/tmp_spectacles_b
  response:
    body:
      string: ''
    headers:
      Connection:
      - keep-alive
      Date:
      - Tue, 05 Apr 2022 13:58:52 GMT
      Strict-Transport-Security:
      - max-age=15724800; includeSubDomains
      Vary:
      - Origin
      X-B3-ParentSpanId:
      - 7645ae1702c5e106
      X-B3-Sampled:
      - '0'
      X-B3-SpanId:
      - 7645ae1702c5e106
      X-B3-TraceId:
      - 624c4b1c168ac33c7645ae1702c5e106
      X-Content-Type-Options:
      - nosniff
    status:
      code: 204
      message: No Content
- request:
    body: '{"name": "tmp_spectacles_5e52c0302c"}'
    headers:
      Content-Length:
      - '37'
      Content-Type:
      - application/json
      Cookie:
      - looker.browser=39326198
    method: PUT
    uri: https://spectacles.looker.com:19999/api/3.1/projects/welcome_to_looker/git_branch
  response:
    body:
      string: '{"name":"tmp_spectacles_5e52c0302c","remote":"origin","remote_name":"tmp_spectacles_5e52c0302c","error":null,"message":null,"owner_name":null,"readonly":false,"personal":false,"is_local":true,"is_remote":false,"is_production":false,"ahead_count":null,"behind_count":null,"commit_at":1589215827,"ref":"71025770cf923f656ba2375436a1bd85ac00affc","remote_ref":null,"can":{}}'
    headers:
      Connection:
      - keep-alive
      Content-Length:
      - '370'
      Content-Type:
      - application/json
      Date:
      - Tue, 05 Apr 2022 13:58:53 GMT
      Strict-Transport-Security:
      - max-age=15724800; includeSubDomains
      Vary:
      - Accept-Encoding
      - Accept-Encoding, Origin
      X-B3-ParentSpanId:
      - 59d942968da25418
      X-B3-Sampled:
      - '0'
      X-B3-SpanId:
      - 59d942968da25418
      X-B3-TraceId:
      - 624c4b1cb3ebc2f459d942968da25418
      X-Content-Type-Options:
      - nosniff
    status:
      code: 200
      message: OK
- request:
    body: '{"workspace_id": "production"}'
    headers:
      Content-Length:
      - '30'
      Content-Type:
      - application/json
      Cookie:
      - looker.browser=39326198
    method: PATCH
    uri: https://spectacles.looker.com:19999/api/3.1/session
  response:
    body:
      string: '{"workspace_id":"production","sudo_user_id":null,"can":{"view":true,"update":true}}'
    headers:
      Connection:
      - keep-alive
      Content-Length:
      - '83'
      Content-Type:
      - application/json
      Date:
      - Tue, 05 Apr 2022 13:58:53 GMT
      Strict-Transport-Security:
      - max-age=15724800; includeSubDomains
      Vary:
      - Accept-Encoding, Origin
      X-B3-ParentSpanId:
      - 903cbbb22073e120
      X-B3-Sampled:
      - '0'
      X-B3-SpanId:
      - 903cbbb22073e120
      X-B3-TraceId:
      - 624c4b1d874f1a27903cbbb22073e120
      X-Content-Type-Options:
      - nosniff
    status:
      code: 200
      message: OK
- request:
    body: '{"workspace_id": "dev"}'
    headers:
      Content-Length:
      - '23'
      Content-Type:
      - application/json
      Cookie:
      - looker.browser=39326198
    method: PATCH
    uri: https://spectacles.looker.com:19999/api/3.1/session
  response:
    body:
      string: '{"workspace_id":"dev","sudo_user_id":null,"can":{"view":true,"update":true}}'
    headers:
      Connection:
      - keep-alive
      Content-Length:
      - '76'
      Content-Type:
      - application/json
      Date:
      - Tue, 05 Apr 2022 13:58:53 GMT
      Strict-Transport-Security:
      - max-age=15724800; includeSubDomains
      Vary:
      - Accept-Encoding, Origin
      X-B3-ParentSpanId:
      - c9ce36a9f6a43f88
      X-B3-Sampled:
      - '0'
      X-B3-SpanId:
      - c9ce36a9f6a43f88
      X-B3-TraceId:
      - 624c4b1d5aacd898c9ce36a9f6a43f88
      X-Content-Type-Options:
      - nosniff
    status:
      code: 200
      message: OK
- request:
    body: '{"name": "pytest"}'
    headers:
      Content-Length:
      - '18'
      Content-Type:
      - application/json
      Cookie:
      - looker.browser=39326198
    method: PUT
    uri: https://spectacles.looker.com:19999/api/3.1/projects/eye_exam/git_branch
  response:
    body:
      string: '{"name":"pytest","remote":"origin","remote_name":"pytest","error":null,"message":null,"owner_name":null,"readonly":false,"personal":false,"is_local":true,"is_remote":true,"is_production":false,"ahead_count":0,"behind_count":0,"commit_at":1648832027,"ref":"742b118d314d2478a215aa02016c09e173deec7e","remote_ref":"742b118d314d2478a215aa02016c09e173deec7e","can":{}}'
    headers:
      Connection:
      - keep-alive
      Content-Length:
      - '363'
      Content-Type:
      - application/json
      Date:
      - Tue, 05 Apr 2022 13:58:53 GMT
      Strict-Transport-Security:
      - max-age=15724800; includeSubDomains
      Vary:
      - Accept-Encoding
      - Accept-Encoding, Origin
      X-B3-ParentSpanId:
      - d35e9df7f577ab7c
      X-B3-Sampled:
      - '0'
      X-B3-SpanId:
      - d35e9df7f577ab7c
      X-B3-TraceId:
      - 624c4b1dd6e618b9d35e9df7f577ab7c
      X-Content-Type-Options:
      - nosniff
    status:
      code: 200
      message: OK
- request:
    body: null
    headers:
      Content-Length:
      - '0'
      Cookie:
      - looker.browser=39326198
    method: POST
    uri: https://spectacles.looker.com:19999/api/3.1/projects/eye_exam/reset_to_remote
  response:
    body:
      string: ''
    headers:
      Connection:
      - keep-alive
      Date:
      - Tue, 05 Apr 2022 13:58:54 GMT
      Strict-Transport-Security:
      - max-age=15724800; includeSubDomains
      Vary:
      - Origin
      X-B3-ParentSpanId:
      - 429de9ace13b5810
      X-B3-Sampled:
      - '0'
      X-B3-SpanId:
      - 429de9ace13b5810
      X-B3-TraceId:
      - 624c4b1d53bd6a75429de9ace13b5810
      X-Content-Type-Options:
      - nosniff
    status:
      code: 204
      message: No Content
- request:
    body: null
    headers:
      Cookie:
      - looker.browser=39326198
    method: GET
    uri: https://spectacles.looker.com:19999/api/3.1/projects/eye_exam/manifest
  response:
    body:
      string: '{"name":"eye_exam","imports":[{"name":"welcome_to_looker","url":null,"ref":null,"is_remote":false,"can":{}}],"localization_settings":null,"can":{}}'
    headers:
      Connection:
      - keep-alive
      Content-Length:
      - '147'
      Content-Type:
      - application/json
      Date:
      - Tue, 05 Apr 2022 13:58:54 GMT
      Strict-Transport-Security:
      - max-age=15724800; includeSubDomains
      Vary:
      - Accept-Encoding, Origin
      X-B3-ParentSpanId:
      - 9b2644029bfda1d5
      X-B3-Sampled:
      - '0'
      X-B3-SpanId:
      - 9b2644029bfda1d5
      X-B3-TraceId:
      - 624c4b1eec0bb9c39b2644029bfda1d5
      X-Content-Type-Options:
      - nosniff
    status:
      code: 200
      message: OK
- request:
    body: null
    headers:
      Cookie:
      - looker.browser=39326198
    method: GET
    uri: https://spectacles.looker.com:19999/api/3.1/session
  response:
    body:
      string: '{"workspace_id":"dev","sudo_user_id":null,"can":{"view":true,"update":true}}'
    headers:
      Connection:
      - keep-alive
      Content-Length:
      - '76'
      Content-Type:
      - application/json
      Date:
      - Tue, 05 Apr 2022 13:58:54 GMT
      Strict-Transport-Security:
      - max-age=15724800; includeSubDomains
      Vary:
      - Accept-Encoding, Origin
      X-B3-ParentSpanId:
      - 0c7a098d8ef79b07
      X-B3-Sampled:
      - '0'
      X-B3-SpanId:
      - 0c7a098d8ef79b07
      X-B3-TraceId:
      - 624c4b1e7d22c2dc0c7a098d8ef79b07
      X-Content-Type-Options:
      - nosniff
    status:
      code: 200
      message: OK
- request:
    body: null
    headers:
      Cookie:
      - looker.browser=39326198
    method: GET
    uri: https://spectacles.looker.com:19999/api/3.1/projects/welcome_to_looker/git_branch
  response:
    body:
      string: '{"name":"tmp_spectacles_5e52c0302c","remote":"origin","remote_name":"tmp_spectacles_5e52c0302c","error":null,"message":null,"owner_name":null,"readonly":false,"personal":false,"is_local":true,"is_remote":false,"is_production":false,"ahead_count":null,"behind_count":null,"commit_at":1589215827,"ref":"71025770cf923f656ba2375436a1bd85ac00affc","remote_ref":null,"can":{}}'
    headers:
      Connection:
      - keep-alive
      Content-Length:
      - '370'
      Content-Type:
      - application/json
      Date:
      - Tue, 05 Apr 2022 13:58:55 GMT
      Strict-Transport-Security:
      - max-age=15724800; includeSubDomains
      Vary:
      - Accept-Encoding
      - Accept-Encoding, Origin
      X-B3-ParentSpanId:
      - f50bd8123e268fc1
      X-B3-Sampled:
      - '0'
      X-B3-SpanId:
      - f50bd8123e268fc1
      X-B3-TraceId:
      - 624c4b1ed3223eabf50bd8123e268fc1
      X-Content-Type-Options:
      - nosniff
    status:
      code: 200
      message: OK
- request:
    body: '{"workspace_id": "production"}'
    headers:
      Content-Length:
      - '30'
      Content-Type:
      - application/json
      Cookie:
      - looker.browser=39326198
    method: PATCH
    uri: https://spectacles.looker.com:19999/api/3.1/session
  response:
    body:
      string: '{"workspace_id":"production","sudo_user_id":null,"can":{"view":true,"update":true}}'
    headers:
      Connection:
      - keep-alive
      Content-Length:
      - '83'
      Content-Type:
      - application/json
      Date:
      - Tue, 05 Apr 2022 13:58:55 GMT
      Strict-Transport-Security:
      - max-age=15724800; includeSubDomains
      Vary:
      - Accept-Encoding, Origin
      X-B3-ParentSpanId:
      - 8b36e1ec6ec04fb9
      X-B3-Sampled:
      - '0'
      X-B3-SpanId:
      - 8b36e1ec6ec04fb9
      X-B3-TraceId:
      - 624c4b1f95dc51888b36e1ec6ec04fb9
      X-Content-Type-Options:
      - nosniff
    status:
      code: 200
      message: OK
- request:
    body: null
    headers:
      Cookie:
      - looker.browser=39326198
    method: GET
    uri: https://spectacles.looker.com:19999/api/3.1/session
  response:
    body:
      string: '{"workspace_id":"production","sudo_user_id":null,"can":{"view":true,"update":true}}'
    headers:
      Connection:
      - keep-alive
      Content-Length:
      - '83'
      Content-Type:
      - application/json
      Date:
      - Tue, 05 Apr 2022 13:58:55 GMT
      Strict-Transport-Security:
      - max-age=15724800; includeSubDomains
      Vary:
      - Accept-Encoding, Origin
      X-B3-ParentSpanId:
      - 081753a5112b5385
      X-B3-Sampled:
      - '0'
      X-B3-SpanId:
      - 081753a5112b5385
      X-B3-TraceId:
      - 624c4b1fc4a79578081753a5112b5385
      X-Content-Type-Options:
      - nosniff
    status:
      code: 200
      message: OK
- request:
    body: null
    headers:
      Cookie:
      - looker.browser=39326198
    method: GET
    uri: https://spectacles.looker.com:19999/api/3.1/projects/welcome_to_looker/git_branch
  response:
    body:
      string: '{"name":"master","remote":"origin","remote_name":"master","error":null,"message":null,"owner_name":null,"readonly":false,"personal":false,"is_local":true,"is_remote":true,"is_production":true,"ahead_count":0,"behind_count":0,"commit_at":1589215827,"ref":"71025770cf923f656ba2375436a1bd85ac00affc","remote_ref":"71025770cf923f656ba2375436a1bd85ac00affc","can":{}}'
    headers:
      Connection:
      - keep-alive
      Content-Length:
      - '362'
      Content-Type:
      - application/json
      Date:
      - Tue, 05 Apr 2022 13:58:55 GMT
      Strict-Transport-Security:
      - max-age=15724800; includeSubDomains
      Vary:
      - Accept-Encoding
      - Accept-Encoding, Origin
      X-B3-ParentSpanId:
      - 8ea2009fa6ff1327
      X-B3-Sampled:
      - '0'
      X-B3-SpanId:
      - 8ea2009fa6ff1327
      X-B3-TraceId:
      - 624c4b1f6dd055188ea2009fa6ff1327
      X-Content-Type-Options:
      - nosniff
    status:
      code: 200
      message: OK
- request:
    body: '{"workspace_id": "dev"}'
    headers:
      Content-Length:
      - '23'
      Content-Type:
      - application/json
      Cookie:
      - looker.browser=39326198
    method: PATCH
    uri: https://spectacles.looker.com:19999/api/3.1/session
  response:
    body:
      string: '{"workspace_id":"dev","sudo_user_id":null,"can":{"view":true,"update":true}}'
    headers:
      Connection:
      - keep-alive
      Content-Length:
      - '76'
      Content-Type:
      - application/json
      Date:
      - Tue, 05 Apr 2022 13:58:55 GMT
      Strict-Transport-Security:
      - max-age=15724800; includeSubDomains
      Vary:
      - Accept-Encoding, Origin
      X-B3-ParentSpanId:
      - e44f75ef7d831c05
      X-B3-Sampled:
      - '0'
      X-B3-SpanId:
      - e44f75ef7d831c05
      X-B3-TraceId:
      - 624c4b1fa251af96e44f75ef7d831c05
      X-Content-Type-Options:
      - nosniff
    status:
      code: 200
      message: OK
- request:
    body: null
    headers:
      Cookie:
      - looker.browser=39326198
    method: GET
    uri: https://spectacles.looker.com:19999/api/3.1/session
  response:
    body:
      string: '{"workspace_id":"dev","sudo_user_id":null,"can":{"view":true,"update":true}}'
    headers:
      Connection:
      - keep-alive
      Content-Length:
      - '76'
      Content-Type:
      - application/json
      Date:
      - Tue, 05 Apr 2022 13:58:55 GMT
      Strict-Transport-Security:
      - max-age=15724800; includeSubDomains
      Vary:
      - Accept-Encoding, Origin
      X-B3-ParentSpanId:
      - cdb162aba50f94a4
      X-B3-Sampled:
      - '0'
      X-B3-SpanId:
      - cdb162aba50f94a4
      X-B3-TraceId:
      - 624c4b1f1d68a3dbcdb162aba50f94a4
      X-Content-Type-Options:
      - nosniff
    status:
      code: 200
      message: OK
- request:
    body: null
    headers:
      Cookie:
      - looker.browser=39326198
    method: GET
    uri: https://spectacles.looker.com:19999/api/3.1/projects/welcome_to_looker/git_branch
  response:
    body:
      string: '{"name":"tmp_spectacles_5e52c0302c","remote":"origin","remote_name":"tmp_spectacles_5e52c0302c","error":null,"message":null,"owner_name":null,"readonly":false,"personal":false,"is_local":true,"is_remote":false,"is_production":false,"ahead_count":null,"behind_count":null,"commit_at":1589215827,"ref":"71025770cf923f656ba2375436a1bd85ac00affc","remote_ref":null,"can":{}}'
    headers:
      Connection:
      - keep-alive
      Content-Length:
      - '370'
      Content-Type:
      - application/json
      Date:
      - Tue, 05 Apr 2022 13:58:55 GMT
      Strict-Transport-Security:
      - max-age=15724800; includeSubDomains
      Vary:
      - Accept-Encoding
      - Accept-Encoding, Origin
      X-B3-ParentSpanId:
      - ff8fa6d62f1622e5
      X-B3-Sampled:
      - '0'
      X-B3-SpanId:
      - ff8fa6d62f1622e5
      X-B3-TraceId:
      - 624c4b1ffb453010ff8fa6d62f1622e5
      X-Content-Type-Options:
      - nosniff
    status:
      code: 200
      message: OK
- request:
    body: '{"name": "tmp_spectacles_c"}'
    headers:
      Content-Length:
      - '28'
      Content-Type:
      - application/json
      Cookie:
      - looker.browser=39326198
    method: POST
    uri: https://spectacles.looker.com:19999/api/3.1/projects/welcome_to_looker/git_branch
  response:
    body:
      string: '{"name":"tmp_spectacles_c","remote":"origin","remote_name":"tmp_spectacles_c","error":null,"message":null,"owner_name":null,"readonly":false,"personal":false,"is_local":true,"is_remote":false,"is_production":false,"ahead_count":null,"behind_count":null,"commit_at":1589215827,"ref":"71025770cf923f656ba2375436a1bd85ac00affc","remote_ref":null,"can":{}}'
    headers:
      Connection:
      - keep-alive
      Content-Length:
      - '352'
      Content-Type:
      - application/json
      Date:
      - Tue, 05 Apr 2022 13:58:55 GMT
      Strict-Transport-Security:
      - max-age=15724800; includeSubDomains
      Vary:
      - Accept-Encoding
      - Accept-Encoding, Origin
      X-B3-ParentSpanId:
      - 81177c4f3ad34f12
      X-B3-Sampled:
      - '0'
      X-B3-SpanId:
      - 81177c4f3ad34f12
      X-B3-TraceId:
      - 624c4b1f414f3d5f81177c4f3ad34f12
      X-Content-Type-Options:
      - nosniff
    status:
      code: 200
      message: OK
- request:
    body: '{"name": "tmp_spectacles_c", "ref": "71025770cf923f656ba2375436a1bd85ac00affc"}'
    headers:
      Content-Length:
      - '79'
      Content-Type:
      - application/json
      Cookie:
      - looker.browser=39326198
    method: PUT
    uri: https://spectacles.looker.com:19999/api/3.1/projects/welcome_to_looker/git_branch
  response:
    body:
      string: '{"name":"tmp_spectacles_c","remote":"origin","remote_name":"tmp_spectacles_c","error":null,"message":null,"owner_name":null,"readonly":false,"personal":false,"is_local":true,"is_remote":false,"is_production":false,"ahead_count":null,"behind_count":null,"commit_at":1589215827,"ref":"71025770cf923f656ba2375436a1bd85ac00affc","remote_ref":null,"can":{}}'
    headers:
      Connection:
      - keep-alive
      Content-Length:
      - '352'
      Content-Type:
      - application/json
      Date:
      - Tue, 05 Apr 2022 13:58:56 GMT
      Strict-Transport-Security:
      - max-age=15724800; includeSubDomains
      Vary:
      - Accept-Encoding
      - Accept-Encoding, Origin
      X-B3-ParentSpanId:
      - 2e9fa206ef99324a
      X-B3-Sampled:
      - '0'
      X-B3-SpanId:
      - 2e9fa206ef99324a
      X-B3-TraceId:
      - 624c4b1fa91549d92e9fa206ef99324a
      X-Content-Type-Options:
      - nosniff
    status:
      code: 200
      message: OK
- request:
    body: null
    headers:
      Cookie:
      - looker.browser=39326198
    method: GET
    uri: https://spectacles.looker.com:19999/api/3.1/projects/welcome_to_looker/manifest
  response:
    body:
      string: "<!DOCTYPE html>\n<html>\n<head>\n    <title>Looker Not Found (404)</title>\n
        \   <link href='https://fonts.googleapis.com/css?family=Open+Sans:400,600'
        rel='stylesheet' type='text/css'>\n\n    <!-- @@@@@@@@@@@@@ FAVICONS @@@@@@@@@@@@@
        -->\n\n    <link rel=\"apple-touch-icon-precomposed\" sizes=\"57x57\" href=\"https://wwwstatic-b.lookercdn.com/favicon/apple-touch-icon-57x57.png\"
        />\n    <link rel=\"apple-touch-icon-precomposed\" sizes=\"114x114\" href=\"https://wwwstatic-c.lookercdn.com/favicon/apple-touch-icon-114x114.png\"
        />\n    <link rel=\"apple-touch-icon-precomposed\" sizes=\"72x72\" href=\"https://wwwstatic-d.lookercdn.com/favicon/apple-touch-icon-72x72.png\"
        />\n    <link rel=\"apple-touch-icon-precomposed\" sizes=\"144x144\" href=\"https://wwwstatic-a.lookercdn.com/favicon/apple-touch-icon-144x144.png\"
        />\n    <link rel=\"apple-touch-icon-precomposed\" sizes=\"60x60\" href=\"https://wwwstatic-b.lookercdn.com/favicon/apple-touch-icon-60x60.png\"
        />\n    <link rel=\"apple-touch-icon-precomposed\" sizes=\"120x120\" href=\"https://wwwstatic-c.lookercdn.com/favicon/apple-touch-icon-120x120.png\"
        />\n    <link rel=\"apple-touch-icon-precomposed\" sizes=\"76x76\" href=\"https://wwwstatic-d.lookercdn.com/favicon/apple-touch-icon-76x76.png\"
        />\n    <link rel=\"apple-touch-icon-precomposed\" sizes=\"152x152\" href=\"https://wwwstatic-a.lookercdn.com/favicon/apple-touch-icon-152x152.png\"
        />\n    <link rel=\"icon\" type=\"image/png\" href=\"https://wwwstatic-b.lookercdn.com/favicon/favicon-196x196.png\"
        sizes=\"196x196\" />\n    <link rel=\"icon\" type=\"image/png\" href=\"https://wwwstatic-c.lookercdn.com/favicon/favicon-96x96.png\"
        sizes=\"96x96\" />\n    <link rel=\"icon\" type=\"image/png\" href=\"https://wwwstatic-d.lookercdn.com/favicon/favicon-32x32.png\"
        sizes=\"32x32\" />\n    <link rel=\"icon\" type=\"image/png\" href=\"https://wwwstatic-a.lookercdn.com/favicon/favicon-16x16.png\"
        sizes=\"16x16\" />\n    <link rel=\"icon\" type=\"image/png\" href=\"https://wwwstatic-b.lookercdn.com/favicon/favicon-128.png\"
        sizes=\"128x128\" />\n    <meta name=\"application-name\" content=\"Looker\"/>\n
        \   <meta name=\"msapplication-TileColor\" content=\"#FFFFFF\" />\n    <meta
        name=\"msapplication-TileImage\" content=\"https://wwwstatic-c.lookercdn.com/favicon/mstile-144x144.png\"
        />\n    <meta name=\"msapplication-square70x70logo\" content=\"https://wwwstatic-d.lookercdn.com/favicon/mstile-70x70.png\"
        />\n    <meta name=\"msapplication-square150x150logo\" content=\"https://wwwstatic-a.lookercdn.com/favicon/mstile-150x150.png\"
        />\n    <meta name=\"msapplication-wide310x150logo\" content=\"https://wwwstatic-b.lookercdn.com/favicon/mstile-310x150.png\"
        />\n    <meta name=\"msapplication-square310x310logo\" content=\"https://wwwstatic-c.lookercdn.com/favicon/mstile-310x310.png\"
        />\n\n    <style type=\"text/css\">\n        body {\n            background-color:
        #2e343f;\n            color: white;\n            height: auto;\n            font-family:
        Open Sans, Helvetica, Arial, sans-serif;\n        }\n        .message {\n
        \           width: 100%;\n            max-width: 760px;\n            margin:
        0 auto;\n            margin-top: 135px;\n            text-align: center;\n
        \       }\n        h2, h3 {\n            font-weight: normal;\n        }\n
        \       a {\n            color: white;\n        }\n    </style>\n</head>\n<body>\n\n
        \   <div class=\"message\">\n\n        <img width=\"210\" height=\"84\" src=\"https://wwwstatic-a.lookercdn.com/logos/looker_all_white.svg\"
        alt=\"Looker\">\n\n        <h1>Looker is unavailable.</h1>\n\n        <h2>If
        you typed in a URL, double-check the spelling.</h2>\n        <h2>This may
        also be due to a temporary condition such as an outage, <a href=\"https://docs.looker.com/relnotes/hosted-maintenance-hours\">scheduled
        maintenance</a> or upgrade.</h2>\n        <br>\n        <h3>\n            If
        this message persists or you have any concerns, <br> contact us from\n            <a
        href=\"https://help.looker.com\">help.looker.com</a> and we'll respond promptly.\n
        \       </h3>\n\n    </div>\n\n</body>\n</html>\n"
    headers:
      Connection:
      - close
      Content-Type:
      - text/html
      Date:
      - Tue, 05 Apr 2022 13:58:56 GMT
      Vary:
      - Accept-Encoding
    status:
      code: 404
      message: Not Found
- request:
    body: '{"model": "eye_exam", "view": "users__fail", "fields": ["users__fail.city"],
      "limit": 0, "filter_expression": "1=2"}'
    headers:
      Content-Length:
      - '116'
      Content-Type:
      - application/json
      Cookie:
      - looker.browser=39326198
    method: POST
    uri: https://spectacles.looker.com:19999/api/3.1/queries?fields=id%2Cshare_url
  response:
    body:
      string: '{"id":1919,"share_url":"https://spectacles.looker.com/x/pPPjILaH6UzHnTH0sXJuJ3"}'
    headers:
      Connection:
      - keep-alive
      Content-Length:
      - '80'
      Content-Type:
      - application/json
      Date:
      - Tue, 05 Apr 2022 13:58:56 GMT
      Strict-Transport-Security:
      - max-age=15724800; includeSubDomains
      Vary:
      - Accept-Encoding, Origin
      X-B3-ParentSpanId:
      - d33ab9478d07ecbf
      X-B3-Sampled:
      - '0'
      X-B3-SpanId:
      - d33ab9478d07ecbf
      X-B3-TraceId:
      - 624c4b2019ac7cfdd33ab9478d07ecbf
      X-Content-Type-Options:
      - nosniff
    status:
      code: 200
      message: OK
- request:
    body: '{"model": "eye_exam", "view": "users__fail", "fields": ["users__fail.email"],
      "limit": 0, "filter_expression": "1=2"}'
    headers:
      Content-Length:
      - '117'
      Content-Type:
      - application/json
      Cookie:
      - looker.browser=39326198
    method: POST
    uri: https://spectacles.looker.com:19999/api/3.1/queries?fields=id%2Cshare_url
  response:
    body:
      string: '{"id":1928,"share_url":"https://spectacles.looker.com/x/xrSOlmVVQNGXrO2UDua55N"}'
    headers:
      Connection:
      - keep-alive
      Content-Length:
      - '80'
      Content-Type:
      - application/json
      Date:
      - Tue, 05 Apr 2022 13:58:56 GMT
      Strict-Transport-Security:
      - max-age=15724800; includeSubDomains
      Vary:
      - Accept-Encoding, Origin
      X-B3-ParentSpanId:
      - 6eeb7f6ce20980de
      X-B3-Sampled:
      - '0'
      X-B3-SpanId:
      - 6eeb7f6ce20980de
      X-B3-TraceId:
      - 624c4b20ddaf130d6eeb7f6ce20980de
      X-Content-Type-Options:
      - nosniff
    status:
      code: 200
      message: OK
- request:
    body: '{"model": "eye_exam", "view": "users__fail", "fields": ["users__fail.first_name"],
      "limit": 0, "filter_expression": "1=2"}'
    headers:
      Content-Length:
      - '122'
      Content-Type:
      - application/json
      Cookie:
      - looker.browser=39326198
    method: POST
    uri: https://spectacles.looker.com:19999/api/3.1/queries?fields=id%2Cshare_url
  response:
    body:
      string: '{"id":1929,"share_url":"https://spectacles.looker.com/x/HHTcwq6vdIOtzAcahFCJ3H"}'
    headers:
      Connection:
      - keep-alive
      Content-Length:
      - '80'
      Content-Type:
      - application/json
      Date:
      - Tue, 05 Apr 2022 13:58:57 GMT
      Strict-Transport-Security:
      - max-age=15724800; includeSubDomains
      Vary:
      - Accept-Encoding, Origin
      X-B3-ParentSpanId:
      - ef0a1e48f4cc643f
      X-B3-Sampled:
      - '0'
      X-B3-SpanId:
      - ef0a1e48f4cc643f
      X-B3-TraceId:
      - 624c4b200a3234ceef0a1e48f4cc643f
      X-Content-Type-Options:
      - nosniff
    status:
      code: 200
      message: OK
- request:
    body: '{"model": "eye_exam", "view": "users__fail", "fields": ["users__fail.id"],
      "limit": 0, "filter_expression": "1=2"}'
    headers:
      Content-Length:
      - '114'
      Content-Type:
      - application/json
      Cookie:
      - looker.browser=39326198
    method: POST
    uri: https://spectacles.looker.com:19999/api/3.1/queries?fields=id%2Cshare_url
  response:
    body:
      string: '{"id":1931,"share_url":"https://spectacles.looker.com/x/BZHuziOJYnnDfHGpvMi6BJ"}'
    headers:
      Connection:
      - keep-alive
      Content-Length:
      - '80'
      Content-Type:
      - application/json
      Date:
      - Tue, 05 Apr 2022 13:58:57 GMT
      Strict-Transport-Security:
      - max-age=15724800; includeSubDomains
      Vary:
      - Accept-Encoding, Origin
      X-B3-ParentSpanId:
      - ce8b899c317d6ff0
      X-B3-Sampled:
      - '0'
      X-B3-SpanId:
      - ce8b899c317d6ff0
      X-B3-TraceId:
      - 624c4b2149e6cb3ece8b899c317d6ff0
      X-Content-Type-Options:
      - nosniff
    status:
      code: 200
      message: OK
- request:
    body: '{"model": "eye_exam", "view": "users__fail", "fields": ["users__fail.last_name"],
      "limit": 0, "filter_expression": "1=2"}'
    headers:
      Content-Length:
      - '121'
      Content-Type:
      - application/json
      Cookie:
      - looker.browser=39326198
    method: POST
    uri: https://spectacles.looker.com:19999/api/3.1/queries?fields=id%2Cshare_url
  response:
    body:
      string: '{"id":1932,"share_url":"https://spectacles.looker.com/x/AnH3ci978hOGDomjIRP90U"}'
    headers:
      Connection:
      - keep-alive
      Content-Length:
      - '80'
      Content-Type:
      - application/json
      Date:
      - Tue, 05 Apr 2022 13:58:57 GMT
      Strict-Transport-Security:
      - max-age=15724800; includeSubDomains
      Vary:
      - Accept-Encoding, Origin
      X-B3-ParentSpanId:
      - fd3dfdd30f853b91
      X-B3-Sampled:
      - '0'
      X-B3-SpanId:
      - fd3dfdd30f853b91
      X-B3-TraceId:
      - 624c4b2119e3dde9fd3dfdd30f853b91
      X-Content-Type-Options:
      - nosniff
    status:
      code: 200
      message: OK
- request:
    body: '{"query_id": 1919, "result_format": "json_detail"}'
    headers:
      Content-Length:
      - '50'
      Content-Type:
      - application/json
      Cookie:
      - looker.browser=39326198
    method: POST
    uri: https://spectacles.looker.com:19999/api/3.1/query_tasks?fields=id&cache=false
  response:
    body:
      string: '{"id":"5a964a093fc5ee3d753c9f984b8d55a9"}'
    headers:
      Connection:
      - keep-alive
      Content-Length:
      - '41'
      Content-Type:
      - application/json
      Date:
      - Tue, 05 Apr 2022 13:58:57 GMT
      Strict-Transport-Security:
      - max-age=15724800; includeSubDomains
      Vary:
      - Accept-Encoding, Origin
      X-B3-ParentSpanId:
      - 7d1588febd99daa4
      X-B3-Sampled:
      - '0'
      X-B3-SpanId:
      - 7d1588febd99daa4
      X-B3-TraceId:
      - 624c4b214cd17da97d1588febd99daa4
      X-Content-Type-Options:
      - nosniff
    status:
      code: 200
      message: OK
- request:
    body: '{"query_id": 1928, "result_format": "json_detail"}'
    headers:
      Content-Length:
      - '50'
      Content-Type:
      - application/json
      Cookie:
      - looker.browser=39326198
    method: POST
    uri: https://spectacles.looker.com:19999/api/3.1/query_tasks?fields=id&cache=false
  response:
    body:
      string: '{"id":"ff5d1d7947f86dc967ae22d9745dfb3a"}'
    headers:
      Connection:
      - keep-alive
      Content-Length:
      - '41'
      Content-Type:
      - application/json
      Date:
      - Tue, 05 Apr 2022 13:58:57 GMT
      Strict-Transport-Security:
      - max-age=15724800; includeSubDomains
      Vary:
      - Accept-Encoding, Origin
      X-B3-ParentSpanId:
      - f47ae2929f9b4d66
      X-B3-Sampled:
      - '0'
      X-B3-SpanId:
      - f47ae2929f9b4d66
      X-B3-TraceId:
      - 624c4b21570f062ff47ae2929f9b4d66
      X-Content-Type-Options:
      - nosniff
    status:
      code: 200
      message: OK
- request:
    body: '{"query_id": 1929, "result_format": "json_detail"}'
    headers:
      Content-Length:
      - '50'
      Content-Type:
      - application/json
      Cookie:
      - looker.browser=39326198
    method: POST
    uri: https://spectacles.looker.com:19999/api/3.1/query_tasks?fields=id&cache=false
  response:
    body:
      string: '{"id":"e2101c4816850f1e0413ea4731187cb6"}'
    headers:
      Connection:
      - keep-alive
      Content-Length:
      - '41'
      Content-Type:
      - application/json
      Date:
      - Tue, 05 Apr 2022 13:58:57 GMT
      Strict-Transport-Security:
      - max-age=15724800; includeSubDomains
      Vary:
      - Accept-Encoding, Origin
      X-B3-ParentSpanId:
      - 5af3f9acefb552e6
      X-B3-Sampled:
      - '0'
      X-B3-SpanId:
      - 5af3f9acefb552e6
      X-B3-TraceId:
      - 624c4b21f8028e3d5af3f9acefb552e6
      X-Content-Type-Options:
      - nosniff
    status:
      code: 200
      message: OK
- request:
    body: '{"query_id": 1931, "result_format": "json_detail"}'
    headers:
      Content-Length:
      - '50'
      Content-Type:
      - application/json
      Cookie:
      - looker.browser=39326198
    method: POST
    uri: https://spectacles.looker.com:19999/api/3.1/query_tasks?fields=id&cache=false
  response:
    body:
      string: '{"id":"968e18ee4a0e77dcff132cfad252a0e5"}'
    headers:
      Connection:
      - keep-alive
      Content-Length:
      - '41'
      Content-Type:
      - application/json
      Date:
      - Tue, 05 Apr 2022 13:58:57 GMT
      Strict-Transport-Security:
      - max-age=15724800; includeSubDomains
      Vary:
      - Accept-Encoding, Origin
      X-B3-ParentSpanId:
      - 191a259c96765d47
      X-B3-Sampled:
      - '0'
      X-B3-SpanId:
      - 191a259c96765d47
      X-B3-TraceId:
      - 624c4b21cbb34507191a259c96765d47
      X-Content-Type-Options:
      - nosniff
    status:
      code: 200
      message: OK
- request:
    body: '{"query_id": 1932, "result_format": "json_detail"}'
    headers:
      Content-Length:
      - '50'
      Content-Type:
      - application/json
      Cookie:
      - looker.browser=39326198
    method: POST
    uri: https://spectacles.looker.com:19999/api/3.1/query_tasks?fields=id&cache=false
  response:
    body:
      string: '{"id":"db72baaba488c76bd49dab688d39464a"}'
    headers:
      Connection:
      - keep-alive
      Content-Length:
      - '41'
      Content-Type:
      - application/json
      Date:
      - Tue, 05 Apr 2022 13:58:58 GMT
      Strict-Transport-Security:
      - max-age=15724800; includeSubDomains
      Vary:
      - Accept-Encoding, Origin
      X-B3-ParentSpanId:
      - 5a61f30d4c912f9e
      X-B3-Sampled:
      - '0'
      X-B3-SpanId:
      - 5a61f30d4c912f9e
      X-B3-TraceId:
      - 624c4b21bdc6a0d85a61f30d4c912f9e
      X-Content-Type-Options:
      - nosniff
    status:
      code: 200
      message: OK
- request:
    body: null
    headers:
      Cookie:
      - looker.browser=39326198
    method: GET
    uri: https://spectacles.looker.com:19999/api/3.1/query_tasks/multi_results?query_task_ids=5a964a093fc5ee3d753c9f984b8d55a9%2Cff5d1d7947f86dc967ae22d9745dfb3a%2Ce2101c4816850f1e0413ea4731187cb6%2C968e18ee4a0e77dcff132cfad252a0e5%2Cdb72baaba488c76bd49dab688d39464a
  response:
    body:
      string: '{"5a964a093fc5ee3d753c9f984b8d55a9":{"status":"running"},"968e18ee4a0e77dcff132cfad252a0e5":{"status":"running"},"db72baaba488c76bd49dab688d39464a":{"status":"added"},"e2101c4816850f1e0413ea4731187cb6":{"status":"running"},"ff5d1d7947f86dc967ae22d9745dfb3a":{"status":"error","result_source":"query","data":{"from_cache":true,"id":"ff5d1d7947f86dc967ae22d9745dfb3a","supports_pivot_in_db":true,"null_sort_treatment":"low","expired":false,"ran_at":"2022-04-05T13:58:57+00:00","aggregate_table_used_info":null,"runtime":"0.281","added_params":{"query_timezone":"America/New_York","sorts":["users__fail.email"]},"forecast_result":null,"sql":"SELECT\n    users__fail.email_address  AS
        users__fail_email\nFROM looker-private-demo.ecomm.users\n   AS users__fail\nWHERE
        (1 = 2)\nGROUP BY\n    1\nORDER BY\n    1\nLIMIT 0","sql_explain":null,"fields":{"measures":[],"dimensions":[{"align":"left","can_filter":true,"category":"dimension","default_filter_value":null,"description":"","enumerations":null,"field_group_label":null,"fill_style":null,"fiscal_month_offset":0,"has_allowed_values":false,"hidden":false,"is_filter":false,"is_numeric":false,"label":"Users
        Fail Email","label_from_parameter":null,"label_short":"Email","map_layer":null,"name":"users__fail.email","strict_value_format":false,"requires_refresh_on_sort":false,"sortable":true,"suggestions":null,"tags":[],"type":"string","user_attribute_filter_types":["string","advanced_filter_string"],"value_format":null,"view":"users__fail","view_label":"Users
        Fail","dynamic":false,"week_start_day":"monday","original_view":"users__fail","dimension_group":null,"error":null,"field_group_variant":"Email","measure":false,"parameter":false,"primary_key":false,"project_name":"eye_exam","scope":"users__fail","suggest_dimension":"users__fail.email","suggest_explore":"users__fail","suggestable":true,"is_fiscal":false,"is_timeframe":false,"can_time_filter":false,"time_interval":null,"lookml_link":"/projects/eye_exam/files/views%2Fusers__fail.view.lkml?line=26","permanent":null,"source_file":"views/users__fail.view.lkml","source_file_path":"eye_exam/views/users__fail.view.lkml","sql":"${TABLE}.email_address
        ","sql_case":null,"filters":null,"times_used":0,"sorted":{"sort_index":0,"desc":false}}],"table_calculations":[],"pivots":[]},"fill_fields":[],"has_totals":false,"has_row_totals":false,"applied_filters":{},"applied_filter_expression":"1=2","number_format":"1,234.56","explore":{"name":"users__fail","label":"Users
        Fail","description":null},"timezone":"America/New_York","data":[],"errors":[{"message":"The
        Google BigQuery Standard SQL database encountered an error while running this
        query.","message_details":"Query execution failed:  - Name email_address not
        found inside users__fail at [2:17]","params":"SELECT\n    users__fail.email_address  AS
        users__fail_email\nFROM looker-private-demo.ecomm.users\n   AS users__fail\nWHERE
        (1 = 2)\nGROUP BY\n    1\nORDER BY\n    1\nLIMIT 0","edit_url":null,"error_pos":null,"level":"error","sql_error_loc":{"line":2,"column":17}}],"drill_menu_build_time":0.035357000000000006,"has_subtotals":false}}}'
    headers:
      Connection:
      - keep-alive
      Content-Length:
      - '3101'
      Content-Type:
      - application/json
      Date:
      - Tue, 05 Apr 2022 13:58:58 GMT
      Strict-Transport-Security:
      - max-age=15724800; includeSubDomains
      Vary:
      - Accept-Encoding
      - Accept-Encoding, Origin
      X-B3-ParentSpanId:
      - 970ad147893aee00
      X-B3-Sampled:
      - '0'
      X-B3-SpanId:
      - 970ad147893aee00
      X-B3-TraceId:
      - 624c4b2258c8f6f1970ad147893aee00
      X-Content-Type-Options:
      - nosniff
    status:
      code: 200
      message: OK
- request:
    body: null
    headers:
      Cookie:
      - looker.browser=39326198
    method: GET
    uri: https://spectacles.looker.com:19999/api/3.1/query_tasks/multi_results?query_task_ids=5a964a093fc5ee3d753c9f984b8d55a9%2Ce2101c4816850f1e0413ea4731187cb6%2C968e18ee4a0e77dcff132cfad252a0e5%2Cdb72baaba488c76bd49dab688d39464a
  response:
    body:
      string: '{"5a964a093fc5ee3d753c9f984b8d55a9":{"status":"complete","result_source":"query","data":{"from_cache":true,"id":"5a964a093fc5ee3d753c9f984b8d55a9","truncated":true,"supports_pivot_in_db":true,"null_sort_treatment":"low","expired":false,"ran_at":"2022-04-05T13:58:58+00:00","aggregate_table_used_info":null,"runtime":"0.550","added_params":{"query_timezone":"America/New_York","sorts":["users__fail.city"]},"forecast_result":null,"dialect_specific_metadata":{"total_bytes_processed":0,"backend_cache_hit":true,"bi_engine_mode":null,"bi_engine_reasons":null,"bigquery_job_id":"looker-partners:US.job_Hru4Ji8D4UUKtcZKDU_gNQfNehC0"},"sql":"SELECT\n    users__fail.city  AS
        users__fail_city\nFROM looker-private-demo.ecomm.users\n   AS users__fail\nWHERE
        (1 = 2)\nGROUP BY\n    1\nORDER BY\n    1\nLIMIT 0","sql_explain":null,"fields":{"measures":[],"dimensions":[{"align":"left","can_filter":true,"category":"dimension","default_filter_value":null,"description":"","enumerations":null,"field_group_label":null,"fill_style":null,"fiscal_month_offset":0,"has_allowed_values":false,"hidden":false,"is_filter":false,"is_numeric":false,"label":"Users
        Fail City","label_from_parameter":null,"label_short":"City","map_layer":null,"name":"users__fail.city","strict_value_format":false,"requires_refresh_on_sort":false,"sortable":true,"suggestions":null,"tags":[],"type":"string","user_attribute_filter_types":["string","advanced_filter_string"],"value_format":null,"view":"users__fail","view_label":"Users
        Fail","dynamic":false,"week_start_day":"monday","original_view":"users__fail","dimension_group":null,"error":null,"field_group_variant":"City","measure":false,"parameter":false,"primary_key":false,"project_name":"eye_exam","scope":"users__fail","suggest_dimension":"users__fail.city","suggest_explore":"users__fail","suggestable":true,"is_fiscal":false,"is_timeframe":false,"can_time_filter":false,"time_interval":null,"lookml_link":"/projects/eye_exam/files/views%2Fusers__fail.view.lkml?line=20","permanent":null,"source_file":"views/users__fail.view.lkml","source_file_path":"eye_exam/views/users__fail.view.lkml","sql":"${TABLE}.city
        ","sql_case":null,"filters":null,"times_used":0,"sorted":{"sort_index":0,"desc":false}}],"table_calculations":[],"pivots":[]},"fill_fields":[],"has_totals":false,"has_row_totals":false,"applied_filters":{},"applied_filter_expression":"1=2","number_format":"1,234.56","explore":{"name":"users__fail","label":"Users
        Fail","description":null},"timezone":"America/New_York","data":[],"drill_menu_build_time":0.035337,"has_subtotals":false}},"968e18ee4a0e77dcff132cfad252a0e5":{"status":"complete","result_source":"query","data":{"from_cache":true,"id":"968e18ee4a0e77dcff132cfad252a0e5","truncated":true,"supports_pivot_in_db":true,"null_sort_treatment":"low","expired":false,"ran_at":"2022-04-05T13:58:58+00:00","aggregate_table_used_info":null,"runtime":"0.484","added_params":{"query_timezone":"America/New_York"},"forecast_result":null,"dialect_specific_metadata":{"total_bytes_processed":0,"backend_cache_hit":false,"bi_engine_mode":null,"bi_engine_reasons":null,"bigquery_job_id":"looker-partners:US.job_TZsVSTviNrbXS-SNNNwv7q_lZThE"},"sql":"SELECT\n    users__fail.id  AS
        users__fail_id\nFROM looker-private-demo.ecomm.users\n   AS users__fail\nWHERE
        (1 = 2)\nLIMIT 0","sql_explain":null,"fields":{"measures":[],"dimensions":[{"align":"right","can_filter":true,"category":"dimension","default_filter_value":null,"description":"","enumerations":null,"field_group_label":null,"fill_style":null,"fiscal_month_offset":0,"has_allowed_values":false,"hidden":false,"is_filter":false,"is_numeric":true,"label":"Users
        Fail ID","label_from_parameter":null,"label_short":"ID","map_layer":null,"name":"users__fail.id","strict_value_format":false,"requires_refresh_on_sort":false,"sortable":true,"suggestions":null,"tags":[],"type":"number","user_attribute_filter_types":["number","advanced_filter_number"],"value_format":null,"view":"users__fail","view_label":"Users
        Fail","dynamic":false,"week_start_day":"monday","original_view":"users__fail","dimension_group":null,"error":null,"field_group_variant":"ID","measure":false,"parameter":false,"primary_key":true,"project_name":"eye_exam","scope":"users__fail","suggest_dimension":"users__fail.id","suggest_explore":"users__fail","suggestable":false,"is_fiscal":false,"is_timeframe":false,"can_time_filter":false,"time_interval":null,"lookml_link":"/projects/eye_exam/files/views%2Fusers__fail.view.lkml?line=8","permanent":null,"source_file":"views/users__fail.view.lkml","source_file_path":"eye_exam/views/users__fail.view.lkml","sql":"${TABLE}.id
        ","sql_case":null,"filters":null,"times_used":0}],"table_calculations":[],"pivots":[]},"fill_fields":[],"has_totals":false,"has_row_totals":false,"applied_filters":{},"applied_filter_expression":"1=2","number_format":"1,234.56","explore":{"name":"users__fail","label":"Users
        Fail","description":null},"timezone":"America/New_York","data":[],"drill_menu_build_time":0.035382000000000004,"has_subtotals":false}},"db72baaba488c76bd49dab688d39464a":{"status":"error","result_source":"query","data":{"from_cache":true,"id":"db72baaba488c76bd49dab688d39464a","supports_pivot_in_db":true,"null_sort_treatment":"low","expired":false,"ran_at":"2022-04-05T13:58:58+00:00","aggregate_table_used_info":null,"runtime":"0.318","added_params":{"query_timezone":"America/New_York","sorts":["users__fail.last_name"]},"forecast_result":null,"sql":"SELECT\n    users__fail.last  AS
        users__fail_last_name\nFROM looker-private-demo.ecomm.users\n   AS users__fail\nWHERE
        (1 = 2)\nGROUP BY\n    1\nORDER BY\n    1\nLIMIT 0","sql_explain":null,"fields":{"measures":[],"dimensions":[{"align":"left","can_filter":true,"category":"dimension","default_filter_value":null,"description":"","enumerations":null,"field_group_label":null,"fill_style":null,"fiscal_month_offset":0,"has_allowed_values":false,"hidden":false,"is_filter":false,"is_numeric":false,"label":"Users
        Fail Last Name","label_from_parameter":null,"label_short":"Last Name","map_layer":null,"name":"users__fail.last_name","strict_value_format":false,"requires_refresh_on_sort":false,"sortable":true,"suggestions":null,"tags":[],"type":"string","user_attribute_filter_types":["string","advanced_filter_string"],"value_format":null,"view":"users__fail","view_label":"Users
        Fail","dynamic":false,"week_start_day":"monday","original_view":"users__fail","dimension_group":null,"error":null,"field_group_variant":"Last
        Name","measure":false,"parameter":false,"primary_key":false,"project_name":"eye_exam","scope":"users__fail","suggest_dimension":"users__fail.last_name","suggest_explore":"users__fail","suggestable":true,"is_fiscal":false,"is_timeframe":false,"can_time_filter":false,"time_interval":null,"lookml_link":"/projects/eye_exam/files/views%2Fusers__fail.view.lkml?line=38","permanent":null,"source_file":"views/users__fail.view.lkml","source_file_path":"eye_exam/views/users__fail.view.lkml","sql":"${TABLE}.last
        ","sql_case":null,"filters":null,"times_used":0,"sorted":{"sort_index":0,"desc":false}}],"table_calculations":[],"pivots":[]},"fill_fields":[],"has_totals":false,"has_row_totals":false,"applied_filters":{},"applied_filter_expression":"1=2","number_format":"1,234.56","explore":{"name":"users__fail","label":"Users
        Fail","description":null},"timezone":"America/New_York","data":[],"errors":[{"message":"The
        Google BigQuery Standard SQL database encountered an error while running this
        query.","message_details":"Query execution failed:  - Name last not found
        inside users__fail at [2:17]","params":"SELECT\n    users__fail.last  AS users__fail_last_name\nFROM
        looker-private-demo.ecomm.users\n   AS users__fail\nWHERE (1 = 2)\nGROUP BY\n    1\nORDER
        BY\n    1\nLIMIT 0","edit_url":null,"error_pos":null,"level":"error","sql_error_loc":{"line":2,"column":17}}],"drill_menu_build_time":0.036257,"has_subtotals":false}},"e2101c4816850f1e0413ea4731187cb6":{"status":"error","result_source":"query","data":{"from_cache":true,"id":"e2101c4816850f1e0413ea4731187cb6","supports_pivot_in_db":true,"null_sort_treatment":"low","expired":false,"ran_at":"2022-04-05T13:58:58+00:00","aggregate_table_used_info":null,"runtime":"0.342","added_params":{"query_timezone":"America/New_York","sorts":["users__fail.first_name"]},"forecast_result":null,"sql":"SELECT\n    users__fail.first  AS
        users__fail_first_name\nFROM looker-private-demo.ecomm.users\n   AS users__fail\nWHERE
        (1 = 2)\nGROUP BY\n    1\nORDER BY\n    1\nLIMIT 0","sql_explain":null,"fields":{"measures":[],"dimensions":[{"align":"left","can_filter":true,"category":"dimension","default_filter_value":null,"description":"","enumerations":null,"field_group_label":null,"fill_style":null,"fiscal_month_offset":0,"has_allowed_values":false,"hidden":false,"is_filter":false,"is_numeric":false,"label":"Users
        Fail First Name","label_from_parameter":null,"label_short":"First Name","map_layer":null,"name":"users__fail.first_name","strict_value_format":false,"requires_refresh_on_sort":false,"sortable":true,"suggestions":null,"tags":[],"type":"string","user_attribute_filter_types":["string","advanced_filter_string"],"value_format":null,"view":"users__fail","view_label":"Users
        Fail","dynamic":false,"week_start_day":"monday","original_view":"users__fail","dimension_group":null,"error":null,"field_group_variant":"First
        Name","measure":false,"parameter":false,"primary_key":false,"project_name":"eye_exam","scope":"users__fail","suggest_dimension":"users__fail.first_name","suggest_explore":"users__fail","suggestable":true,"is_fiscal":false,"is_timeframe":false,"can_time_filter":false,"time_interval":null,"lookml_link":"/projects/eye_exam/files/views%2Fusers__fail.view.lkml?line=32","permanent":null,"source_file":"views/users__fail.view.lkml","source_file_path":"eye_exam/views/users__fail.view.lkml","sql":"${TABLE}.first
        ","sql_case":null,"filters":null,"times_used":0,"sorted":{"sort_index":0,"desc":false}}],"table_calculations":[],"pivots":[]},"fill_fields":[],"has_totals":false,"has_row_totals":false,"applied_filters":{},"applied_filter_expression":"1=2","number_format":"1,234.56","explore":{"name":"users__fail","label":"Users
        Fail","description":null},"timezone":"America/New_York","data":[],"errors":[{"message":"The
        Google BigQuery Standard SQL database encountered an error while running this
        query.","message_details":"Query execution failed:  - Name first not found
        inside users__fail at [2:17]","params":"SELECT\n    users__fail.first  AS
        users__fail_first_name\nFROM looker-private-demo.ecomm.users\n   AS users__fail\nWHERE
        (1 = 2)\nGROUP BY\n    1\nORDER BY\n    1\nLIMIT 0","edit_url":null,"error_pos":null,"level":"error","sql_error_loc":{"line":2,"column":17}}],"drill_menu_build_time":0.035368000000000004,"has_subtotals":false}}}'
    headers:
      Connection:
      - keep-alive
      Content-Length:
      - '10779'
      Content-Type:
      - application/json
      Date:
      - Tue, 05 Apr 2022 13:58:58 GMT
      Strict-Transport-Security:
      - max-age=15724800; includeSubDomains
      Vary:
      - Accept-Encoding
      - Accept-Encoding, Origin
      X-B3-ParentSpanId:
      - 189ac1a325bdfeb7
      X-B3-Sampled:
      - '0'
      X-B3-SpanId:
      - 189ac1a325bdfeb7
      X-B3-TraceId:
      - 624c4b2283642eed189ac1a325bdfeb7
      X-Content-Type-Options:
      - nosniff
    status:
      code: 200
      message: OK
- request:
    body: '{"name": "tmp_spectacles_5e52c0302c"}'
    headers:
      Content-Length:
      - '37'
      Content-Type:
      - application/json
      Cookie:
      - looker.browser=39326198
    method: PUT
    uri: https://spectacles.looker.com:19999/api/3.1/projects/welcome_to_looker/git_branch
  response:
    body:
      string: '{"name":"tmp_spectacles_5e52c0302c","remote":"origin","remote_name":"tmp_spectacles_5e52c0302c","error":null,"message":null,"owner_name":null,"readonly":false,"personal":false,"is_local":true,"is_remote":false,"is_production":false,"ahead_count":null,"behind_count":null,"commit_at":1589215827,"ref":"71025770cf923f656ba2375436a1bd85ac00affc","remote_ref":null,"can":{}}'
    headers:
      Connection:
      - keep-alive
      Content-Length:
      - '370'
      Content-Type:
      - application/json
      Date:
      - Tue, 05 Apr 2022 13:58:59 GMT
      Strict-Transport-Security:
      - max-age=15724800; includeSubDomains
      Vary:
      - Accept-Encoding
      - Accept-Encoding, Origin
      X-B3-ParentSpanId:
      - 5fbb4b2c5af2af2b
      X-B3-Sampled:
      - '0'
      X-B3-SpanId:
      - 5fbb4b2c5af2af2b
      X-B3-TraceId:
      - 624c4b23c735573d5fbb4b2c5af2af2b
      X-Content-Type-Options:
      - nosniff
    status:
      code: 200
      message: OK
- request:
    body: null
    headers:
      Content-Length:
      - '0'
      Cookie:
      - looker.browser=39326198
    method: DELETE
    uri: https://spectacles.looker.com:19999/api/3.1/projects/welcome_to_looker/git_branch/tmp_spectacles_c
  response:
    body:
      string: ''
    headers:
      Connection:
      - keep-alive
      Date:
      - Tue, 05 Apr 2022 13:59:00 GMT
      Strict-Transport-Security:
      - max-age=15724800; includeSubDomains
      Vary:
      - Origin
      X-B3-ParentSpanId:
      - ccf08cd8bd87f2c7
      X-B3-Sampled:
      - '0'
      X-B3-SpanId:
      - ccf08cd8bd87f2c7
      X-B3-TraceId:
      - 624c4b23dbfb0141ccf08cd8bd87f2c7
      X-Content-Type-Options:
      - nosniff
    status:
      code: 204
      message: No Content
- request:
    body: '{"name": "tmp_spectacles_5e52c0302c"}'
    headers:
      Content-Length:
      - '37'
      Content-Type:
      - application/json
      Cookie:
      - looker.browser=39326198
    method: PUT
    uri: https://spectacles.looker.com:19999/api/3.1/projects/welcome_to_looker/git_branch
  response:
    body:
      string: '{"name":"tmp_spectacles_5e52c0302c","remote":"origin","remote_name":"tmp_spectacles_5e52c0302c","error":null,"message":null,"owner_name":null,"readonly":false,"personal":false,"is_local":true,"is_remote":false,"is_production":false,"ahead_count":null,"behind_count":null,"commit_at":1589215827,"ref":"71025770cf923f656ba2375436a1bd85ac00affc","remote_ref":null,"can":{}}'
    headers:
      Connection:
      - keep-alive
      Content-Length:
      - '370'
      Content-Type:
      - application/json
      Date:
      - Tue, 05 Apr 2022 13:59:00 GMT
      Strict-Transport-Security:
      - max-age=15724800; includeSubDomains
      Vary:
      - Accept-Encoding
      - Accept-Encoding, Origin
      X-B3-ParentSpanId:
      - 3e6b250372a923e9
      X-B3-Sampled:
      - '0'
      X-B3-SpanId:
      - 3e6b250372a923e9
      X-B3-TraceId:
      - 624c4b2409ebac393e6b250372a923e9
      X-Content-Type-Options:
      - nosniff
    status:
      code: 200
      message: OK
- request:
    body: '{"workspace_id": "production"}'
    headers:
      Content-Length:
      - '30'
      Content-Type:
      - application/json
      Cookie:
      - looker.browser=39326198
    method: PATCH
    uri: https://spectacles.looker.com:19999/api/3.1/session
  response:
    body:
      string: '{"workspace_id":"production","sudo_user_id":null,"can":{"view":true,"update":true}}'
    headers:
      Connection:
      - keep-alive
      Content-Length:
      - '83'
      Content-Type:
      - application/json
      Date:
      - Tue, 05 Apr 2022 13:59:00 GMT
      Strict-Transport-Security:
      - max-age=15724800; includeSubDomains
      Vary:
      - Accept-Encoding, Origin
      X-B3-ParentSpanId:
      - 72259c422925d776
      X-B3-Sampled:
      - '0'
      X-B3-SpanId:
      - 72259c422925d776
      X-B3-TraceId:
      - 624c4b2414cf980972259c422925d776
      X-Content-Type-Options:
      - nosniff
    status:
      code: 200
      message: OK
version: 1
