interactions:
- request:
    body: '{"workspace_id": "dev"}'
    headers:
      Authorization:
      - token qfcZvnknJn5xsNnbywKvP48sqJFtG3SbVqg25ykc
      Content-Length:
      - '23'
      Content-Type:
      - application/json
      Cookie:
      - looker.browser=39774474
    method: PATCH
    uri: https://spectacles.looker.com:19999/api/3.1/session
  response:
    body:
      string: '{"workspace_id":"dev","sudo_user_id":null,"can":{"view":true,"update":true}}'
    headers:
      Connection:
      - keep-alive
      Content-Length:
      - '76'
      Content-Type:
      - application/json
      Date:
      - Wed, 05 Jan 2022 08:45:21 GMT
      Strict-Transport-Security:
      - max-age=15724800; includeSubDomains
      Vary:
      - Accept-Encoding, Origin
      X-B3-ParentSpanId:
      - 2c86b72bb1604e63
      X-B3-Sampled:
      - '0'
      X-B3-SpanId:
      - 2c86b72bb1604e63
      X-B3-TraceId:
      - 61d55aa1bb7317112c86b72bb1604e63
      X-Content-Type-Options:
      - nosniff
    status:
      code: 200
      message: OK
- request:
    body: '{"name": "pytest-fail-lookml"}'
    headers:
      Authorization:
      - token qfcZvnknJn5xsNnbywKvP48sqJFtG3SbVqg25ykc
      Content-Length:
      - '30'
      Content-Type:
      - application/json
      Cookie:
      - looker.browser=39774474
    method: PUT
    uri: https://spectacles.looker.com:19999/api/3.1/projects/eye_exam/git_branch
  response:
    body:
      string: '{"name":"pytest-fail-lookml","remote":"origin","remote_name":"pytest-fail-lookml","error":null,"message":null,"owner_name":null,"readonly":false,"personal":false,"is_local":true,"is_remote":true,"is_production":false,"ahead_count":0,"behind_count":0,"commit_at":1641313431,"ref":"7e33408a177f8c5f8bde99d9cfc79ca2b810b96b","remote_ref":"7e33408a177f8c5f8bde99d9cfc79ca2b810b96b","can":{}}'
    headers:
      Connection:
      - keep-alive
      Content-Length:
      - '387'
      Content-Type:
      - application/json
      Date:
      - Wed, 05 Jan 2022 08:45:22 GMT
      Strict-Transport-Security:
      - max-age=15724800; includeSubDomains
      Vary:
      - Accept-Encoding
      - Accept-Encoding, Origin
      X-B3-ParentSpanId:
      - 520bdafddaef89a8
      X-B3-Sampled:
      - '0'
      X-B3-SpanId:
      - 520bdafddaef89a8
      X-B3-TraceId:
      - 61d55aa10e3617cf520bdafddaef89a8
      X-Content-Type-Options:
      - nosniff
    status:
      code: 200
      message: OK
- request:
    body: null
    headers:
      Authorization:
      - token qfcZvnknJn5xsNnbywKvP48sqJFtG3SbVqg25ykc
      Content-Length:
      - '0'
      Cookie:
      - looker.browser=39774474
    method: POST
    uri: https://spectacles.looker.com:19999/api/3.1/projects/eye_exam/validate
  response:
    body:
      string: '{"errors":[{"code":null,"severity":"error","kind":"error","message":"Invalid
        lookml syntax near line 44","field_name":null,"file_path":null,"line_number":44,"model_id":null,"explore":null,"help_url":"http://www.looker.com/kb/analyst/parse-error","params":{},"sanitized_message":null},{"code":null,"severity":"error","kind":"error","message":"Invalid
        property for \"test\": asser","field_name":null,"file_path":"eye_exam/eye_exam.model.lkml","line_number":13,"model_id":null,"explore":null,"help_url":null,"params":{"level":"error"},"sanitized_message":"Invalid
        property for \"test\": asser"},{"code":null,"severity":"error","kind":"error","message":"Could
        not find a field named \"users.age\"","field_name":null,"file_path":"eye_exam/eye_exam.model.lkml","line_number":10,"model_id":null,"explore":null,"help_url":null,"params":{"level":"error"},"sanitized_message":"Could
        not find a field named \"users.age\""},{"code":null,"severity":"error","kind":"error","message":"Explore
        name must match a view name, or the explore must provide a ''from:'' or ''view_name:''
        property","field_name":null,"file_path":"eye_exam/eye_exam.model.lkml","line_number":38,"model_id":null,"explore":null,"help_url":null,"params":{"level":"error"},"sanitized_message":"Explore
        name must match a view name, or the explore must provide a ''from:'' or ''view_name:''
        property"},{"code":null,"severity":"error","kind":"error","message":"Could
        not find a field named \"users__fail.age\"","field_name":null,"file_path":"eye_exam/eye_exam.model.lkml","line_number":43,"model_id":null,"explore":null,"help_url":null,"params":{"level":"error"},"sanitized_message":"Could
        not find a field named \"users__fail.age\""},{"code":null,"severity":"error","kind":"error","message":"Could
        not find a field named \"users__fail.first_name\"","field_name":null,"file_path":"eye_exam/eye_exam.model.lkml","line_number":57,"model_id":null,"explore":null,"help_url":null,"params":{"level":"error"},"sanitized_message":"Could
        not find a field named \"users__fail.first_name\""},{"code":null,"severity":"error","kind":"error","message":"Could
        not find a field named \"users__fail.last_name\"","field_name":null,"file_path":"eye_exam/eye_exam.model.lkml","line_number":60,"model_id":null,"explore":null,"help_url":null,"params":{"level":"error"},"sanitized_message":"Could
        not find a field named \"users__fail.last_name\""},{"code":null,"severity":"error","kind":"error","message":"Could
        not find a view named \"users__fail\" to extend, possible missing include
        in view file.","field_name":null,"file_path":"eye_exam/views/users__fail_and_warn.view.lkml","line_number":4,"model_id":null,"explore":null,"help_url":null,"params":{"level":"error"},"sanitized_message":"Could
        not find a view named \"users__fail\" to extend, possible missing include
        in view file."}],"models_not_validated":[{"name":"eye_exam","project_file_id":"eye_exam.model.lkml"}],"computation_time":0.2382199764251709,"project_digest":"f80e4a16cd6761c72bc8e388cba261be2e3689a2"}'
    headers:
      Connection:
      - keep-alive
      Content-Length:
      - '2990'
      Content-Type:
      - application/json
      Date:
      - Wed, 05 Jan 2022 08:45:23 GMT
      Strict-Transport-Security:
      - max-age=15724800; includeSubDomains
      Vary:
      - Accept-Encoding
      - Accept-Encoding, Origin
      X-B3-ParentSpanId:
      - 03c0b1b26e84d632
      X-B3-Sampled:
      - '0'
      X-B3-SpanId:
      - 03c0b1b26e84d632
      X-B3-TraceId:
      - 61d55aa261bee6db03c0b1b26e84d632
      X-Content-Type-Options:
      - nosniff
    status:
      code: 200
      message: OK
version: 1
