interactions:
- request:
    body: '{"workspace_id": "dev"}'
    headers:
      Content-Length:
      - '23'
      Content-Type:
      - application/json
      Cookie:
      - looker.browser=85016224
    method: PATCH
    uri: https://spectacles.looker.com:19999/api/3.1/session
  response:
    body:
      string: '{"workspace_id":"dev","sudo_user_id":null,"can":{"view":true,"update":true}}'
    headers:
      Connection:
      - keep-alive
      Content-Length:
      - '76'
      Content-Type:
      - application/json
      Date:
      - Wed, 06 Apr 2022 18:32:00 GMT
      Strict-Transport-Security:
      - max-age=15724800; includeSubDomains
      Vary:
      - Accept-Encoding, Origin
      X-B3-ParentSpanId:
      - 0ab9a25a7b161f73
      X-B3-Sampled:
      - '0'
      X-B3-SpanId:
      - 0ab9a25a7b161f73
      X-B3-TraceId:
      - 624ddca0afe0708e0ab9a25a7b161f73
      X-Content-Type-Options:
      - nosniff
    status:
      code: 200
      message: OK
- request:
    body: '{"name": "pytest"}'
    headers:
      Content-Length:
      - '18'
      Content-Type:
      - application/json
      Cookie:
      - looker.browser=85016224
    method: PUT
    uri: https://spectacles.looker.com:19999/api/3.1/projects/eye_exam/git_branch
  response:
    body:
      string: '{"name":"pytest","remote":"origin","remote_name":"pytest","error":null,"message":null,"owner_name":null,"readonly":false,"personal":false,"is_local":true,"is_remote":true,"is_production":false,"ahead_count":0,"behind_count":0,"commit_at":1648832027,"ref":"742b118d314d2478a215aa02016c09e173deec7e","remote_ref":"742b118d314d2478a215aa02016c09e173deec7e","can":{}}'
    headers:
      Connection:
      - keep-alive
      Content-Length:
      - '363'
      Content-Type:
      - application/json
      Date:
      - Wed, 06 Apr 2022 18:32:01 GMT
      Strict-Transport-Security:
      - max-age=15724800; includeSubDomains
      Vary:
      - Accept-Encoding
      - Accept-Encoding, Origin
      X-B3-ParentSpanId:
      - 7022d70d644522cc
      X-B3-Sampled:
      - '0'
      X-B3-SpanId:
      - 7022d70d644522cc
      X-B3-TraceId:
      - 624ddca07c50ed297022d70d644522cc
      X-Content-Type-Options:
      - nosniff
    status:
      code: 200
      message: OK
- request:
    body: null
    headers:
      Cookie:
      - looker.browser=85016224
    method: GET
    uri: https://spectacles.looker.com:19999/api/3.1/session
  response:
    body:
      string: '{"workspace_id":"dev","sudo_user_id":null,"can":{"view":true,"update":true}}'
    headers:
      Connection:
      - keep-alive
      Content-Length:
      - '76'
      Content-Type:
      - application/json
      Date:
      - Wed, 06 Apr 2022 18:32:01 GMT
      Strict-Transport-Security:
      - max-age=15724800; includeSubDomains
      Vary:
      - Accept-Encoding, Origin
      X-B3-ParentSpanId:
      - dc63be70183c516e
      X-B3-Sampled:
      - '0'
      X-B3-SpanId:
      - dc63be70183c516e
      X-B3-TraceId:
      - 624ddca1f449e611dc63be70183c516e
      X-Content-Type-Options:
      - nosniff
    status:
      code: 200
      message: OK
- request:
    body: null
    headers:
      Cookie:
      - looker.browser=85016224
    method: GET
    uri: https://spectacles.looker.com:19999/api/3.1/projects/eye_exam/git_branch
  response:
    body:
      string: '{"name":"pytest","remote":"origin","remote_name":"pytest","error":null,"message":null,"owner_name":null,"readonly":false,"personal":false,"is_local":true,"is_remote":true,"is_production":false,"ahead_count":0,"behind_count":0,"commit_at":1648832027,"ref":"742b118d314d2478a215aa02016c09e173deec7e","remote_ref":"742b118d314d2478a215aa02016c09e173deec7e","can":{}}'
    headers:
      Connection:
      - keep-alive
      Content-Length:
      - '363'
      Content-Type:
      - application/json
      Date:
      - Wed, 06 Apr 2022 18:32:01 GMT
      Strict-Transport-Security:
      - max-age=15724800; includeSubDomains
      Vary:
      - Accept-Encoding
      - Accept-Encoding, Origin
      X-B3-ParentSpanId:
      - dc02941a994c79cb
      X-B3-Sampled:
      - '0'
      X-B3-SpanId:
      - dc02941a994c79cb
      X-B3-TraceId:
      - 624ddca19b228b63dc02941a994c79cb
      X-Content-Type-Options:
      - nosniff
    status:
      code: 200
      message: OK
- request:
    body: '{"name": "pytest-additional"}'
    headers:
      Content-Length:
      - '29'
      Content-Type:
      - application/json
      Cookie:
      - looker.browser=85016224
    method: PUT
    uri: https://spectacles.looker.com:19999/api/3.1/projects/eye_exam/git_branch
  response:
    body:
      string: '{"name":"pytest-additional","remote":"origin","remote_name":"pytest-additional","error":null,"message":null,"owner_name":null,"readonly":false,"personal":false,"is_local":true,"is_remote":false,"is_production":false,"ahead_count":null,"behind_count":null,"commit_at":1592667063,"ref":"e2b75a3d5a146302c9847dfd14fc6fbb0ee68a87","remote_ref":null,"can":{}}'
    headers:
      Connection:
      - keep-alive
      Content-Length:
      - '354'
      Content-Type:
      - application/json
      Date:
      - Wed, 06 Apr 2022 18:32:02 GMT
      Strict-Transport-Security:
      - max-age=15724800; includeSubDomains
      Vary:
      - Accept-Encoding
      - Accept-Encoding, Origin
      X-B3-ParentSpanId:
      - 5619ba9fe1cf2f82
      X-B3-Sampled:
      - '0'
      X-B3-SpanId:
      - 5619ba9fe1cf2f82
      X-B3-TraceId:
      - 624ddca1fdc1cd8d5619ba9fe1cf2f82
      X-Content-Type-Options:
      - nosniff
    status:
      code: 200
      message: OK
- request:
    body: null
    headers:
      Cookie:
      - looker.browser=85016224
    method: GET
    uri: https://spectacles.looker.com:19999/api/3.1/projects/eye_exam/git_branch
  response:
    body:
      string: '{"name":"pytest-additional","remote":"origin","remote_name":"pytest-additional","error":null,"message":null,"owner_name":null,"readonly":false,"personal":false,"is_local":true,"is_remote":false,"is_production":false,"ahead_count":null,"behind_count":null,"commit_at":1592667063,"ref":"e2b75a3d5a146302c9847dfd14fc6fbb0ee68a87","remote_ref":null,"can":{}}'
    headers:
      Connection:
      - keep-alive
      Content-Length:
      - '354'
      Content-Type:
      - application/json
      Date:
      - Wed, 06 Apr 2022 18:32:02 GMT
      Strict-Transport-Security:
      - max-age=15724800; includeSubDomains
      Vary:
      - Accept-Encoding
      - Accept-Encoding, Origin
      X-B3-ParentSpanId:
      - 96e7a044ac364825
      X-B3-Sampled:
      - '0'
      X-B3-SpanId:
      - 96e7a044ac364825
      X-B3-TraceId:
      - 624ddca2909e2ef896e7a044ac364825
      X-Content-Type-Options:
      - nosniff
    status:
      code: 200
      message: OK
- request:
    body: '{"name": "pytest"}'
    headers:
      Content-Length:
      - '18'
      Content-Type:
      - application/json
      Cookie:
      - looker.browser=85016224
    method: PUT
    uri: https://spectacles.looker.com:19999/api/3.1/projects/eye_exam/git_branch
  response:
    body:
      string: '{"name":"pytest","remote":"origin","remote_name":"pytest","error":null,"message":null,"owner_name":null,"readonly":false,"personal":false,"is_local":true,"is_remote":true,"is_production":false,"ahead_count":0,"behind_count":0,"commit_at":1648832027,"ref":"742b118d314d2478a215aa02016c09e173deec7e","remote_ref":"742b118d314d2478a215aa02016c09e173deec7e","can":{}}'
    headers:
      Connection:
      - keep-alive
      Content-Length:
      - '363'
      Content-Type:
      - application/json
      Date:
      - Wed, 06 Apr 2022 18:32:03 GMT
      Strict-Transport-Security:
      - max-age=15724800; includeSubDomains
      Vary:
      - Accept-Encoding
      - Accept-Encoding, Origin
      X-B3-ParentSpanId:
      - 437d188d19e3a65d
      X-B3-Sampled:
      - '0'
      X-B3-SpanId:
      - 437d188d19e3a65d
      X-B3-TraceId:
      - 624ddca285bcde2e437d188d19e3a65d
      X-Content-Type-Options:
      - nosniff
    status:
      code: 200
      message: OK
- request:
    body: null
    headers:
      Cookie:
      - looker.browser=85016224
    method: GET
    uri: https://spectacles.looker.com:19999/api/3.1/projects/eye_exam/git_branch
  response:
    body:
      string: '{"name":"pytest","remote":"origin","remote_name":"pytest","error":null,"message":null,"owner_name":null,"readonly":false,"personal":false,"is_local":true,"is_remote":true,"is_production":false,"ahead_count":0,"behind_count":0,"commit_at":1648832027,"ref":"742b118d314d2478a215aa02016c09e173deec7e","remote_ref":"742b118d314d2478a215aa02016c09e173deec7e","can":{}}'
    headers:
      Connection:
      - keep-alive
      Content-Length:
      - '363'
      Content-Type:
      - application/json
      Date:
      - Wed, 06 Apr 2022 18:32:03 GMT
      Strict-Transport-Security:
      - max-age=15724800; includeSubDomains
      Vary:
      - Accept-Encoding
      - Accept-Encoding, Origin
      X-B3-ParentSpanId:
      - f2252a1e0b171de9
      X-B3-Sampled:
      - '0'
      X-B3-SpanId:
      - f2252a1e0b171de9
      X-B3-TraceId:
      - 624ddca3b8fcee1cf2252a1e0b171de9
      X-Content-Type-Options:
      - nosniff
    status:
      code: 200
      message: OK
version: 1
