interactions:
- request:
    body: '{"workspace_id": "dev"}'
    headers:
      Content-Length:
      - '23'
      Content-Type:
      - application/json
      Cookie:
      - looker.browser=9764
    method: PATCH
    uri: https://spectacles.looker.com:19999/api/3.1/session
  response:
    body:
      string: '{"workspace_id":"dev","sudo_user_id":null,"can":{"view":true,"update":true}}'
    headers:
      Connection:
      - keep-alive
      Content-Length:
      - '76'
      Content-Type:
      - application/json
      Date:
      - Wed, 24 Mar 2021 17:56:59 GMT
      Server:
      - nginx
      Vary:
      - Accept-Encoding, Origin
      X-B3-ParentSpanId:
      - 90fb627f46fd4638
      X-B3-Sampled:
      - '0'
      X-B3-SpanId:
      - 90fb627f46fd4638
      X-B3-TraceId:
      - 605b7d6bb79e130390fb627f46fd4638
      X-Content-Type-Options:
      - nosniff
    status:
      code: 200
      message: OK
- request:
    body: '{"name": "pytest"}'
    headers:
      Content-Length:
      - '18'
      Content-Type:
      - application/json
      Cookie:
      - looker.browser=9764
    method: PUT
    uri: https://spectacles.looker.com:19999/api/3.1/projects/eye_exam/git_branch
  response:
    body:
      string: '{"name":"pytest","remote":"origin","remote_name":"pytest","error":null,"message":null,"owner_name":null,"readonly":false,"personal":false,"is_local":true,"is_remote":true,"is_production":false,"ahead_count":0,"behind_count":0,"commit_at":1615928589,"ref":"48a5845ab485c3a49beca70ca5fdec3b0f2cbedf","remote_ref":"48a5845ab485c3a49beca70ca5fdec3b0f2cbedf","can":{}}'
    headers:
      Connection:
      - keep-alive
      Content-Length:
      - '363'
      Content-Type:
      - application/json
      Date:
      - Wed, 24 Mar 2021 17:57:00 GMT
      Server:
      - nginx
      Vary:
      - Accept-Encoding, Origin
      X-B3-ParentSpanId:
      - 13150daa6c8d9343
      X-B3-Sampled:
      - '0'
      X-B3-SpanId:
      - 13150daa6c8d9343
      X-B3-TraceId:
      - 605b7d6b5c83952a13150daa6c8d9343
      X-Content-Type-Options:
      - nosniff
    status:
      code: 200
      message: OK
- request:
    body: null
    headers:
      Cookie:
      - looker.browser=9764
    method: GET
    uri: https://spectacles.looker.com:19999/api/3.1/session
  response:
    body:
      string: '{"workspace_id":"dev","sudo_user_id":null,"can":{"view":true,"update":true}}'
    headers:
      Connection:
      - keep-alive
      Content-Length:
      - '76'
      Content-Type:
      - application/json
      Date:
      - Wed, 24 Mar 2021 17:57:00 GMT
      Server:
      - nginx
      Vary:
      - Accept-Encoding, Origin
      X-B3-ParentSpanId:
      - a2e10f1e0da1b667
      X-B3-Sampled:
      - '0'
      X-B3-SpanId:
      - a2e10f1e0da1b667
      X-B3-TraceId:
      - 605b7d6ce03ddeeba2e10f1e0da1b667
      X-Content-Type-Options:
      - nosniff
    status:
      code: 200
      message: OK
- request:
    body: null
    headers:
      Cookie:
      - looker.browser=9764
    method: GET
    uri: https://spectacles.looker.com:19999/api/3.1/projects/eye_exam/git_branch
  response:
    body:
      string: '{"name":"pytest","remote":"origin","remote_name":"pytest","error":null,"message":null,"owner_name":null,"readonly":false,"personal":false,"is_local":true,"is_remote":true,"is_production":false,"ahead_count":0,"behind_count":0,"commit_at":1615928589,"ref":"48a5845ab485c3a49beca70ca5fdec3b0f2cbedf","remote_ref":"48a5845ab485c3a49beca70ca5fdec3b0f2cbedf","can":{}}'
    headers:
      Connection:
      - keep-alive
      Content-Length:
      - '363'
      Content-Type:
      - application/json
      Date:
      - Wed, 24 Mar 2021 17:57:00 GMT
      Server:
      - nginx
      Vary:
      - Accept-Encoding, Origin
      X-B3-ParentSpanId:
      - b43e4af666d12cf0
      X-B3-Sampled:
      - '0'
      X-B3-SpanId:
      - b43e4af666d12cf0
      X-B3-TraceId:
      - 605b7d6ccc179a6db43e4af666d12cf0
      X-Content-Type-Options:
      - nosniff
    status:
      code: 200
      message: OK
- request:
    body: null
    headers:
      Cookie:
      - looker.browser=9764
    method: GET
    uri: https://spectacles.looker.com:19999/api/3.1/projects/eye_exam/manifest
  response:
    body:
      string: '{"name":"eye_exam","imports":[{"name":"welcome_to_looker","url":null,"ref":null,"is_remote":false,"can":{}}],"localization_settings":null,"can":{}}'
    headers:
      Connection:
      - keep-alive
      Content-Length:
      - '147'
      Content-Type:
      - application/json
      Date:
      - Wed, 24 Mar 2021 17:57:00 GMT
      Server:
      - nginx
      Vary:
      - Accept-Encoding, Origin
      X-B3-ParentSpanId:
      - 7dc9e922a365f7a4
      X-B3-Sampled:
      - '0'
      X-B3-SpanId:
      - 7dc9e922a365f7a4
      X-B3-TraceId:
      - 605b7d6ce956f2587dc9e922a365f7a4
      X-Content-Type-Options:
      - nosniff
    status:
      code: 200
      message: OK
- request:
    body: '{"name": "pytest-additional"}'
    headers:
      Content-Length:
      - '29'
      Content-Type:
      - application/json
      Cookie:
      - looker.browser=9764
    method: PUT
    uri: https://spectacles.looker.com:19999/api/3.1/projects/eye_exam/git_branch
  response:
    body:
      string: '{"name":"pytest-additional","remote":"origin","remote_name":"pytest-additional","error":null,"message":null,"owner_name":null,"readonly":false,"personal":false,"is_local":true,"is_remote":false,"is_production":false,"ahead_count":null,"behind_count":null,"commit_at":1592667063,"ref":"e2b75a3d5a146302c9847dfd14fc6fbb0ee68a87","remote_ref":null,"can":{}}'
    headers:
      Connection:
      - keep-alive
      Content-Length:
      - '354'
      Content-Type:
      - application/json
      Date:
      - Wed, 24 Mar 2021 17:57:00 GMT
      Server:
      - nginx
      Vary:
      - Accept-Encoding, Origin
      X-B3-ParentSpanId:
      - 99a78452aead57cb
      X-B3-Sampled:
      - '0'
      X-B3-SpanId:
      - 99a78452aead57cb
      X-B3-TraceId:
      - 605b7d6cc293c11b99a78452aead57cb
      X-Content-Type-Options:
      - nosniff
    status:
      code: 200
      message: OK
- request:
    body: null
    headers:
      Cookie:
      - looker.browser=9764
    method: GET
    uri: https://spectacles.looker.com:19999/api/3.1/session
  response:
    body:
      string: '{"workspace_id":"dev","sudo_user_id":null,"can":{"view":true,"update":true}}'
    headers:
      Connection:
      - keep-alive
      Content-Length:
      - '76'
      Content-Type:
      - application/json
      Date:
      - Wed, 24 Mar 2021 17:57:00 GMT
      Server:
      - nginx
      Vary:
      - Accept-Encoding, Origin
      X-B3-ParentSpanId:
      - e2f8532ff3ec01b9
      X-B3-Sampled:
      - '0'
      X-B3-SpanId:
      - e2f8532ff3ec01b9
      X-B3-TraceId:
      - 605b7d6cda53d4c5e2f8532ff3ec01b9
      X-Content-Type-Options:
      - nosniff
    status:
      code: 200
      message: OK
- request:
    body: null
    headers:
      Cookie:
      - looker.browser=9764
    method: GET
    uri: https://spectacles.looker.com:19999/api/3.1/projects/welcome_to_looker/git_branch
  response:
    body:
      string: '{"name":"dev-josh-temple-8m75","remote":"origin","remote_name":"dev-josh-temple-8m75","error":null,"message":null,"owner_name":"Josh
        Temple","readonly":false,"personal":true,"is_local":true,"is_remote":true,"is_production":false,"ahead_count":0,"behind_count":0,"commit_at":1592424796,"ref":"5e0faacc66765c4b1d89a5a88579296d4a1e5d2c","remote_ref":"5e0faacc66765c4b1d89a5a88579296d4a1e5d2c","can":{}}'
    headers:
      Connection:
      - keep-alive
      Content-Length:
      - '399'
      Content-Type:
      - application/json
      Date:
      - Wed, 24 Mar 2021 17:57:00 GMT
      Server:
      - nginx
      Vary:
      - Accept-Encoding, Origin
      X-B3-ParentSpanId:
      - e6df019b36be10bf
      X-B3-Sampled:
      - '0'
      X-B3-SpanId:
      - e6df019b36be10bf
      X-B3-TraceId:
      - 605b7d6cdbe83661e6df019b36be10bf
      X-Content-Type-Options:
      - nosniff
    status:
      code: 200
      message: OK
- request:
    body: null
    headers:
      Cookie:
      - looker.browser=9764
    method: GET
    uri: https://spectacles.looker.com:19999/api/3.1/projects/welcome_to_looker/manifest
  response:
    body:
      string: '{"message":"Not found","documentation_url":"http://docs.looker.com/"}'
    headers:
      Connection:
      - keep-alive
      Content-Length:
      - '69'
      Content-Type:
      - application/json
      Date:
      - Wed, 24 Mar 2021 17:57:00 GMT
      Server:
      - nginx
      Vary:
      - Accept-Encoding, Origin
      X-B3-ParentSpanId:
      - 67c72c3e56e88f0c
      X-B3-Sampled:
      - '0'
      X-B3-SpanId:
      - 67c72c3e56e88f0c
      X-B3-TraceId:
      - 605b7d6c0698ed6067c72c3e56e88f0c
      X-Content-Type-Options:
      - nosniff
    status:
      code: 404
      message: Not Found
- request:
    body: '{"workspace_id": "production"}'
    headers:
      Content-Length:
      - '30'
      Content-Type:
      - application/json
      Cookie:
      - looker.browser=9764
    method: PATCH
    uri: https://spectacles.looker.com:19999/api/3.1/session
  response:
    body:
      string: '{"workspace_id":"production","sudo_user_id":null,"can":{"view":true,"update":true}}'
    headers:
      Connection:
      - keep-alive
      Content-Length:
      - '83'
      Content-Type:
      - application/json
      Date:
      - Wed, 24 Mar 2021 17:57:00 GMT
      Server:
      - nginx
      Vary:
      - Accept-Encoding, Origin
      X-B3-ParentSpanId:
      - d98c6c4755f39c0c
      X-B3-Sampled:
      - '0'
      X-B3-SpanId:
      - d98c6c4755f39c0c
      X-B3-TraceId:
      - 605b7d6c9e5a10dfd98c6c4755f39c0c
      X-Content-Type-Options:
      - nosniff
    status:
      code: 200
      message: OK
- request:
    body: null
    headers:
      Cookie:
      - looker.browser=9764
    method: GET
    uri: https://spectacles.looker.com:19999/api/3.1/session
  response:
    body:
      string: '{"workspace_id":"production","sudo_user_id":null,"can":{"view":true,"update":true}}'
    headers:
      Connection:
      - keep-alive
      Content-Length:
      - '83'
      Content-Type:
      - application/json
      Date:
      - Wed, 24 Mar 2021 17:57:01 GMT
      Server:
      - nginx
      Vary:
      - Accept-Encoding, Origin
      X-B3-ParentSpanId:
      - f9a25b2941575d09
      X-B3-Sampled:
      - '0'
      X-B3-SpanId:
      - f9a25b2941575d09
      X-B3-TraceId:
      - 605b7d6ddbf6f04bf9a25b2941575d09
      X-Content-Type-Options:
      - nosniff
    status:
      code: 200
      message: OK
- request:
    body: null
    headers:
      Cookie:
      - looker.browser=9764
    method: GET
    uri: https://spectacles.looker.com:19999/api/3.1/projects/welcome_to_looker/git_branch
  response:
    body:
      string: '{"name":"master","remote":"origin","remote_name":"master","error":null,"message":null,"owner_name":null,"readonly":false,"personal":false,"is_local":true,"is_remote":true,"is_production":true,"ahead_count":0,"behind_count":0,"commit_at":1589215827,"ref":"71025770cf923f656ba2375436a1bd85ac00affc","remote_ref":"71025770cf923f656ba2375436a1bd85ac00affc","can":{}}'
    headers:
      Connection:
      - keep-alive
      Content-Length:
      - '362'
      Content-Type:
      - application/json
      Date:
      - Wed, 24 Mar 2021 17:57:01 GMT
      Server:
      - nginx
      Vary:
      - Accept-Encoding, Origin
      X-B3-ParentSpanId:
      - 2ec0e49a7ca99bdf
      X-B3-Sampled:
      - '0'
      X-B3-SpanId:
      - 2ec0e49a7ca99bdf
      X-B3-TraceId:
      - 605b7d6d4e8d39572ec0e49a7ca99bdf
      X-Content-Type-Options:
      - nosniff
    status:
      code: 200
      message: OK
- request:
    body: '{"workspace_id": "dev"}'
    headers:
      Content-Length:
      - '23'
      Content-Type:
      - application/json
      Cookie:
      - looker.browser=9764
    method: PATCH
    uri: https://spectacles.looker.com:19999/api/3.1/session
  response:
    body:
      string: '{"workspace_id":"dev","sudo_user_id":null,"can":{"view":true,"update":true}}'
    headers:
      Connection:
      - keep-alive
      Content-Length:
      - '76'
      Content-Type:
      - application/json
      Date:
      - Wed, 24 Mar 2021 17:57:01 GMT
      Server:
      - nginx
      Vary:
      - Accept-Encoding, Origin
      X-B3-ParentSpanId:
      - ccde2561987f3d9a
      X-B3-Sampled:
      - '0'
      X-B3-SpanId:
      - ccde2561987f3d9a
      X-B3-TraceId:
      - 605b7d6d72786012ccde2561987f3d9a
      X-Content-Type-Options:
      - nosniff
    status:
      code: 200
      message: OK
- request:
    body: null
    headers:
      Cookie:
      - looker.browser=9764
    method: GET
    uri: https://spectacles.looker.com:19999/api/3.1/session
  response:
    body:
      string: '{"workspace_id":"dev","sudo_user_id":null,"can":{"view":true,"update":true}}'
    headers:
      Connection:
      - keep-alive
      Content-Length:
      - '76'
      Content-Type:
      - application/json
      Date:
      - Wed, 24 Mar 2021 17:57:01 GMT
      Server:
      - nginx
      Vary:
      - Accept-Encoding, Origin
      X-B3-ParentSpanId:
      - c827f3fc0cce0609
      X-B3-Sampled:
      - '0'
      X-B3-SpanId:
      - c827f3fc0cce0609
      X-B3-TraceId:
      - 605b7d6dd87fb190c827f3fc0cce0609
      X-Content-Type-Options:
      - nosniff
    status:
      code: 200
      message: OK
- request:
    body: null
    headers:
      Cookie:
      - looker.browser=9764
    method: GET
    uri: https://spectacles.looker.com:19999/api/3.1/projects/welcome_to_looker/git_branch
  response:
    body:
      string: '{"name":"dev-josh-temple-8m75","remote":"origin","remote_name":"dev-josh-temple-8m75","error":null,"message":null,"owner_name":"Josh
        Temple","readonly":false,"personal":true,"is_local":true,"is_remote":true,"is_production":false,"ahead_count":0,"behind_count":0,"commit_at":1592424796,"ref":"5e0faacc66765c4b1d89a5a88579296d4a1e5d2c","remote_ref":"5e0faacc66765c4b1d89a5a88579296d4a1e5d2c","can":{}}'
    headers:
      Connection:
      - keep-alive
      Content-Length:
      - '399'
      Content-Type:
      - application/json
      Date:
      - Wed, 24 Mar 2021 17:57:01 GMT
      Server:
      - nginx
      Vary:
      - Accept-Encoding, Origin
      X-B3-ParentSpanId:
      - 517d7f7c6ef0e096
      X-B3-Sampled:
      - '0'
      X-B3-SpanId:
      - 517d7f7c6ef0e096
      X-B3-TraceId:
      - 605b7d6d38119ee0517d7f7c6ef0e096
      X-Content-Type-Options:
      - nosniff
    status:
      code: 200
      message: OK
- request:
    body: '{"name": "tmp_spectacles_abc123"}'
    headers:
      Content-Length:
      - '33'
      Content-Type:
      - application/json
      Cookie:
      - looker.browser=9764
    method: POST
    uri: https://spectacles.looker.com:19999/api/3.1/projects/welcome_to_looker/git_branch
  response:
    body:
      string: '{"name":"tmp_spectacles_abc123","remote":"origin","remote_name":"tmp_spectacles_abc123","error":null,"message":null,"owner_name":null,"readonly":false,"personal":false,"is_local":true,"is_remote":false,"is_production":false,"ahead_count":null,"behind_count":null,"commit_at":1592424796,"ref":"5e0faacc66765c4b1d89a5a88579296d4a1e5d2c","remote_ref":null,"can":{}}'
    headers:
      Connection:
      - keep-alive
      Content-Length:
      - '362'
      Content-Type:
      - application/json
      Date:
      - Wed, 24 Mar 2021 17:57:01 GMT
      Server:
      - nginx
      Vary:
      - Accept-Encoding, Origin
      X-B3-ParentSpanId:
      - 2271d0cfd831f5a7
      X-B3-Sampled:
      - '0'
      X-B3-SpanId:
      - 2271d0cfd831f5a7
      X-B3-TraceId:
      - 605b7d6d048af3742271d0cfd831f5a7
      X-Content-Type-Options:
      - nosniff
    status:
      code: 200
      message: OK
- request:
    body: '{"name": "tmp_spectacles_abc123", "ref": "origin/master"}'
    headers:
      Content-Length:
      - '57'
      Content-Type:
      - application/json
      Cookie:
      - looker.browser=9764
    method: PUT
    uri: https://spectacles.looker.com:19999/api/3.1/projects/welcome_to_looker/git_branch
  response:
    body:
      string: '{"name":"tmp_spectacles_abc123","remote":"origin","remote_name":"tmp_spectacles_abc123","error":null,"message":null,"owner_name":null,"readonly":false,"personal":false,"is_local":true,"is_remote":false,"is_production":false,"ahead_count":null,"behind_count":null,"commit_at":1592424796,"ref":"5e0faacc66765c4b1d89a5a88579296d4a1e5d2c","remote_ref":null,"can":{}}'
    headers:
      Connection:
      - keep-alive
      Content-Length:
      - '362'
      Content-Type:
      - application/json
      Date:
      - Wed, 24 Mar 2021 17:57:04 GMT
      Server:
      - nginx
      Vary:
      - Accept-Encoding, Origin
      X-B3-ParentSpanId:
      - 7543ac53404b627f
      X-B3-Sampled:
      - '0'
      X-B3-SpanId:
      - 7543ac53404b627f
      X-B3-TraceId:
      - 605b7d6d71b923c67543ac53404b627f
      X-Content-Type-Options:
      - nosniff
    status:
      code: 200
      message: OK
- request:
    body: null
    headers:
      Cookie:
      - looker.browser=9764
    method: GET
    uri: https://spectacles.looker.com:19999/api/3.1/projects/eye_exam/git_branch
  response:
    body:
      string: '{"name":"pytest-additional","remote":"origin","remote_name":"pytest-additional","error":null,"message":null,"owner_name":null,"readonly":false,"personal":false,"is_local":true,"is_remote":false,"is_production":false,"ahead_count":null,"behind_count":null,"commit_at":1592667063,"ref":"e2b75a3d5a146302c9847dfd14fc6fbb0ee68a87","remote_ref":null,"can":{}}'
    headers:
      Connection:
      - keep-alive
      Content-Length:
      - '354'
      Content-Type:
      - application/json
      Date:
      - Wed, 24 Mar 2021 17:57:05 GMT
      Server:
      - nginx
      Vary:
      - Accept-Encoding, Origin
      X-B3-ParentSpanId:
      - 1cefe2959fb48f1e
      X-B3-Sampled:
      - '0'
      X-B3-SpanId:
      - 1cefe2959fb48f1e
      X-B3-TraceId:
      - 605b7d7124ca16b61cefe2959fb48f1e
      X-Content-Type-Options:
      - nosniff
    status:
      code: 200
      message: OK
- request:
    body: null
    headers:
      Cookie:
      - looker.browser=9764
    method: GET
    uri: https://spectacles.looker.com:19999/api/3.1/projects/welcome_to_looker/git_branch
  response:
    body:
      string: '{"name":"tmp_spectacles_abc123","remote":"origin","remote_name":"tmp_spectacles_abc123","error":null,"message":null,"owner_name":null,"readonly":false,"personal":false,"is_local":true,"is_remote":true,"is_production":false,"ahead_count":0,"behind_count":0,"commit_at":1589215827,"ref":"71025770cf923f656ba2375436a1bd85ac00affc","remote_ref":"71025770cf923f656ba2375436a1bd85ac00affc","can":{}}'
    headers:
      Connection:
      - keep-alive
      Content-Length:
      - '393'
      Content-Type:
      - application/json
      Date:
      - Wed, 24 Mar 2021 17:57:05 GMT
      Server:
      - nginx
      Vary:
      - Accept-Encoding, Origin
      X-B3-ParentSpanId:
      - 97b3b4e33cdc1335
      X-B3-Sampled:
      - '0'
      X-B3-SpanId:
      - 97b3b4e33cdc1335
      X-B3-TraceId:
      - 605b7d71d97900e297b3b4e33cdc1335
      X-Content-Type-Options:
      - nosniff
    status:
      code: 200
      message: OK
- request:
    body: '{"name": "dev-josh-temple-8m75"}'
    headers:
      Content-Length:
      - '32'
      Content-Type:
      - application/json
      Cookie:
      - looker.browser=9764
    method: PUT
    uri: https://spectacles.looker.com:19999/api/3.1/projects/welcome_to_looker/git_branch
  response:
    body:
      string: '{"name":"dev-josh-temple-8m75","remote":"origin","remote_name":"dev-josh-temple-8m75","error":null,"message":null,"owner_name":"Josh
        Temple","readonly":false,"personal":true,"is_local":true,"is_remote":true,"is_production":false,"ahead_count":0,"behind_count":0,"commit_at":1592424796,"ref":"5e0faacc66765c4b1d89a5a88579296d4a1e5d2c","remote_ref":"5e0faacc66765c4b1d89a5a88579296d4a1e5d2c","can":{}}'
    headers:
      Connection:
      - keep-alive
      Content-Length:
      - '399'
      Content-Type:
      - application/json
      Date:
      - Wed, 24 Mar 2021 17:57:05 GMT
      Server:
      - nginx
      Vary:
      - Accept-Encoding, Origin
      X-B3-ParentSpanId:
      - 9d900ded6c8abc51
      X-B3-Sampled:
      - '0'
      X-B3-SpanId:
      - 9d900ded6c8abc51
      X-B3-TraceId:
      - 605b7d71d22ab5e99d900ded6c8abc51
      X-Content-Type-Options:
      - nosniff
    status:
      code: 200
      message: OK
- request:
    body: null
    headers:
      Content-Length:
      - '0'
      Cookie:
      - looker.browser=9764
    method: DELETE
    uri: https://spectacles.looker.com:19999/api/3.1/projects/welcome_to_looker/git_branch/tmp_spectacles_abc123
  response:
    body:
      string: ''
    headers:
      Connection:
      - keep-alive
      Date:
      - Wed, 24 Mar 2021 17:57:07 GMT
      Server:
      - nginx
      Vary:
      - Origin
      X-B3-ParentSpanId:
      - e08dd11eb679b966
      X-B3-Sampled:
      - '0'
      X-B3-SpanId:
      - e08dd11eb679b966
      X-B3-TraceId:
      - 605b7d715f0ef3d0e08dd11eb679b966
      X-Content-Type-Options:
      - nosniff
    status:
      code: 204
      message: No Content
- request:
    body: '{"name": "dev-josh-temple-8m75"}'
    headers:
      Content-Length:
      - '32'
      Content-Type:
      - application/json
      Cookie:
      - looker.browser=9764
    method: PUT
    uri: https://spectacles.looker.com:19999/api/3.1/projects/welcome_to_looker/git_branch
  response:
    body:
      string: '{"name":"dev-josh-temple-8m75","remote":"origin","remote_name":"dev-josh-temple-8m75","error":null,"message":null,"owner_name":"Josh
        Temple","readonly":false,"personal":true,"is_local":true,"is_remote":true,"is_production":false,"ahead_count":0,"behind_count":0,"commit_at":1592424796,"ref":"5e0faacc66765c4b1d89a5a88579296d4a1e5d2c","remote_ref":"5e0faacc66765c4b1d89a5a88579296d4a1e5d2c","can":{}}'
    headers:
      Connection:
      - keep-alive
      Content-Length:
      - '399'
      Content-Type:
      - application/json
      Date:
      - Wed, 24 Mar 2021 17:57:07 GMT
      Server:
      - nginx
      Vary:
      - Accept-Encoding, Origin
      X-B3-ParentSpanId:
      - d7ef97cb9553cbaf
      X-B3-Sampled:
      - '0'
      X-B3-SpanId:
      - d7ef97cb9553cbaf
      X-B3-TraceId:
      - 605b7d7302482052d7ef97cb9553cbaf
      X-Content-Type-Options:
      - nosniff
    status:
      code: 200
      message: OK
- request:
    body: '{"name": "pytest"}'
    headers:
      Content-Length:
      - '18'
      Content-Type:
      - application/json
      Cookie:
      - looker.browser=9764
    method: PUT
    uri: https://spectacles.looker.com:19999/api/3.1/projects/eye_exam/git_branch
  response:
    body:
      string: '{"name":"pytest","remote":"origin","remote_name":"pytest","error":null,"message":null,"owner_name":null,"readonly":false,"personal":false,"is_local":true,"is_remote":true,"is_production":false,"ahead_count":0,"behind_count":0,"commit_at":1615928589,"ref":"48a5845ab485c3a49beca70ca5fdec3b0f2cbedf","remote_ref":"48a5845ab485c3a49beca70ca5fdec3b0f2cbedf","can":{}}'
    headers:
      Connection:
      - keep-alive
      Content-Length:
      - '363'
      Content-Type:
      - application/json
      Date:
      - Wed, 24 Mar 2021 17:57:07 GMT
      Server:
      - nginx
      Vary:
      - Accept-Encoding, Origin
      X-B3-ParentSpanId:
      - cb9c052626cd946f
      X-B3-Sampled:
      - '0'
      X-B3-SpanId:
      - cb9c052626cd946f
      X-B3-TraceId:
      - 605b7d73a4b355d5cb9c052626cd946f
      X-Content-Type-Options:
      - nosniff
    status:
      code: 200
      message: OK
- request:
    body: null
    headers:
      Cookie:
      - looker.browser=9764
    method: GET
    uri: https://spectacles.looker.com:19999/api/3.1/projects/eye_exam/git_branch
  response:
    body:
      string: '{"name":"pytest","remote":"origin","remote_name":"pytest","error":null,"message":null,"owner_name":null,"readonly":false,"personal":false,"is_local":true,"is_remote":true,"is_production":false,"ahead_count":0,"behind_count":0,"commit_at":1615928589,"ref":"48a5845ab485c3a49beca70ca5fdec3b0f2cbedf","remote_ref":"48a5845ab485c3a49beca70ca5fdec3b0f2cbedf","can":{}}'
    headers:
      Connection:
      - keep-alive
      Content-Length:
      - '363'
      Content-Type:
      - application/json
      Date:
      - Wed, 24 Mar 2021 17:57:08 GMT
      Server:
      - nginx
      Vary:
      - Accept-Encoding, Origin
      X-B3-ParentSpanId:
      - 77e68a6ba37b2be7
      X-B3-Sampled:
      - '0'
      X-B3-SpanId:
      - 77e68a6ba37b2be7
      X-B3-TraceId:
      - 605b7d7422f822f877e68a6ba37b2be7
      X-Content-Type-Options:
      - nosniff
    status:
      code: 200
      message: OK
- request:
    body: null
    headers:
      Cookie:
      - looker.browser=9764
    method: GET
    uri: https://spectacles.looker.com:19999/api/3.1/projects/welcome_to_looker/git_branch
  response:
    body:
      string: '{"name":"dev-josh-temple-8m75","remote":"origin","remote_name":"dev-josh-temple-8m75","error":null,"message":null,"owner_name":"Josh
        Temple","readonly":false,"personal":true,"is_local":true,"is_remote":true,"is_production":false,"ahead_count":0,"behind_count":0,"commit_at":1592424796,"ref":"5e0faacc66765c4b1d89a5a88579296d4a1e5d2c","remote_ref":"5e0faacc66765c4b1d89a5a88579296d4a1e5d2c","can":{}}'
    headers:
      Connection:
      - keep-alive
      Content-Length:
      - '399'
      Content-Type:
      - application/json
      Date:
      - Wed, 24 Mar 2021 17:57:08 GMT
      Server:
      - nginx
      Vary:
      - Accept-Encoding, Origin
      X-B3-ParentSpanId:
      - a9e223e95973e867
      X-B3-Sampled:
      - '0'
      X-B3-SpanId:
      - a9e223e95973e867
      X-B3-TraceId:
      - 605b7d741281373ea9e223e95973e867
      X-Content-Type-Options:
      - nosniff
    status:
      code: 200
      message: OK
- request:
    body: null
    headers:
      Cookie:
      - looker.browser=9764
    method: GET
    uri: https://spectacles.looker.com:19999/api/3.1/projects/welcome_to_looker/git_branches
  response:
    body:
      string: '[{"name":"dev-bruce-sandell-qyqv","remote":"origin","remote_name":"dev-bruce-sandell-qyqv","error":null,"message":null,"owner_name":null,"readonly":true,"personal":true,"is_local":true,"is_remote":true,"is_production":false,"ahead_count":0,"behind_count":0,"commit_at":1574054085,"ref":"917165654d8b554043ef61bef1091aed2c9ebc2b","remote_ref":"917165654d8b554043ef61bef1091aed2c9ebc2b","can":{}},{"name":"dev-josh-temple-8m75","remote":"origin","remote_name":"dev-josh-temple-8m75","error":null,"message":null,"owner_name":null,"readonly":false,"personal":true,"is_local":true,"is_remote":true,"is_production":false,"ahead_count":0,"behind_count":0,"commit_at":1592424796,"ref":"5e0faacc66765c4b1d89a5a88579296d4a1e5d2c","remote_ref":"5e0faacc66765c4b1d89a5a88579296d4a1e5d2c","can":{}},{"name":"master","remote":"origin","remote_name":"master","error":null,"message":null,"owner_name":null,"readonly":true,"personal":false,"is_local":true,"is_remote":true,"is_production":true,"ahead_count":0,"behind_count":1,"commit_at":1589215827,"ref":"acce6810c82db118e41a2374d393e9e93b785bb5","remote_ref":"71025770cf923f656ba2375436a1bd85ac00affc","can":{}},{"name":"pytest","remote":"origin","remote_name":"pytest","error":null,"message":null,"owner_name":null,"readonly":false,"personal":false,"is_local":true,"is_remote":true,"is_production":false,"ahead_count":0,"behind_count":0,"commit_at":1589215827,"ref":"71025770cf923f656ba2375436a1bd85ac00affc","remote_ref":"71025770cf923f656ba2375436a1bd85ac00affc","can":{}},{"name":"tmp_spectacles_4e6bc0910d","remote":"origin","remote_name":"tmp_spectacles_4e6bc0910d","error":null,"message":null,"owner_name":null,"readonly":false,"personal":false,"is_local":true,"is_remote":false,"is_production":false,"ahead_count":null,"behind_count":null,"commit_at":1589215827,"ref":"71025770cf923f656ba2375436a1bd85ac00affc","remote_ref":null,"can":{}},{"name":"tmp_spectacles_556f5f3487","remote":"origin","remote_name":"tmp_spectacles_556f5f3487","error":null,"message":null,"owner_name":null,"readonly":false,"personal":false,"is_local":true,"is_remote":false,"is_production":false,"ahead_count":null,"behind_count":null,"commit_at":1589215827,"ref":"71025770cf923f656ba2375436a1bd85ac00affc","remote_ref":null,"can":{}},{"name":"tmp_spectacles_9bb57c6910","remote":"origin","remote_name":"tmp_spectacles_9bb57c6910","error":null,"message":null,"owner_name":null,"readonly":false,"personal":false,"is_local":true,"is_remote":false,"is_production":false,"ahead_count":null,"behind_count":null,"commit_at":1589215827,"ref":"71025770cf923f656ba2375436a1bd85ac00affc","remote_ref":null,"can":{}},{"name":"tmp_spectacles_a1a4e20109","remote":"origin","remote_name":"tmp_spectacles_a1a4e20109","error":null,"message":null,"owner_name":null,"readonly":false,"personal":false,"is_local":true,"is_remote":false,"is_production":false,"ahead_count":null,"behind_count":null,"commit_at":1589215827,"ref":"71025770cf923f656ba2375436a1bd85ac00affc","remote_ref":null,"can":{}},{"name":"tmp_spectacles_a6a042d2b4","remote":"origin","remote_name":"tmp_spectacles_a6a042d2b4","error":null,"message":null,"owner_name":null,"readonly":false,"personal":false,"is_local":true,"is_remote":false,"is_production":false,"ahead_count":null,"behind_count":null,"commit_at":1589215827,"ref":"71025770cf923f656ba2375436a1bd85ac00affc","remote_ref":null,"can":{}},{"name":"tmp_spectacles_cc079b42d7","remote":"origin","remote_name":"tmp_spectacles_cc079b42d7","error":null,"message":null,"owner_name":null,"readonly":false,"personal":false,"is_local":true,"is_remote":false,"is_production":false,"ahead_count":null,"behind_count":null,"commit_at":1589215827,"ref":"71025770cf923f656ba2375436a1bd85ac00affc","remote_ref":null,"can":{}},{"name":"tmp_spectacles_dc0b8dfa40","remote":"origin","remote_name":"tmp_spectacles_dc0b8dfa40","error":null,"message":null,"owner_name":null,"readonly":false,"personal":false,"is_local":true,"is_remote":false,"is_production":false,"ahead_count":null,"behind_count":null,"commit_at":1589215827,"ref":"71025770cf923f656ba2375436a1bd85ac00affc","remote_ref":null,"can":{}},{"name":"dev-dylan-baker-kpjr","remote":"origin","remote_name":"dev-dylan-baker-kpjr","error":null,"message":null,"owner_name":null,"readonly":true,"personal":true,"is_local":false,"is_remote":true,"is_production":false,"ahead_count":null,"behind_count":null,"commit_at":1589215827,"ref":null,"remote_ref":"71025770cf923f656ba2375436a1bd85ac00affc","can":{}},{"name":"dev-spectacles-bot-7kqt","remote":"origin","remote_name":"dev-spectacles-bot-7kqt","error":null,"message":null,"owner_name":null,"readonly":true,"personal":true,"is_local":false,"is_remote":true,"is_production":false,"ahead_count":null,"behind_count":null,"commit_at":1576076607,"ref":null,"remote_ref":"acce6810c82db118e41a2374d393e9e93b785bb5","can":{}},{"name":"dev-spectacles-cloud-bot-2vyr","remote":"origin","remote_name":"dev-spectacles-cloud-bot-2vyr","error":null,"message":null,"owner_name":null,"readonly":true,"personal":true,"is_local":false,"is_remote":true,"is_production":false,"ahead_count":null,"behind_count":null,"commit_at":1589215827,"ref":null,"remote_ref":"71025770cf923f656ba2375436a1bd85ac00affc","can":{}},{"name":"dev-tom-miller-gwb5","remote":"origin","remote_name":"dev-tom-miller-gwb5","error":null,"message":null,"owner_name":null,"readonly":true,"personal":true,"is_local":false,"is_remote":true,"is_production":false,"ahead_count":null,"behind_count":null,"commit_at":1589215827,"ref":null,"remote_ref":"71025770cf923f656ba2375436a1bd85ac00affc","can":{}},{"name":"dev-user-2wc6","remote":"origin","remote_name":"dev-user-2wc6","error":null,"message":null,"owner_name":null,"readonly":true,"personal":true,"is_local":false,"is_remote":true,"is_production":false,"ahead_count":null,"behind_count":null,"commit_at":1589215827,"ref":null,"remote_ref":"71025770cf923f656ba2375436a1bd85ac00affc","can":{}},{"name":"dev-user-gpvs","remote":"origin","remote_name":"dev-user-gpvs","error":null,"message":null,"owner_name":null,"readonly":true,"personal":true,"is_local":false,"is_remote":true,"is_production":false,"ahead_count":null,"behind_count":null,"commit_at":1589215827,"ref":null,"remote_ref":"71025770cf923f656ba2375436a1bd85ac00affc","can":{}},{"name":"dev-user-wccg","remote":"origin","remote_name":"dev-user-wccg","error":null,"message":null,"owner_name":null,"readonly":true,"personal":true,"is_local":false,"is_remote":true,"is_production":false,"ahead_count":null,"behind_count":null,"commit_at":1589215827,"ref":null,"remote_ref":"71025770cf923f656ba2375436a1bd85ac00affc","can":{}}]'
    headers:
      Connection:
      - keep-alive
      Content-Length:
      - '6602'
      Content-Type:
      - application/json
      Date:
      - Wed, 24 Mar 2021 17:57:08 GMT
      Server:
      - nginx
      Vary:
      - Accept-Encoding
      - Accept-Encoding, Origin
      X-B3-ParentSpanId:
      - 4eab763dfb2ff3be
      X-B3-Sampled:
      - '0'
      X-B3-SpanId:
      - 4eab763dfb2ff3be
      X-B3-TraceId:
      - 605b7d747283d7c74eab763dfb2ff3be
      X-Content-Type-Options:
      - nosniff
    status:
      code: 200
      message: OK
version: 1
