interactions:
- request:
    body: '{"workspace_id": "dev"}'
    headers:
      Content-Length:
      - '23'
      Content-Type:
      - application/json
      Cookie:
      - looker.browser=48118604
    method: PATCH
    uri: https://spectacles.looker.com:19999/api/3.1/session
  response:
    body:
      string: '{"workspace_id":"dev","sudo_user_id":null,"can":{"view":true,"update":true}}'
    headers:
      Connection:
      - keep-alive
      Content-Length:
      - '76'
      Content-Type:
      - application/json
      Date:
      - Mon, 04 Apr 2022 15:04:21 GMT
      Strict-Transport-Security:
      - max-age=15724800; includeSubDomains
      Vary:
      - Accept-Encoding, Origin
      X-B3-ParentSpanId:
      - 9ce0f3a3ede01a08
      X-B3-Sampled:
      - '0'
      X-B3-SpanId:
      - 9ce0f3a3ede01a08
      X-B3-TraceId:
      - 624b08f5a31d702d9ce0f3a3ede01a08
      X-Content-Type-Options:
      - nosniff
    status:
      code: 200
      message: OK
- request:
    body: '{"name": "pytest"}'
    headers:
      Content-Length:
      - '18'
      Content-Type:
      - application/json
      Cookie:
      - looker.browser=48118604
    method: PUT
    uri: https://spectacles.looker.com:19999/api/3.1/projects/eye_exam/git_branch
  response:
    body:
      string: '{"name":"pytest","remote":"origin","remote_name":"pytest","error":null,"message":null,"owner_name":null,"readonly":false,"personal":false,"is_local":true,"is_remote":true,"is_production":false,"ahead_count":0,"behind_count":0,"commit_at":1648832027,"ref":"742b118d314d2478a215aa02016c09e173deec7e","remote_ref":"742b118d314d2478a215aa02016c09e173deec7e","can":{}}'
    headers:
      Connection:
      - keep-alive
      Content-Length:
      - '363'
      Content-Type:
      - application/json
      Date:
      - Mon, 04 Apr 2022 15:04:21 GMT
      Strict-Transport-Security:
      - max-age=15724800; includeSubDomains
      Vary:
      - Accept-Encoding
      - Accept-Encoding, Origin
      X-B3-ParentSpanId:
      - 82fc95e473b5353c
      X-B3-Sampled:
      - '0'
      X-B3-SpanId:
      - 82fc95e473b5353c
      X-B3-TraceId:
      - 624b08f53277726c82fc95e473b5353c
      X-Content-Type-Options:
      - nosniff
    status:
      code: 200
      message: OK
- request:
    body: null
    headers:
      Cookie:
      - looker.browser=48118604
    method: GET
    uri: https://spectacles.looker.com:19999/api/3.1/session
  response:
    body:
      string: '{"workspace_id":"dev","sudo_user_id":null,"can":{"view":true,"update":true}}'
    headers:
      Connection:
      - keep-alive
      Content-Length:
      - '76'
      Content-Type:
      - application/json
      Date:
      - Mon, 04 Apr 2022 15:04:21 GMT
      Strict-Transport-Security:
      - max-age=15724800; includeSubDomains
      Vary:
      - Accept-Encoding, Origin
      X-B3-ParentSpanId:
      - 58a3a5cb4db9103c
      X-B3-Sampled:
      - '0'
      X-B3-SpanId:
      - 58a3a5cb4db9103c
      X-B3-TraceId:
      - 624b08f570b4ef3958a3a5cb4db9103c
      X-Content-Type-Options:
      - nosniff
    status:
      code: 200
      message: OK
- request:
    body: null
    headers:
      Cookie:
      - looker.browser=48118604
    method: GET
    uri: https://spectacles.looker.com:19999/api/3.1/projects/eye_exam/git_branch
  response:
    body:
      string: '{"name":"pytest","remote":"origin","remote_name":"pytest","error":null,"message":null,"owner_name":null,"readonly":false,"personal":false,"is_local":true,"is_remote":true,"is_production":false,"ahead_count":0,"behind_count":0,"commit_at":1648832027,"ref":"742b118d314d2478a215aa02016c09e173deec7e","remote_ref":"742b118d314d2478a215aa02016c09e173deec7e","can":{}}'
    headers:
      Connection:
      - keep-alive
      Content-Length:
      - '363'
      Content-Type:
      - application/json
      Date:
      - Mon, 04 Apr 2022 15:04:21 GMT
      Strict-Transport-Security:
      - max-age=15724800; includeSubDomains
      Vary:
      - Accept-Encoding
      - Accept-Encoding, Origin
      X-B3-ParentSpanId:
      - 45cfd18838829c2e
      X-B3-Sampled:
      - '0'
      X-B3-SpanId:
      - 45cfd18838829c2e
      X-B3-TraceId:
      - 624b08f5a9c1bde145cfd18838829c2e
      X-Content-Type-Options:
      - nosniff
    status:
      code: 200
      message: OK
- request:
    body: null
    headers:
      Cookie:
      - looker.browser=48118604
    method: GET
    uri: https://spectacles.looker.com:19999/api/3.1/projects/eye_exam/manifest
  response:
    body:
      string: '{"name":"eye_exam","imports":[{"name":"welcome_to_looker","url":null,"ref":null,"is_remote":false,"can":{}}],"localization_settings":null,"can":{}}'
    headers:
      Connection:
      - keep-alive
      Content-Length:
      - '147'
      Content-Type:
      - application/json
      Date:
      - Mon, 04 Apr 2022 15:04:22 GMT
      Strict-Transport-Security:
      - max-age=15724800; includeSubDomains
      Vary:
      - Accept-Encoding, Origin
      X-B3-ParentSpanId:
      - 8b6af26c3b5782a9
      X-B3-Sampled:
      - '0'
      X-B3-SpanId:
      - 8b6af26c3b5782a9
      X-B3-TraceId:
      - 624b08f542cf9df88b6af26c3b5782a9
      X-Content-Type-Options:
      - nosniff
    status:
      code: 200
      message: OK
- request:
    body: '{"name": "pytest-additional"}'
    headers:
      Content-Length:
      - '29'
      Content-Type:
      - application/json
      Cookie:
      - looker.browser=48118604
    method: PUT
    uri: https://spectacles.looker.com:19999/api/3.1/projects/eye_exam/git_branch
  response:
    body:
      string: '{"name":"pytest-additional","remote":"origin","remote_name":"pytest-additional","error":null,"message":null,"owner_name":null,"readonly":false,"personal":false,"is_local":true,"is_remote":false,"is_production":false,"ahead_count":null,"behind_count":null,"commit_at":1592667063,"ref":"e2b75a3d5a146302c9847dfd14fc6fbb0ee68a87","remote_ref":null,"can":{}}'
    headers:
      Connection:
      - keep-alive
      Content-Length:
      - '354'
      Content-Type:
      - application/json
      Date:
      - Mon, 04 Apr 2022 15:04:22 GMT
      Strict-Transport-Security:
      - max-age=15724800; includeSubDomains
      Vary:
      - Accept-Encoding
      - Accept-Encoding, Origin
      X-B3-ParentSpanId:
      - 69faa42b96ac0bbb
      X-B3-Sampled:
      - '0'
      X-B3-SpanId:
      - 69faa42b96ac0bbb
      X-B3-TraceId:
      - 624b08f64370331169faa42b96ac0bbb
      X-Content-Type-Options:
      - nosniff
    status:
      code: 200
      message: OK
- request:
    body: null
    headers:
      Cookie:
      - looker.browser=48118604
    method: GET
    uri: https://spectacles.looker.com:19999/api/3.1/session
  response:
    body:
      string: '{"workspace_id":"dev","sudo_user_id":null,"can":{"view":true,"update":true}}'
    headers:
      Connection:
      - keep-alive
      Content-Length:
      - '76'
      Content-Type:
      - application/json
      Date:
      - Mon, 04 Apr 2022 15:04:22 GMT
      Strict-Transport-Security:
      - max-age=15724800; includeSubDomains
      Vary:
      - Accept-Encoding, Origin
      X-B3-ParentSpanId:
      - cdf800a582abefc4
      X-B3-Sampled:
      - '0'
      X-B3-SpanId:
      - cdf800a582abefc4
      X-B3-TraceId:
      - 624b08f699249df3cdf800a582abefc4
      X-Content-Type-Options:
      - nosniff
    status:
      code: 200
      message: OK
- request:
    body: null
    headers:
      Cookie:
      - looker.browser=48118604
    method: GET
    uri: https://spectacles.looker.com:19999/api/3.1/projects/welcome_to_looker/git_branch
  response:
    body:
      string: '{"name":"tmp_spectacles_5e52c0302c","remote":"origin","remote_name":"tmp_spectacles_5e52c0302c","error":null,"message":null,"owner_name":null,"readonly":false,"personal":false,"is_local":true,"is_remote":false,"is_production":false,"ahead_count":null,"behind_count":null,"commit_at":1589215827,"ref":"71025770cf923f656ba2375436a1bd85ac00affc","remote_ref":null,"can":{}}'
    headers:
      Connection:
      - keep-alive
      Content-Length:
      - '370'
      Content-Type:
      - application/json
      Date:
      - Mon, 04 Apr 2022 15:04:23 GMT
      Strict-Transport-Security:
      - max-age=15724800; includeSubDomains
      Vary:
      - Accept-Encoding
      - Accept-Encoding, Origin
      X-B3-ParentSpanId:
      - 7a44c0a16a083242
      X-B3-Sampled:
      - '0'
      X-B3-SpanId:
      - 7a44c0a16a083242
      X-B3-TraceId:
      - 624b08f7d7ff72337a44c0a16a083242
      X-Content-Type-Options:
      - nosniff
    status:
      code: 200
      message: OK
- request:
    body: null
    headers:
      Cookie:
      - looker.browser=48118604
    method: GET
    uri: https://spectacles.looker.com:19999/api/3.1/projects/welcome_to_looker/manifest
  response:
    body:
      string: "<!DOCTYPE html>\n<html>\n<head>\n    <title>Looker Not Found (404)</title>\n
        \   <link href='https://fonts.googleapis.com/css?family=Open+Sans:400,600'
        rel='stylesheet' type='text/css'>\n\n    <!-- @@@@@@@@@@@@@ FAVICONS @@@@@@@@@@@@@
        -->\n\n    <link rel=\"apple-touch-icon-precomposed\" sizes=\"57x57\" href=\"https://wwwstatic-b.lookercdn.com/favicon/apple-touch-icon-57x57.png\"
        />\n    <link rel=\"apple-touch-icon-precomposed\" sizes=\"114x114\" href=\"https://wwwstatic-c.lookercdn.com/favicon/apple-touch-icon-114x114.png\"
        />\n    <link rel=\"apple-touch-icon-precomposed\" sizes=\"72x72\" href=\"https://wwwstatic-d.lookercdn.com/favicon/apple-touch-icon-72x72.png\"
        />\n    <link rel=\"apple-touch-icon-precomposed\" sizes=\"144x144\" href=\"https://wwwstatic-a.lookercdn.com/favicon/apple-touch-icon-144x144.png\"
        />\n    <link rel=\"apple-touch-icon-precomposed\" sizes=\"60x60\" href=\"https://wwwstatic-b.lookercdn.com/favicon/apple-touch-icon-60x60.png\"
        />\n    <link rel=\"apple-touch-icon-precomposed\" sizes=\"120x120\" href=\"https://wwwstatic-c.lookercdn.com/favicon/apple-touch-icon-120x120.png\"
        />\n    <link rel=\"apple-touch-icon-precomposed\" sizes=\"76x76\" href=\"https://wwwstatic-d.lookercdn.com/favicon/apple-touch-icon-76x76.png\"
        />\n    <link rel=\"apple-touch-icon-precomposed\" sizes=\"152x152\" href=\"https://wwwstatic-a.lookercdn.com/favicon/apple-touch-icon-152x152.png\"
        />\n    <link rel=\"icon\" type=\"image/png\" href=\"https://wwwstatic-b.lookercdn.com/favicon/favicon-196x196.png\"
        sizes=\"196x196\" />\n    <link rel=\"icon\" type=\"image/png\" href=\"https://wwwstatic-c.lookercdn.com/favicon/favicon-96x96.png\"
        sizes=\"96x96\" />\n    <link rel=\"icon\" type=\"image/png\" href=\"https://wwwstatic-d.lookercdn.com/favicon/favicon-32x32.png\"
        sizes=\"32x32\" />\n    <link rel=\"icon\" type=\"image/png\" href=\"https://wwwstatic-a.lookercdn.com/favicon/favicon-16x16.png\"
        sizes=\"16x16\" />\n    <link rel=\"icon\" type=\"image/png\" href=\"https://wwwstatic-b.lookercdn.com/favicon/favicon-128.png\"
        sizes=\"128x128\" />\n    <meta name=\"application-name\" content=\"Looker\"/>\n
        \   <meta name=\"msapplication-TileColor\" content=\"#FFFFFF\" />\n    <meta
        name=\"msapplication-TileImage\" content=\"https://wwwstatic-c.lookercdn.com/favicon/mstile-144x144.png\"
        />\n    <meta name=\"msapplication-square70x70logo\" content=\"https://wwwstatic-d.lookercdn.com/favicon/mstile-70x70.png\"
        />\n    <meta name=\"msapplication-square150x150logo\" content=\"https://wwwstatic-a.lookercdn.com/favicon/mstile-150x150.png\"
        />\n    <meta name=\"msapplication-wide310x150logo\" content=\"https://wwwstatic-b.lookercdn.com/favicon/mstile-310x150.png\"
        />\n    <meta name=\"msapplication-square310x310logo\" content=\"https://wwwstatic-c.lookercdn.com/favicon/mstile-310x310.png\"
        />\n\n    <style type=\"text/css\">\n        body {\n            background-color:
        #2e343f;\n            color: white;\n            height: auto;\n            font-family:
        Open Sans, Helvetica, Arial, sans-serif;\n        }\n        .message {\n
        \           width: 100%;\n            max-width: 760px;\n            margin:
        0 auto;\n            margin-top: 135px;\n            text-align: center;\n
        \       }\n        h2, h3 {\n            font-weight: normal;\n        }\n
        \       a {\n            color: white;\n        }\n    </style>\n</head>\n<body>\n\n
        \   <div class=\"message\">\n\n        <img width=\"210\" height=\"84\" src=\"https://wwwstatic-a.lookercdn.com/logos/looker_all_white.svg\"
        alt=\"Looker\">\n\n        <h1>Looker is unavailable.</h1>\n\n        <h2>If
        you typed in a URL, double-check the spelling.</h2>\n        <h2>This may
        also be due to a temporary condition such as an outage, <a href=\"https://docs.looker.com/relnotes/hosted-maintenance-hours\">scheduled
        maintenance</a> or upgrade.</h2>\n        <br>\n        <h3>\n            If
        this message persists or you have any concerns, <br> contact us from\n            <a
        href=\"https://help.looker.com\">help.looker.com</a> and we'll respond promptly.\n
        \       </h3>\n\n    </div>\n\n</body>\n</html>\n"
    headers:
      Connection:
      - close
      Content-Type:
      - text/html
      Date:
      - Mon, 04 Apr 2022 15:04:23 GMT
      Vary:
      - Accept-Encoding
    status:
      code: 404
      message: Not Found
- request:
    body: '{"workspace_id": "production"}'
    headers:
      Content-Length:
      - '30'
      Content-Type:
      - application/json
      Cookie:
      - looker.browser=48118604
    method: PATCH
    uri: https://spectacles.looker.com:19999/api/3.1/session
  response:
    body:
      string: '{"workspace_id":"production","sudo_user_id":null,"can":{"view":true,"update":true}}'
    headers:
      Connection:
      - keep-alive
      Content-Length:
      - '83'
      Content-Type:
      - application/json
      Date:
      - Mon, 04 Apr 2022 15:04:23 GMT
      Strict-Transport-Security:
      - max-age=15724800; includeSubDomains
      Vary:
      - Accept-Encoding, Origin
      X-B3-ParentSpanId:
      - 8c97f479629d5eae
      X-B3-Sampled:
      - '0'
      X-B3-SpanId:
      - 8c97f479629d5eae
      X-B3-TraceId:
      - 624b08f7382fc6e98c97f479629d5eae
      X-Content-Type-Options:
      - nosniff
    status:
      code: 200
      message: OK
- request:
    body: null
    headers:
      Cookie:
      - looker.browser=48118604
    method: GET
    uri: https://spectacles.looker.com:19999/api/3.1/session
  response:
    body:
      string: '{"workspace_id":"production","sudo_user_id":null,"can":{"view":true,"update":true}}'
    headers:
      Connection:
      - keep-alive
      Content-Length:
      - '83'
      Content-Type:
      - application/json
      Date:
      - Mon, 04 Apr 2022 15:04:23 GMT
      Strict-Transport-Security:
      - max-age=15724800; includeSubDomains
      Vary:
      - Accept-Encoding, Origin
      X-B3-ParentSpanId:
      - a822eaf6ef603f25
      X-B3-Sampled:
      - '0'
      X-B3-SpanId:
      - a822eaf6ef603f25
      X-B3-TraceId:
      - 624b08f75f9d9b3ba822eaf6ef603f25
      X-Content-Type-Options:
      - nosniff
    status:
      code: 200
      message: OK
- request:
    body: null
    headers:
      Cookie:
      - looker.browser=48118604
    method: GET
    uri: https://spectacles.looker.com:19999/api/3.1/projects/welcome_to_looker/git_branch
  response:
    body:
      string: '{"name":"master","remote":"origin","remote_name":"master","error":null,"message":null,"owner_name":null,"readonly":false,"personal":false,"is_local":true,"is_remote":true,"is_production":true,"ahead_count":0,"behind_count":0,"commit_at":1589215827,"ref":"71025770cf923f656ba2375436a1bd85ac00affc","remote_ref":"71025770cf923f656ba2375436a1bd85ac00affc","can":{}}'
    headers:
      Connection:
      - keep-alive
      Content-Length:
      - '362'
      Content-Type:
      - application/json
      Date:
      - Mon, 04 Apr 2022 15:04:23 GMT
      Strict-Transport-Security:
      - max-age=15724800; includeSubDomains
      Vary:
      - Accept-Encoding
      - Accept-Encoding, Origin
      X-B3-ParentSpanId:
      - 0611fe396adf172b
      X-B3-Sampled:
      - '0'
      X-B3-SpanId:
      - 0611fe396adf172b
      X-B3-TraceId:
      - 624b08f7ec0f2d2e0611fe396adf172b
      X-Content-Type-Options:
      - nosniff
    status:
      code: 200
      message: OK
- request:
    body: '{"workspace_id": "dev"}'
    headers:
      Content-Length:
      - '23'
      Content-Type:
      - application/json
      Cookie:
      - looker.browser=48118604
    method: PATCH
    uri: https://spectacles.looker.com:19999/api/3.1/session
  response:
    body:
      string: '{"workspace_id":"dev","sudo_user_id":null,"can":{"view":true,"update":true}}'
    headers:
      Connection:
      - keep-alive
      Content-Length:
      - '76'
      Content-Type:
      - application/json
      Date:
      - Mon, 04 Apr 2022 15:04:23 GMT
      Strict-Transport-Security:
      - max-age=15724800; includeSubDomains
      Vary:
      - Accept-Encoding, Origin
      X-B3-ParentSpanId:
      - 61cb1c2faabeffb3
      X-B3-Sampled:
      - '0'
      X-B3-SpanId:
      - 61cb1c2faabeffb3
      X-B3-TraceId:
      - 624b08f793c0daa261cb1c2faabeffb3
      X-Content-Type-Options:
      - nosniff
    status:
      code: 200
      message: OK
- request:
    body: null
    headers:
      Cookie:
      - looker.browser=48118604
    method: GET
    uri: https://spectacles.looker.com:19999/api/3.1/session
  response:
    body:
      string: '{"workspace_id":"dev","sudo_user_id":null,"can":{"view":true,"update":true}}'
    headers:
      Connection:
      - keep-alive
      Content-Length:
      - '76'
      Content-Type:
      - application/json
      Date:
      - Mon, 04 Apr 2022 15:04:23 GMT
      Strict-Transport-Security:
      - max-age=15724800; includeSubDomains
      Vary:
      - Accept-Encoding, Origin
      X-B3-ParentSpanId:
      - f343da3de00dd107
      X-B3-Sampled:
      - '0'
      X-B3-SpanId:
      - f343da3de00dd107
      X-B3-TraceId:
      - 624b08f73a982b96f343da3de00dd107
      X-Content-Type-Options:
      - nosniff
    status:
      code: 200
      message: OK
- request:
    body: null
    headers:
      Cookie:
      - looker.browser=48118604
    method: GET
    uri: https://spectacles.looker.com:19999/api/3.1/projects/welcome_to_looker/git_branch
  response:
    body:
      string: '{"name":"tmp_spectacles_5e52c0302c","remote":"origin","remote_name":"tmp_spectacles_5e52c0302c","error":null,"message":null,"owner_name":null,"readonly":false,"personal":false,"is_local":true,"is_remote":false,"is_production":false,"ahead_count":null,"behind_count":null,"commit_at":1589215827,"ref":"71025770cf923f656ba2375436a1bd85ac00affc","remote_ref":null,"can":{}}'
    headers:
      Connection:
      - keep-alive
      Content-Length:
      - '370'
      Content-Type:
      - application/json
      Date:
      - Mon, 04 Apr 2022 15:04:23 GMT
      Strict-Transport-Security:
      - max-age=15724800; includeSubDomains
      Vary:
      - Accept-Encoding
      - Accept-Encoding, Origin
      X-B3-ParentSpanId:
      - 4a1e3eb5052eaaa1
      X-B3-Sampled:
      - '0'
      X-B3-SpanId:
      - 4a1e3eb5052eaaa1
      X-B3-TraceId:
      - 624b08f7ec811dd44a1e3eb5052eaaa1
      X-Content-Type-Options:
      - nosniff
    status:
      code: 200
      message: OK
- request:
    body: '{"name": "tmp_spectacles_abc123"}'
    headers:
      Content-Length:
      - '33'
      Content-Type:
      - application/json
      Cookie:
      - looker.browser=48118604
    method: POST
    uri: https://spectacles.looker.com:19999/api/3.1/projects/welcome_to_looker/git_branch
  response:
    body:
      string: '{"name":"tmp_spectacles_abc123","remote":"origin","remote_name":"tmp_spectacles_abc123","error":null,"message":null,"owner_name":null,"readonly":false,"personal":false,"is_local":true,"is_remote":false,"is_production":false,"ahead_count":null,"behind_count":null,"commit_at":1589215827,"ref":"71025770cf923f656ba2375436a1bd85ac00affc","remote_ref":null,"can":{}}'
    headers:
      Connection:
      - keep-alive
      Content-Length:
      - '362'
      Content-Type:
      - application/json
      Date:
      - Mon, 04 Apr 2022 15:04:24 GMT
      Strict-Transport-Security:
      - max-age=15724800; includeSubDomains
      Vary:
      - Accept-Encoding
      - Accept-Encoding, Origin
      X-B3-ParentSpanId:
      - b40ad46d985653ae
      X-B3-Sampled:
      - '0'
      X-B3-SpanId:
      - b40ad46d985653ae
      X-B3-TraceId:
      - 624b08f7d983b889b40ad46d985653ae
      X-Content-Type-Options:
      - nosniff
    status:
      code: 200
      message: OK
- request:
    body: '{"name": "tmp_spectacles_abc123", "ref": "71025770cf923f656ba2375436a1bd85ac00affc"}'
    headers:
      Content-Length:
      - '84'
      Content-Type:
      - application/json
      Cookie:
      - looker.browser=48118604
    method: PUT
    uri: https://spectacles.looker.com:19999/api/3.1/projects/welcome_to_looker/git_branch
  response:
    body:
      string: '{"name":"tmp_spectacles_abc123","remote":"origin","remote_name":"tmp_spectacles_abc123","error":null,"message":null,"owner_name":null,"readonly":false,"personal":false,"is_local":true,"is_remote":false,"is_production":false,"ahead_count":null,"behind_count":null,"commit_at":1589215827,"ref":"71025770cf923f656ba2375436a1bd85ac00affc","remote_ref":null,"can":{}}'
    headers:
      Connection:
      - keep-alive
      Content-Length:
      - '362'
      Content-Type:
      - application/json
      Date:
      - Mon, 04 Apr 2022 15:04:24 GMT
      Strict-Transport-Security:
      - max-age=15724800; includeSubDomains
      Vary:
      - Accept-Encoding
      - Accept-Encoding, Origin
      X-B3-ParentSpanId:
      - 77b05600eede334e
      X-B3-Sampled:
      - '0'
      X-B3-SpanId:
      - 77b05600eede334e
      X-B3-TraceId:
      - 624b08f8e33a0e1a77b05600eede334e
      X-Content-Type-Options:
      - nosniff
    status:
      code: 200
      message: OK
- request:
    body: null
    headers:
      Cookie:
      - looker.browser=48118604
    method: GET
    uri: https://spectacles.looker.com:19999/api/3.1/projects/eye_exam/git_branch
  response:
    body:
      string: '{"name":"pytest-additional","remote":"origin","remote_name":"pytest-additional","error":null,"message":null,"owner_name":null,"readonly":false,"personal":false,"is_local":true,"is_remote":false,"is_production":false,"ahead_count":null,"behind_count":null,"commit_at":1592667063,"ref":"e2b75a3d5a146302c9847dfd14fc6fbb0ee68a87","remote_ref":null,"can":{}}'
    headers:
      Connection:
      - keep-alive
      Content-Length:
      - '354'
      Content-Type:
      - application/json
      Date:
      - Mon, 04 Apr 2022 15:04:24 GMT
      Strict-Transport-Security:
      - max-age=15724800; includeSubDomains
      Vary:
      - Accept-Encoding
      - Accept-Encoding, Origin
      X-B3-ParentSpanId:
      - 019aa556e585dbda
      X-B3-Sampled:
      - '0'
      X-B3-SpanId:
      - 019aa556e585dbda
      X-B3-TraceId:
      - 624b08f826958702019aa556e585dbda
      X-Content-Type-Options:
      - nosniff
    status:
      code: 200
      message: OK
- request:
    body: null
    headers:
      Cookie:
      - looker.browser=48118604
    method: GET
    uri: https://spectacles.looker.com:19999/api/3.1/projects/welcome_to_looker/git_branch
  response:
    body:
      string: '{"name":"tmp_spectacles_abc123","remote":"origin","remote_name":"tmp_spectacles_abc123","error":null,"message":null,"owner_name":null,"readonly":false,"personal":false,"is_local":true,"is_remote":false,"is_production":false,"ahead_count":null,"behind_count":null,"commit_at":1589215827,"ref":"71025770cf923f656ba2375436a1bd85ac00affc","remote_ref":null,"can":{}}'
    headers:
      Connection:
      - keep-alive
      Content-Length:
      - '362'
      Content-Type:
      - application/json
      Date:
      - Mon, 04 Apr 2022 15:04:24 GMT
      Strict-Transport-Security:
      - max-age=15724800; includeSubDomains
      Vary:
      - Accept-Encoding
      - Accept-Encoding, Origin
      X-B3-ParentSpanId:
      - 285f3591781f1f13
      X-B3-Sampled:
      - '0'
      X-B3-SpanId:
      - 285f3591781f1f13
      X-B3-TraceId:
      - 624b08f8f0fc5d35285f3591781f1f13
      X-Content-Type-Options:
      - nosniff
    status:
      code: 200
      message: OK
- request:
    body: '{"name": "tmp_spectacles_5e52c0302c"}'
    headers:
      Content-Length:
      - '37'
      Content-Type:
      - application/json
      Cookie:
      - looker.browser=48118604
    method: PUT
    uri: https://spectacles.looker.com:19999/api/3.1/projects/welcome_to_looker/git_branch
  response:
    body:
      string: '{"name":"tmp_spectacles_5e52c0302c","remote":"origin","remote_name":"tmp_spectacles_5e52c0302c","error":null,"message":null,"owner_name":null,"readonly":false,"personal":false,"is_local":true,"is_remote":false,"is_production":false,"ahead_count":null,"behind_count":null,"commit_at":1589215827,"ref":"71025770cf923f656ba2375436a1bd85ac00affc","remote_ref":null,"can":{}}'
    headers:
      Connection:
      - keep-alive
      Content-Length:
      - '370'
      Content-Type:
      - application/json
      Date:
      - Mon, 04 Apr 2022 15:04:26 GMT
      Strict-Transport-Security:
      - max-age=15724800; includeSubDomains
      Vary:
      - Accept-Encoding
      - Accept-Encoding, Origin
      X-B3-ParentSpanId:
      - 0137ae307047c7b1
      X-B3-Sampled:
      - '0'
      X-B3-SpanId:
      - 0137ae307047c7b1
      X-B3-TraceId:
      - 624b08f8c28ebe380137ae307047c7b1
      X-Content-Type-Options:
      - nosniff
    status:
      code: 200
      message: OK
- request:
    body: null
    headers:
      Content-Length:
      - '0'
      Cookie:
      - looker.browser=48118604
    method: DELETE
    uri: https://spectacles.looker.com:19999/api/3.1/projects/welcome_to_looker/git_branch/tmp_spectacles_abc123
  response:
    body:
      string: ''
    headers:
      Connection:
      - keep-alive
      Date:
      - Mon, 04 Apr 2022 15:04:26 GMT
      Strict-Transport-Security:
      - max-age=15724800; includeSubDomains
      Vary:
      - Origin
      X-B3-ParentSpanId:
      - 727fcd893c3c5591
      X-B3-Sampled:
      - '0'
      X-B3-SpanId:
      - 727fcd893c3c5591
      X-B3-TraceId:
      - 624b08fa0591518a727fcd893c3c5591
      X-Content-Type-Options:
      - nosniff
    status:
      code: 204
      message: No Content
- request:
    body: '{"name": "tmp_spectacles_5e52c0302c"}'
    headers:
      Content-Length:
      - '37'
      Content-Type:
      - application/json
      Cookie:
      - looker.browser=48118604
    method: PUT
    uri: https://spectacles.looker.com:19999/api/3.1/projects/welcome_to_looker/git_branch
  response:
    body:
      string: '{"name":"tmp_spectacles_5e52c0302c","remote":"origin","remote_name":"tmp_spectacles_5e52c0302c","error":null,"message":null,"owner_name":null,"readonly":false,"personal":false,"is_local":true,"is_remote":false,"is_production":false,"ahead_count":null,"behind_count":null,"commit_at":1589215827,"ref":"71025770cf923f656ba2375436a1bd85ac00affc","remote_ref":null,"can":{}}'
    headers:
      Connection:
      - keep-alive
      Content-Length:
      - '370'
      Content-Type:
      - application/json
      Date:
      - Mon, 04 Apr 2022 15:04:26 GMT
      Strict-Transport-Security:
      - max-age=15724800; includeSubDomains
      Vary:
      - Accept-Encoding
      - Accept-Encoding, Origin
      X-B3-ParentSpanId:
      - 3e0f7b7e7f26a49e
      X-B3-Sampled:
      - '0'
      X-B3-SpanId:
      - 3e0f7b7e7f26a49e
      X-B3-TraceId:
      - 624b08fad5a8dd403e0f7b7e7f26a49e
      X-Content-Type-Options:
      - nosniff
    status:
      code: 200
      message: OK
- request:
    body: '{"name": "pytest"}'
    headers:
      Content-Length:
      - '18'
      Content-Type:
      - application/json
      Cookie:
      - looker.browser=48118604
    method: PUT
    uri: https://spectacles.looker.com:19999/api/3.1/projects/eye_exam/git_branch
  response:
    body:
      string: '{"name":"pytest","remote":"origin","remote_name":"pytest","error":null,"message":null,"owner_name":null,"readonly":false,"personal":false,"is_local":true,"is_remote":true,"is_production":false,"ahead_count":0,"behind_count":0,"commit_at":1648832027,"ref":"742b118d314d2478a215aa02016c09e173deec7e","remote_ref":"742b118d314d2478a215aa02016c09e173deec7e","can":{}}'
    headers:
      Connection:
      - keep-alive
      Content-Length:
      - '363'
      Content-Type:
      - application/json
      Date:
      - Mon, 04 Apr 2022 15:04:27 GMT
      Strict-Transport-Security:
      - max-age=15724800; includeSubDomains
      Vary:
      - Accept-Encoding
      - Accept-Encoding, Origin
      X-B3-ParentSpanId:
      - 8f53b46826ee8947
      X-B3-Sampled:
      - '0'
      X-B3-SpanId:
      - 8f53b46826ee8947
      X-B3-TraceId:
      - 624b08fa0863c9188f53b46826ee8947
      X-Content-Type-Options:
      - nosniff
    status:
      code: 200
      message: OK
- request:
    body: null
    headers:
      Cookie:
      - looker.browser=48118604
    method: GET
    uri: https://spectacles.looker.com:19999/api/3.1/projects/eye_exam/git_branch
  response:
    body:
      string: '{"name":"pytest","remote":"origin","remote_name":"pytest","error":null,"message":null,"owner_name":null,"readonly":false,"personal":false,"is_local":true,"is_remote":true,"is_production":false,"ahead_count":0,"behind_count":0,"commit_at":1648832027,"ref":"742b118d314d2478a215aa02016c09e173deec7e","remote_ref":"742b118d314d2478a215aa02016c09e173deec7e","can":{}}'
    headers:
      Connection:
      - keep-alive
      Content-Length:
      - '363'
      Content-Type:
      - application/json
      Date:
      - Mon, 04 Apr 2022 15:04:27 GMT
      Strict-Transport-Security:
      - max-age=15724800; includeSubDomains
      Vary:
      - Accept-Encoding
      - Accept-Encoding, Origin
      X-B3-ParentSpanId:
      - 0219d85f3c046cb7
      X-B3-Sampled:
      - '0'
      X-B3-SpanId:
      - 0219d85f3c046cb7
      X-B3-TraceId:
      - 624b08fb2989dbf30219d85f3c046cb7
      X-Content-Type-Options:
      - nosniff
    status:
      code: 200
      message: OK
- request:
    body: null
    headers:
      Cookie:
      - looker.browser=48118604
    method: GET
    uri: https://spectacles.looker.com:19999/api/3.1/projects/welcome_to_looker/git_branch
  response:
    body:
      string: '{"name":"tmp_spectacles_5e52c0302c","remote":"origin","remote_name":"tmp_spectacles_5e52c0302c","error":null,"message":null,"owner_name":null,"readonly":false,"personal":false,"is_local":true,"is_remote":false,"is_production":false,"ahead_count":null,"behind_count":null,"commit_at":1589215827,"ref":"71025770cf923f656ba2375436a1bd85ac00affc","remote_ref":null,"can":{}}'
    headers:
      Connection:
      - keep-alive
      Content-Length:
      - '370'
      Content-Type:
      - application/json
      Date:
      - Mon, 04 Apr 2022 15:04:28 GMT
      Strict-Transport-Security:
      - max-age=15724800; includeSubDomains
      Vary:
      - Accept-Encoding
      - Accept-Encoding, Origin
      X-B3-ParentSpanId:
      - 72977073f0b05010
      X-B3-Sampled:
      - '0'
      X-B3-SpanId:
      - 72977073f0b05010
      X-B3-TraceId:
      - 624b08fb1b59122072977073f0b05010
      X-Content-Type-Options:
      - nosniff
    status:
      code: 200
      message: OK
- request:
    body: null
    headers:
      Cookie:
      - looker.browser=48118604
    method: GET
    uri: https://spectacles.looker.com:19999/api/3.1/projects/welcome_to_looker/git_branches
  response:
    body:
      string: '[{"name":"benchmark/no-errors","remote":"origin","remote_name":"benchmark/no-errors","error":null,"message":null,"owner_name":null,"readonly":false,"personal":false,"is_local":true,"is_remote":true,"is_production":false,"ahead_count":0,"behind_count":0,"commit_at":1640119431,"ref":"382ad01406634a509a6685c42ae16c4f4dc1f7cc","remote_ref":"382ad01406634a509a6685c42ae16c4f4dc1f7cc","can":{}},{"name":"dev-bruce-sandell-qyqv","remote":"origin","remote_name":"dev-bruce-sandell-qyqv","error":null,"message":null,"owner_name":null,"readonly":true,"personal":true,"is_local":true,"is_remote":true,"is_production":false,"ahead_count":0,"behind_count":0,"commit_at":1574054085,"ref":"917165654d8b554043ef61bef1091aed2c9ebc2b","remote_ref":"917165654d8b554043ef61bef1091aed2c9ebc2b","can":{}},{"name":"dev-josh-temple-8m75","remote":"origin","remote_name":"dev-josh-temple-8m75","error":null,"message":null,"owner_name":null,"readonly":false,"personal":true,"is_local":true,"is_remote":true,"is_production":false,"ahead_count":0,"behind_count":0,"commit_at":1634606772,"ref":"e9355447afd912282af3c9cd36f87197e2b08fa2","remote_ref":"e9355447afd912282af3c9cd36f87197e2b08fa2","can":{}},{"name":"master","remote":"origin","remote_name":"master","error":null,"message":null,"owner_name":null,"readonly":true,"personal":false,"is_local":true,"is_remote":true,"is_production":true,"ahead_count":0,"behind_count":1,"commit_at":1589215827,"ref":"acce6810c82db118e41a2374d393e9e93b785bb5","remote_ref":"71025770cf923f656ba2375436a1bd85ac00affc","can":{}},{"name":"pytest","remote":"origin","remote_name":"pytest","error":null,"message":null,"owner_name":null,"readonly":false,"personal":false,"is_local":true,"is_remote":true,"is_production":false,"ahead_count":0,"behind_count":0,"commit_at":1589215827,"ref":"71025770cf923f656ba2375436a1bd85ac00affc","remote_ref":"71025770cf923f656ba2375436a1bd85ac00affc","can":{}},{"name":"tmp_spectacles_06ac379dbc","remote":"origin","remote_name":"tmp_spectacles_06ac379dbc","error":null,"message":null,"owner_name":null,"readonly":false,"personal":false,"is_local":true,"is_remote":false,"is_production":false,"ahead_count":null,"behind_count":null,"commit_at":1589215827,"ref":"71025770cf923f656ba2375436a1bd85ac00affc","remote_ref":null,"can":{}},{"name":"tmp_spectacles_2cbda83155","remote":"origin","remote_name":"tmp_spectacles_2cbda83155","error":null,"message":null,"owner_name":null,"readonly":false,"personal":false,"is_local":true,"is_remote":false,"is_production":false,"ahead_count":null,"behind_count":null,"commit_at":1589215827,"ref":"71025770cf923f656ba2375436a1bd85ac00affc","remote_ref":null,"can":{}},{"name":"tmp_spectacles_4e6bc0910d","remote":"origin","remote_name":"tmp_spectacles_4e6bc0910d","error":null,"message":null,"owner_name":null,"readonly":false,"personal":false,"is_local":true,"is_remote":false,"is_production":false,"ahead_count":null,"behind_count":null,"commit_at":1589215827,"ref":"71025770cf923f656ba2375436a1bd85ac00affc","remote_ref":null,"can":{}},{"name":"tmp_spectacles_51d045fd0b","remote":"origin","remote_name":"tmp_spectacles_51d045fd0b","error":null,"message":null,"owner_name":null,"readonly":false,"personal":false,"is_local":true,"is_remote":false,"is_production":false,"ahead_count":null,"behind_count":null,"commit_at":1589215827,"ref":"71025770cf923f656ba2375436a1bd85ac00affc","remote_ref":null,"can":{}},{"name":"tmp_spectacles_556f5f3487","remote":"origin","remote_name":"tmp_spectacles_556f5f3487","error":null,"message":null,"owner_name":null,"readonly":false,"personal":false,"is_local":true,"is_remote":false,"is_production":false,"ahead_count":null,"behind_count":null,"commit_at":1589215827,"ref":"71025770cf923f656ba2375436a1bd85ac00affc","remote_ref":null,"can":{}},{"name":"tmp_spectacles_5e52c0302c","remote":"origin","remote_name":"tmp_spectacles_5e52c0302c","error":null,"message":null,"owner_name":null,"readonly":false,"personal":false,"is_local":true,"is_remote":false,"is_production":false,"ahead_count":null,"behind_count":null,"commit_at":1589215827,"ref":"71025770cf923f656ba2375436a1bd85ac00affc","remote_ref":null,"can":{}},{"name":"tmp_spectacles_5ec9bf661a","remote":"origin","remote_name":"tmp_spectacles_5ec9bf661a","error":null,"message":null,"owner_name":null,"readonly":false,"personal":false,"is_local":true,"is_remote":true,"is_production":false,"ahead_count":0,"behind_count":0,"commit_at":1589215827,"ref":"71025770cf923f656ba2375436a1bd85ac00affc","remote_ref":"71025770cf923f656ba2375436a1bd85ac00affc","can":{}},{"name":"tmp_spectacles_5f7aa63304","remote":"origin","remote_name":"tmp_spectacles_5f7aa63304","error":null,"message":null,"owner_name":null,"readonly":false,"personal":false,"is_local":true,"is_remote":true,"is_production":false,"ahead_count":0,"behind_count":0,"commit_at":1589215827,"ref":"71025770cf923f656ba2375436a1bd85ac00affc","remote_ref":"71025770cf923f656ba2375436a1bd85ac00affc","can":{}},{"name":"tmp_spectacles_616c70b9e2","remote":"origin","remote_name":"tmp_spectacles_616c70b9e2","error":null,"message":null,"owner_name":null,"readonly":false,"personal":false,"is_local":true,"is_remote":true,"is_production":false,"ahead_count":0,"behind_count":0,"commit_at":1589215827,"ref":"71025770cf923f656ba2375436a1bd85ac00affc","remote_ref":"71025770cf923f656ba2375436a1bd85ac00affc","can":{}},{"name":"tmp_spectacles_6b8f545348","remote":"origin","remote_name":"tmp_spectacles_6b8f545348","error":null,"message":null,"owner_name":null,"readonly":false,"personal":false,"is_local":true,"is_remote":true,"is_production":false,"ahead_count":0,"behind_count":0,"commit_at":1589215827,"ref":"71025770cf923f656ba2375436a1bd85ac00affc","remote_ref":"71025770cf923f656ba2375436a1bd85ac00affc","can":{}},{"name":"tmp_spectacles_784cacfe16","remote":"origin","remote_name":"tmp_spectacles_784cacfe16","error":null,"message":null,"owner_name":null,"readonly":false,"personal":false,"is_local":true,"is_remote":true,"is_production":false,"ahead_count":0,"behind_count":0,"commit_at":1589215827,"ref":"71025770cf923f656ba2375436a1bd85ac00affc","remote_ref":"71025770cf923f656ba2375436a1bd85ac00affc","can":{}},{"name":"tmp_spectacles_9bb57c6910","remote":"origin","remote_name":"tmp_spectacles_9bb57c6910","error":null,"message":null,"owner_name":null,"readonly":false,"personal":false,"is_local":true,"is_remote":false,"is_production":false,"ahead_count":null,"behind_count":null,"commit_at":1589215827,"ref":"71025770cf923f656ba2375436a1bd85ac00affc","remote_ref":null,"can":{}},{"name":"tmp_spectacles_9e2a61afb7","remote":"origin","remote_name":"tmp_spectacles_9e2a61afb7","error":null,"message":null,"owner_name":null,"readonly":false,"personal":false,"is_local":true,"is_remote":false,"is_production":false,"ahead_count":null,"behind_count":null,"commit_at":1589215827,"ref":"71025770cf923f656ba2375436a1bd85ac00affc","remote_ref":null,"can":{}},{"name":"tmp_spectacles_a1a4e20109","remote":"origin","remote_name":"tmp_spectacles_a1a4e20109","error":null,"message":null,"owner_name":null,"readonly":false,"personal":false,"is_local":true,"is_remote":false,"is_production":false,"ahead_count":null,"behind_count":null,"commit_at":1589215827,"ref":"71025770cf923f656ba2375436a1bd85ac00affc","remote_ref":null,"can":{}},{"name":"tmp_spectacles_a6a042d2b4","remote":"origin","remote_name":"tmp_spectacles_a6a042d2b4","error":null,"message":null,"owner_name":null,"readonly":false,"personal":false,"is_local":true,"is_remote":false,"is_production":false,"ahead_count":null,"behind_count":null,"commit_at":1589215827,"ref":"71025770cf923f656ba2375436a1bd85ac00affc","remote_ref":null,"can":{}},{"name":"tmp_spectacles_cc079b42d7","remote":"origin","remote_name":"tmp_spectacles_cc079b42d7","error":null,"message":null,"owner_name":null,"readonly":false,"personal":false,"is_local":true,"is_remote":false,"is_production":false,"ahead_count":null,"behind_count":null,"commit_at":1589215827,"ref":"71025770cf923f656ba2375436a1bd85ac00affc","remote_ref":null,"can":{}},{"name":"tmp_spectacles_dc0b8dfa40","remote":"origin","remote_name":"tmp_spectacles_dc0b8dfa40","error":null,"message":null,"owner_name":null,"readonly":false,"personal":false,"is_local":true,"is_remote":false,"is_production":false,"ahead_count":null,"behind_count":null,"commit_at":1589215827,"ref":"71025770cf923f656ba2375436a1bd85ac00affc","remote_ref":null,"can":{}},{"name":"tmp_spectacles_f36a77dc21","remote":"origin","remote_name":"tmp_spectacles_f36a77dc21","error":null,"message":null,"owner_name":null,"readonly":false,"personal":false,"is_local":true,"is_remote":false,"is_production":false,"ahead_count":null,"behind_count":null,"commit_at":1589215827,"ref":"71025770cf923f656ba2375436a1bd85ac00affc","remote_ref":null,"can":{}},{"name":"dev-circleci-service-account-bhh9","remote":"origin","remote_name":"dev-circleci-service-account-bhh9","error":null,"message":null,"owner_name":null,"readonly":true,"personal":true,"is_local":false,"is_remote":true,"is_production":false,"ahead_count":null,"behind_count":null,"commit_at":1589215827,"ref":null,"remote_ref":"71025770cf923f656ba2375436a1bd85ac00affc","can":{}},{"name":"dev-dylan-baker-kpjr","remote":"origin","remote_name":"dev-dylan-baker-kpjr","error":null,"message":null,"owner_name":null,"readonly":true,"personal":true,"is_local":false,"is_remote":true,"is_production":false,"ahead_count":null,"behind_count":null,"commit_at":1589215827,"ref":null,"remote_ref":"71025770cf923f656ba2375436a1bd85ac00affc","can":{}},{"name":"dev-dylan-baker-ybny","remote":"origin","remote_name":"dev-dylan-baker-ybny","error":null,"message":null,"owner_name":null,"readonly":true,"personal":true,"is_local":false,"is_remote":true,"is_production":false,"ahead_count":null,"behind_count":null,"commit_at":1589215827,"ref":null,"remote_ref":"71025770cf923f656ba2375436a1bd85ac00affc","can":{}},{"name":"dev-matt-leal-ywp7","remote":"origin","remote_name":"dev-matt-leal-ywp7","error":null,"message":null,"owner_name":null,"readonly":true,"personal":true,"is_local":false,"is_remote":true,"is_production":false,"ahead_count":null,"behind_count":null,"commit_at":1589215827,"ref":null,"remote_ref":"71025770cf923f656ba2375436a1bd85ac00affc","can":{}},{"name":"dev-spectacles-bot-7kqt","remote":"origin","remote_name":"dev-spectacles-bot-7kqt","error":null,"message":null,"owner_name":null,"readonly":true,"personal":true,"is_local":false,"is_remote":true,"is_production":false,"ahead_count":null,"behind_count":null,"commit_at":1576076607,"ref":null,"remote_ref":"acce6810c82db118e41a2374d393e9e93b785bb5","can":{}},{"name":"dev-spectacles-cloud-bot-2vyr","remote":"origin","remote_name":"dev-spectacles-cloud-bot-2vyr","error":null,"message":null,"owner_name":null,"readonly":true,"personal":true,"is_local":false,"is_remote":true,"is_production":false,"ahead_count":null,"behind_count":null,"commit_at":1589215827,"ref":null,"remote_ref":"71025770cf923f656ba2375436a1bd85ac00affc","can":{}},{"name":"dev-testing-self-service-8qjh","remote":"origin","remote_name":"dev-testing-self-service-8qjh","error":null,"message":null,"owner_name":null,"readonly":true,"personal":true,"is_local":false,"is_remote":true,"is_production":false,"ahead_count":null,"behind_count":null,"commit_at":1589215827,"ref":null,"remote_ref":"71025770cf923f656ba2375436a1bd85ac00affc","can":{}},{"name":"dev-tom-miller-gwb5","remote":"origin","remote_name":"dev-tom-miller-gwb5","error":null,"message":null,"owner_name":null,"readonly":true,"personal":true,"is_local":false,"is_remote":true,"is_production":false,"ahead_count":null,"behind_count":null,"commit_at":1589215827,"ref":null,"remote_ref":"71025770cf923f656ba2375436a1bd85ac00affc","can":{}},{"name":"dev-user-2wc6","remote":"origin","remote_name":"dev-user-2wc6","error":null,"message":null,"owner_name":null,"readonly":true,"personal":true,"is_local":false,"is_remote":true,"is_production":false,"ahead_count":null,"behind_count":null,"commit_at":1589215827,"ref":null,"remote_ref":"71025770cf923f656ba2375436a1bd85ac00affc","can":{}},{"name":"dev-user-gpvs","remote":"origin","remote_name":"dev-user-gpvs","error":null,"message":null,"owner_name":null,"readonly":true,"personal":true,"is_local":false,"is_remote":true,"is_production":false,"ahead_count":null,"behind_count":null,"commit_at":1589215827,"ref":null,"remote_ref":"71025770cf923f656ba2375436a1bd85ac00affc","can":{}},{"name":"dev-user-wccg","remote":"origin","remote_name":"dev-user-wccg","error":null,"message":null,"owner_name":null,"readonly":true,"personal":true,"is_local":false,"is_remote":true,"is_production":false,"ahead_count":null,"behind_count":null,"commit_at":1589215827,"ref":null,"remote_ref":"71025770cf923f656ba2375436a1bd85ac00affc","can":{}},{"name":"dev-user-znvr","remote":"origin","remote_name":"dev-user-znvr","error":null,"message":null,"owner_name":null,"readonly":true,"personal":true,"is_local":false,"is_remote":true,"is_production":false,"ahead_count":null,"behind_count":null,"commit_at":1589215827,"ref":null,"remote_ref":"71025770cf923f656ba2375436a1bd85ac00affc","can":{}}]'
    headers:
      Connection:
      - keep-alive
      Content-Length:
      - '13049'
      Content-Type:
      - application/json
      Date:
      - Mon, 04 Apr 2022 15:04:29 GMT
      Strict-Transport-Security:
      - max-age=15724800; includeSubDomains
      Vary:
      - Accept-Encoding
      - Accept-Encoding, Origin
      X-B3-ParentSpanId:
      - 2536ac073fe4b2a1
      X-B3-Sampled:
      - '0'
      X-B3-SpanId:
      - 2536ac073fe4b2a1
      X-B3-TraceId:
      - 624b08fcd29d53fe2536ac073fe4b2a1
      X-Content-Type-Options:
      - nosniff
    status:
      code: 200
      message: OK
version: 1
