interactions:
- request:
    body: '{"workspace_id": "production"}'
    headers:
      Content-Length:
      - '30'
      Content-Type:
      - application/json
      Cookie:
      - looker.browser=9851
    method: PATCH
    uri: https://spectacles.looker.com:19999/api/3.1/session
  response:
    body:
      string: '{"workspace_id":"production","sudo_user_id":null,"can":{"view":true,"update":true}}'
    headers:
      Connection:
      - keep-alive
      Content-Length:
      - '83'
      Content-Type:
      - application/json
      Date:
      - Mon, 12 Apr 2021 22:27:14 GMT
      Server:
      - nginx
      Vary:
      - Accept-Encoding, Origin
      X-B3-ParentSpanId:
      - 3236339727f20582
      X-B3-Sampled:
      - '0'
      X-B3-SpanId:
      - 3236339727f20582
      X-B3-TraceId:
      - 6074c9420a9ced423236339727f20582
      X-Content-Type-Options:
      - nosniff
    status:
      code: 200
      message: OK
- request:
    body: null
    headers:
      Cookie:
      - looker.browser=9851
    method: GET
    uri: https://spectacles.looker.com:19999/api/3.1/session
  response:
    body:
      string: '{"workspace_id":"production","sudo_user_id":null,"can":{"view":true,"update":true}}'
    headers:
      Connection:
      - keep-alive
      Content-Length:
      - '83'
      Content-Type:
      - application/json
      Date:
      - Mon, 12 Apr 2021 22:27:14 GMT
      Server:
      - nginx
      Vary:
      - Accept-Encoding, Origin
      X-B3-ParentSpanId:
      - 25cfdb52e295fe46
      X-B3-Sampled:
      - '0'
      X-B3-SpanId:
      - 25cfdb52e295fe46
      X-B3-TraceId:
      - 6074c942db63840625cfdb52e295fe46
      X-Content-Type-Options:
      - nosniff
    status:
      code: 200
      message: OK
- request:
    body: null
    headers:
      Cookie:
      - looker.browser=9851
    method: GET
    uri: https://spectacles.looker.com:19999/api/3.1/projects/eye_exam/git_branch
  response:
    body:
      string: '{"name":"master","remote":"origin","remote_name":"master","error":null,"message":null,"owner_name":null,"readonly":false,"personal":false,"is_local":true,"is_remote":true,"is_production":true,"ahead_count":0,"behind_count":0,"commit_at":1616610858,"ref":"e65f46cd514f9742c95458a7ef66400baefdf37f","remote_ref":"e65f46cd514f9742c95458a7ef66400baefdf37f","can":{}}'
    headers:
      Connection:
      - keep-alive
      Content-Length:
      - '362'
      Content-Type:
      - application/json
      Date:
      - Mon, 12 Apr 2021 22:27:14 GMT
      Server:
      - nginx
      Vary:
      - Accept-Encoding, Origin
      X-B3-ParentSpanId:
      - e5d2fc1d9369e4d1
      X-B3-Sampled:
      - '0'
      X-B3-SpanId:
      - e5d2fc1d9369e4d1
      X-B3-TraceId:
      - 6074c9421730fb81e5d2fc1d9369e4d1
      X-Content-Type-Options:
      - nosniff
    status:
      code: 200
      message: OK
- request:
    body: '{"workspace_id": "dev"}'
    headers:
      Content-Length:
      - '23'
      Content-Type:
      - application/json
      Cookie:
      - looker.browser=9851
    method: PATCH
    uri: https://spectacles.looker.com:19999/api/3.1/session
  response:
    body:
      string: '{"workspace_id":"dev","sudo_user_id":null,"can":{"view":true,"update":true}}'
    headers:
      Connection:
      - keep-alive
      Content-Length:
      - '76'
      Content-Type:
      - application/json
      Date:
      - Mon, 12 Apr 2021 22:27:14 GMT
      Server:
      - nginx
      Vary:
      - Accept-Encoding, Origin
      X-B3-ParentSpanId:
      - e54440cc284248fa
      X-B3-Sampled:
      - '0'
      X-B3-SpanId:
      - e54440cc284248fa
      X-B3-TraceId:
      - 6074c9421dc607a5e54440cc284248fa
      X-Content-Type-Options:
      - nosniff
    status:
      code: 200
      message: OK
- request:
    body: '{"name": "pytest"}'
    headers:
      Content-Length:
      - '18'
      Content-Type:
      - application/json
      Cookie:
      - looker.browser=9851
    method: PUT
    uri: https://spectacles.looker.com:19999/api/3.1/projects/eye_exam/git_branch
  response:
    body:
      string: '{"name":"pytest","remote":"origin","remote_name":"pytest","error":null,"message":null,"owner_name":null,"readonly":false,"personal":false,"is_local":true,"is_remote":true,"is_production":false,"ahead_count":0,"behind_count":0,"commit_at":1616610837,"ref":"853ff9f77a5c96bf36ec709ea34c1aa0bf0803ea","remote_ref":"853ff9f77a5c96bf36ec709ea34c1aa0bf0803ea","can":{}}'
    headers:
      Connection:
      - keep-alive
      Content-Length:
      - '363'
      Content-Type:
      - application/json
      Date:
      - Mon, 12 Apr 2021 22:27:15 GMT
      Server:
      - nginx
      Vary:
      - Accept-Encoding, Origin
      X-B3-ParentSpanId:
      - 1e6f9854108b40c5
      X-B3-Sampled:
      - '0'
      X-B3-SpanId:
      - 1e6f9854108b40c5
      X-B3-TraceId:
      - 6074c942f0f9d3221e6f9854108b40c5
      X-Content-Type-Options:
      - nosniff
    status:
      code: 200
      message: OK
- request:
    body: null
    headers:
      Cookie:
      - looker.browser=9851
    method: GET
    uri: https://spectacles.looker.com:19999/api/3.1/session
  response:
    body:
      string: '{"workspace_id":"dev","sudo_user_id":null,"can":{"view":true,"update":true}}'
    headers:
      Connection:
      - keep-alive
      Content-Length:
      - '76'
      Content-Type:
      - application/json
      Date:
      - Mon, 12 Apr 2021 22:27:15 GMT
      Server:
      - nginx
      Vary:
      - Accept-Encoding, Origin
      X-B3-ParentSpanId:
      - eaed505e3f78311c
      X-B3-Sampled:
      - '0'
      X-B3-SpanId:
      - eaed505e3f78311c
      X-B3-TraceId:
      - 6074c943f0a4207deaed505e3f78311c
      X-Content-Type-Options:
      - nosniff
    status:
      code: 200
      message: OK
- request:
    body: '{"workspace_id": "production"}'
    headers:
      Content-Length:
      - '30'
      Content-Type:
      - application/json
      Cookie:
      - looker.browser=9851
    method: PATCH
    uri: https://spectacles.looker.com:19999/api/3.1/session
  response:
    body:
      string: '{"workspace_id":"production","sudo_user_id":null,"can":{"view":true,"update":true}}'
    headers:
      Connection:
      - keep-alive
      Content-Length:
      - '83'
      Content-Type:
      - application/json
      Date:
      - Mon, 12 Apr 2021 22:27:15 GMT
      Server:
      - nginx
      Vary:
      - Accept-Encoding, Origin
      X-B3-ParentSpanId:
      - 40c95ccd9c415f46
      X-B3-Sampled:
      - '0'
      X-B3-SpanId:
      - 40c95ccd9c415f46
      X-B3-TraceId:
      - 6074c9432371761240c95ccd9c415f46
      X-Content-Type-Options:
      - nosniff
    status:
      code: 200
      message: OK
- request:
    body: null
    headers:
      Cookie:
      - looker.browser=9851
    method: GET
    uri: https://spectacles.looker.com:19999/api/3.1/session
  response:
    body:
      string: '{"workspace_id":"production","sudo_user_id":null,"can":{"view":true,"update":true}}'
    headers:
      Connection:
      - keep-alive
      Content-Length:
      - '83'
      Content-Type:
      - application/json
      Date:
      - Mon, 12 Apr 2021 22:27:15 GMT
      Server:
      - nginx
      Vary:
      - Accept-Encoding, Origin
      X-B3-ParentSpanId:
      - 43cbc3502c45de55
      X-B3-Sampled:
      - '0'
      X-B3-SpanId:
      - 43cbc3502c45de55
      X-B3-TraceId:
      - 6074c9435587e5c943cbc3502c45de55
      X-Content-Type-Options:
      - nosniff
    status:
      code: 200
      message: OK
version: 1
