interactions:
- request:
    body: '{"workspace_id": "production"}'
    headers:
      Content-Length:
      - '30'
      Content-Type:
      - application/json
      Cookie:
      - looker.browser=13521405
    method: PATCH
    uri: https://spectacles.looker.com:19999/api/3.1/session
  response:
    body:
      string: '{"workspace_id":"production","sudo_user_id":null,"can":{"view":true,"update":true}}'
    headers:
      Connection:
      - keep-alive
      Content-Length:
      - '83'
      Content-Type:
      - application/json
      Date:
      - Wed, 06 Apr 2022 18:12:27 GMT
      Strict-Transport-Security:
      - max-age=15724800; includeSubDomains
      Vary:
      - Accept-Encoding, Origin
      X-B3-ParentSpanId:
      - dabd4ad327e853e2
      X-B3-Sampled:
      - '0'
      X-B3-SpanId:
      - dabd4ad327e853e2
      X-B3-TraceId:
      - 624dd80b9ade7d0bdabd4ad327e853e2
      X-Content-Type-Options:
      - nosniff
    status:
      code: 200
      message: OK
- request:
    body: null
    headers:
      Cookie:
      - looker.browser=13521405
    method: GET
    uri: https://spectacles.looker.com:19999/api/3.1/projects/spectacles-advanced-deploy/git_branch
  response:
    body:
      string: '{"name":"master","remote":"origin","remote_name":"master","error":null,"message":null,"owner_name":null,"readonly":false,"personal":false,"is_local":true,"is_remote":true,"is_production":true,"ahead_count":0,"behind_count":0,"commit_at":1639134522,"ref":"0af495920bf685b83fd72207056c4fb7e09cf347","remote_ref":"0af495920bf685b83fd72207056c4fb7e09cf347","can":{}}'
    headers:
      Connection:
      - keep-alive
      Content-Length:
      - '362'
      Content-Type:
      - application/json
      Date:
      - Wed, 06 Apr 2022 18:12:27 GMT
      Strict-Transport-Security:
      - max-age=15724800; includeSubDomains
      Vary:
      - Accept-Encoding
      - Accept-Encoding, Origin
      X-B3-ParentSpanId:
      - 62d8292acd96d907
      X-B3-Sampled:
      - '0'
      X-B3-SpanId:
      - 62d8292acd96d907
      X-B3-TraceId:
      - 624dd80b465acd0b62d8292acd96d907
      X-Content-Type-Options:
      - nosniff
    status:
      code: 200
      message: OK
- request:
    body: null
    headers:
      Cookie:
      - looker.browser=13521405
    method: GET
    uri: https://spectacles.looker.com:19999/api/3.1/session
  response:
    body:
      string: '{"workspace_id":"production","sudo_user_id":null,"can":{"view":true,"update":true}}'
    headers:
      Connection:
      - keep-alive
      Content-Length:
      - '83'
      Content-Type:
      - application/json
      Date:
      - Wed, 06 Apr 2022 18:12:27 GMT
      Strict-Transport-Security:
      - max-age=15724800; includeSubDomains
      Vary:
      - Accept-Encoding, Origin
      X-B3-ParentSpanId:
      - 16b3741000cbbe2f
      X-B3-Sampled:
      - '0'
      X-B3-SpanId:
      - 16b3741000cbbe2f
      X-B3-TraceId:
      - 624dd80b01f25d8516b3741000cbbe2f
      X-Content-Type-Options:
      - nosniff
    status:
      code: 200
      message: OK
- request:
    body: null
    headers:
      Cookie:
      - looker.browser=13521405
    method: GET
    uri: https://spectacles.looker.com:19999/api/3.1/projects/spectacles-advanced-deploy/git_branch
  response:
    body:
      string: '{"name":"master","remote":"origin","remote_name":"master","error":null,"message":null,"owner_name":null,"readonly":false,"personal":false,"is_local":true,"is_remote":true,"is_production":true,"ahead_count":0,"behind_count":0,"commit_at":1639134522,"ref":"0af495920bf685b83fd72207056c4fb7e09cf347","remote_ref":"0af495920bf685b83fd72207056c4fb7e09cf347","can":{}}'
    headers:
      Connection:
      - keep-alive
      Content-Length:
      - '362'
      Content-Type:
      - application/json
      Date:
      - Wed, 06 Apr 2022 18:12:27 GMT
      Strict-Transport-Security:
      - max-age=15724800; includeSubDomains
      Vary:
      - Accept-Encoding
      - Accept-Encoding, Origin
      X-B3-ParentSpanId:
      - 93832c7ea1b78014
      X-B3-Sampled:
      - '0'
      X-B3-SpanId:
      - 93832c7ea1b78014
      X-B3-TraceId:
      - 624dd80bdcb19a3893832c7ea1b78014
      X-Content-Type-Options:
      - nosniff
    status:
      code: 200
      message: OK
- request:
    body: null
    headers:
      Cookie:
      - looker.browser=13521405
    method: GET
    uri: https://spectacles.looker.com:19999/api/3.1/session
  response:
    body:
      string: '{"workspace_id":"production","sudo_user_id":null,"can":{"view":true,"update":true}}'
    headers:
      Connection:
      - keep-alive
      Content-Length:
      - '83'
      Content-Type:
      - application/json
      Date:
      - Wed, 06 Apr 2022 18:12:27 GMT
      Strict-Transport-Security:
      - max-age=15724800; includeSubDomains
      Vary:
      - Accept-Encoding, Origin
      X-B3-ParentSpanId:
      - c4740eb8540285fb
      X-B3-Sampled:
      - '0'
      X-B3-SpanId:
      - c4740eb8540285fb
      X-B3-TraceId:
      - 624dd80b112eb481c4740eb8540285fb
      X-Content-Type-Options:
      - nosniff
    status:
      code: 200
      message: OK
version: 1
