interactions:
- request:
    body: '{"workspace_id": "dev"}'
    headers:
      Content-Length:
      - '23'
      Content-Type:
      - application/json
      Cookie:
      - looker.browser=21227535
    method: PATCH
    uri: https://spectacles.looker.com:19999/api/3.1/session
  response:
    body:
      string: '{"workspace_id":"dev","sudo_user_id":null,"can":{"view":true,"update":true}}'
    headers:
      Connection:
      - keep-alive
      Content-Length:
      - '76'
      Content-Type:
      - application/json
      Date:
      - Mon, 04 Apr 2022 15:48:32 GMT
      Strict-Transport-Security:
      - max-age=15724800; includeSubDomains
      Vary:
      - Accept-Encoding, Origin
      X-B3-ParentSpanId:
      - ac65ba53f199c1fe
      X-B3-Sampled:
      - '0'
      X-B3-SpanId:
      - ac65ba53f199c1fe
      X-B3-TraceId:
      - 624b1350fde5728dac65ba53f199c1fe
      X-Content-Type-Options:
      - nosniff
    status:
      code: 200
      message: OK
- request:
    body: '{"name": "pytest"}'
    headers:
      Content-Length:
      - '18'
      Content-Type:
      - application/json
      Cookie:
      - looker.browser=21227535
    method: PUT
    uri: https://spectacles.looker.com:19999/api/3.1/projects/eye_exam/git_branch
  response:
    body:
      string: '{"name":"pytest","remote":"origin","remote_name":"pytest","error":null,"message":null,"owner_name":null,"readonly":false,"personal":false,"is_local":true,"is_remote":true,"is_production":false,"ahead_count":0,"behind_count":0,"commit_at":1648832027,"ref":"742b118d314d2478a215aa02016c09e173deec7e","remote_ref":"742b118d314d2478a215aa02016c09e173deec7e","can":{}}'
    headers:
      Connection:
      - keep-alive
      Content-Length:
      - '363'
      Content-Type:
      - application/json
      Date:
      - Mon, 04 Apr 2022 15:48:33 GMT
      Strict-Transport-Security:
      - max-age=15724800; includeSubDomains
      Vary:
      - Accept-Encoding
      - Accept-Encoding, Origin
      X-B3-ParentSpanId:
      - f45fc853b5c347ac
      X-B3-Sampled:
      - '0'
      X-B3-SpanId:
      - f45fc853b5c347ac
      X-B3-TraceId:
      - 624b1350e1b68840f45fc853b5c347ac
      X-Content-Type-Options:
      - nosniff
    status:
      code: 200
      message: OK
- request:
    body: null
    headers:
      Cookie:
      - looker.browser=21227535
    method: GET
    uri: https://spectacles.looker.com:19999/api/3.1/session
  response:
    body:
      string: '{"workspace_id":"dev","sudo_user_id":null,"can":{"view":true,"update":true}}'
    headers:
      Connection:
      - keep-alive
      Content-Length:
      - '76'
      Content-Type:
      - application/json
      Date:
      - Mon, 04 Apr 2022 15:48:33 GMT
      Strict-Transport-Security:
      - max-age=15724800; includeSubDomains
      Vary:
      - Accept-Encoding, Origin
      X-B3-ParentSpanId:
      - eaf72b97d1878a19
      X-B3-Sampled:
      - '0'
      X-B3-SpanId:
      - eaf72b97d1878a19
      X-B3-TraceId:
      - 624b135151304d86eaf72b97d1878a19
      X-Content-Type-Options:
      - nosniff
    status:
      code: 200
      message: OK
- request:
    body: null
    headers:
      Cookie:
      - looker.browser=21227535
    method: GET
    uri: https://spectacles.looker.com:19999/api/3.1/projects/eye_exam/git_branch
  response:
    body:
      string: '{"name":"pytest","remote":"origin","remote_name":"pytest","error":null,"message":null,"owner_name":null,"readonly":false,"personal":false,"is_local":true,"is_remote":true,"is_production":false,"ahead_count":0,"behind_count":0,"commit_at":1648832027,"ref":"742b118d314d2478a215aa02016c09e173deec7e","remote_ref":"742b118d314d2478a215aa02016c09e173deec7e","can":{}}'
    headers:
      Connection:
      - keep-alive
      Content-Length:
      - '363'
      Content-Type:
      - application/json
      Date:
      - Mon, 04 Apr 2022 15:48:33 GMT
      Strict-Transport-Security:
      - max-age=15724800; includeSubDomains
      Vary:
      - Accept-Encoding
      - Accept-Encoding, Origin
      X-B3-ParentSpanId:
      - 50f27f618ed54a0f
      X-B3-Sampled:
      - '0'
      X-B3-SpanId:
      - 50f27f618ed54a0f
      X-B3-TraceId:
      - 624b13510eeb4eac50f27f618ed54a0f
      X-Content-Type-Options:
      - nosniff
    status:
      code: 200
      message: OK
- request:
    body: '{"name": "pytest"}'
    headers:
      Content-Length:
      - '18'
      Content-Type:
      - application/json
      Cookie:
      - looker.browser=21227535
    method: PUT
    uri: https://spectacles.looker.com:19999/api/3.1/projects/eye_exam/git_branch
  response:
    body:
      string: '{"name":"pytest","remote":"origin","remote_name":"pytest","error":null,"message":null,"owner_name":null,"readonly":false,"personal":false,"is_local":true,"is_remote":true,"is_production":false,"ahead_count":0,"behind_count":0,"commit_at":1648832027,"ref":"742b118d314d2478a215aa02016c09e173deec7e","remote_ref":"742b118d314d2478a215aa02016c09e173deec7e","can":{}}'
    headers:
      Connection:
      - keep-alive
      Content-Length:
      - '363'
      Content-Type:
      - application/json
      Date:
      - Mon, 04 Apr 2022 15:48:33 GMT
      Strict-Transport-Security:
      - max-age=15724800; includeSubDomains
      Vary:
      - Accept-Encoding
      - Accept-Encoding, Origin
      X-B3-ParentSpanId:
      - 82fea5c2d198355a
      X-B3-Sampled:
      - '0'
      X-B3-SpanId:
      - 82fea5c2d198355a
      X-B3-TraceId:
      - 624b1351294946c382fea5c2d198355a
      X-Content-Type-Options:
      - nosniff
    status:
      code: 200
      message: OK
- request:
    body: null
    headers:
      Cookie:
      - looker.browser=21227535
    method: GET
    uri: https://spectacles.looker.com:19999/api/3.1/projects/eye_exam/git_branch
  response:
    body:
      string: '{"name":"pytest","remote":"origin","remote_name":"pytest","error":null,"message":null,"owner_name":null,"readonly":false,"personal":false,"is_local":true,"is_remote":true,"is_production":false,"ahead_count":0,"behind_count":0,"commit_at":1648832027,"ref":"742b118d314d2478a215aa02016c09e173deec7e","remote_ref":"742b118d314d2478a215aa02016c09e173deec7e","can":{}}'
    headers:
      Connection:
      - keep-alive
      Content-Length:
      - '363'
      Content-Type:
      - application/json
      Date:
      - Mon, 04 Apr 2022 15:48:33 GMT
      Strict-Transport-Security:
      - max-age=15724800; includeSubDomains
      Vary:
      - Accept-Encoding
      - Accept-Encoding, Origin
      X-B3-ParentSpanId:
      - e1e7ff4adc60bef2
      X-B3-Sampled:
      - '0'
      X-B3-SpanId:
      - e1e7ff4adc60bef2
      X-B3-TraceId:
      - 624b1351dab67faae1e7ff4adc60bef2
      X-Content-Type-Options:
      - nosniff
    status:
      code: 200
      message: OK
- request:
    body: '{"name": "pytest"}'
    headers:
      Content-Length:
      - '18'
      Content-Type:
      - application/json
      Cookie:
      - looker.browser=21227535
    method: PUT
    uri: https://spectacles.looker.com:19999/api/3.1/projects/eye_exam/git_branch
  response:
    body:
      string: '{"name":"pytest","remote":"origin","remote_name":"pytest","error":null,"message":null,"owner_name":null,"readonly":false,"personal":false,"is_local":true,"is_remote":true,"is_production":false,"ahead_count":0,"behind_count":0,"commit_at":1648832027,"ref":"742b118d314d2478a215aa02016c09e173deec7e","remote_ref":"742b118d314d2478a215aa02016c09e173deec7e","can":{}}'
    headers:
      Connection:
      - keep-alive
      Content-Length:
      - '363'
      Content-Type:
      - application/json
      Date:
      - Mon, 04 Apr 2022 15:48:34 GMT
      Strict-Transport-Security:
      - max-age=15724800; includeSubDomains
      Vary:
      - Accept-Encoding
      - Accept-Encoding, Origin
      X-B3-ParentSpanId:
      - 5fbd8894f1a89cbc
      X-B3-Sampled:
      - '0'
      X-B3-SpanId:
      - 5fbd8894f1a89cbc
      X-B3-TraceId:
      - 624b13511fa8d69a5fbd8894f1a89cbc
      X-Content-Type-Options:
      - nosniff
    status:
      code: 200
      message: OK
- request:
    body: null
    headers:
      Cookie:
      - looker.browser=21227535
    method: GET
    uri: https://spectacles.looker.com:19999/api/3.1/projects/eye_exam/git_branch
  response:
    body:
      string: '{"name":"pytest","remote":"origin","remote_name":"pytest","error":null,"message":null,"owner_name":null,"readonly":false,"personal":false,"is_local":true,"is_remote":true,"is_production":false,"ahead_count":0,"behind_count":0,"commit_at":1648832027,"ref":"742b118d314d2478a215aa02016c09e173deec7e","remote_ref":"742b118d314d2478a215aa02016c09e173deec7e","can":{}}'
    headers:
      Connection:
      - keep-alive
      Content-Length:
      - '363'
      Content-Type:
      - application/json
      Date:
      - Mon, 04 Apr 2022 15:48:34 GMT
      Strict-Transport-Security:
      - max-age=15724800; includeSubDomains
      Vary:
      - Accept-Encoding
      - Accept-Encoding, Origin
      X-B3-ParentSpanId:
      - b8aa11eb7ce3c5c8
      X-B3-Sampled:
      - '0'
      X-B3-SpanId:
      - b8aa11eb7ce3c5c8
      X-B3-TraceId:
      - 624b135241f66d93b8aa11eb7ce3c5c8
      X-Content-Type-Options:
      - nosniff
    status:
      code: 200
      message: OK
version: 1
